Archive member included to satisfy reference by file (symbol)

/opt/st/stm32cubeide_2.1.0/plugins/com.st.stm32cube.ide.mcu.externaltools.gnu-tools-for-stm32.14.3.rel1.linux64_1.0.100.202602081740/tools/bin/../lib/gcc/arm-none-eabi/14.3.1/../../../../arm-none-eabi/lib/thumb/v7-m/nofp/libc_nano.a(libc_a-exit.o)
                              /opt/st/stm32cubeide_2.1.0/plugins/com.st.stm32cube.ide.mcu.externaltools.gnu-tools-for-stm32.14.3.rel1.linux64_1.0.100.202602081740/tools/bin/../lib/gcc/arm-none-eabi/14.3.1/../../../../arm-none-eabi/lib/thumb/v7-m/nofp/crt0.o (exit)
/opt/st/stm32cubeide_2.1.0/plugins/com.st.stm32cube.ide.mcu.externaltools.gnu-tools-for-stm32.14.3.rel1.linux64_1.0.100.202602081740/tools/bin/../lib/gcc/arm-none-eabi/14.3.1/../../../../arm-none-eabi/lib/thumb/v7-m/nofp/libc_nano.a(libc_a-findfp.o)
                              ./Middlewares/Third_Party/FreeRTOS/Source/tasks.o (__sf)
/opt/st/stm32cubeide_2.1.0/plugins/com.st.stm32cube.ide.mcu.externaltools.gnu-tools-for-stm32.14.3.rel1.linux64_1.0.100.202602081740/tools/bin/../lib/gcc/arm-none-eabi/14.3.1/../../../../arm-none-eabi/lib/thumb/v7-m/nofp/libc_nano.a(libc_a-fwalk.o)
                              /opt/st/stm32cubeide_2.1.0/plugins/com.st.stm32cube.ide.mcu.externaltools.gnu-tools-for-stm32.14.3.rel1.linux64_1.0.100.202602081740/tools/bin/../lib/gcc/arm-none-eabi/14.3.1/../../../../arm-none-eabi/lib/thumb/v7-m/nofp/libc_nano.a(libc_a-findfp.o) (_fwalk_sglue)
/opt/st/stm32cubeide_2.1.0/plugins/com.st.stm32cube.ide.mcu.externaltools.gnu-tools-for-stm32.14.3.rel1.linux64_1.0.100.202602081740/tools/bin/../lib/gcc/arm-none-eabi/14.3.1/../../../../arm-none-eabi/lib/thumb/v7-m/nofp/libc_nano.a(libc_a-stdio.o)
                              /opt/st/stm32cubeide_2.1.0/plugins/com.st.stm32cube.ide.mcu.externaltools.gnu-tools-for-stm32.14.3.rel1.linux64_1.0.100.202602081740/tools/bin/../lib/gcc/arm-none-eabi/14.3.1/../../../../arm-none-eabi/lib/thumb/v7-m/nofp/libc_nano.a(libc_a-findfp.o) (__sread)
/opt/st/stm32cubeide_2.1.0/plugins/com.st.stm32cube.ide.mcu.externaltools.gnu-tools-for-stm32.14.3.rel1.linux64_1.0.100.202602081740/tools/bin/../lib/gcc/arm-none-eabi/14.3.1/../../../../arm-none-eabi/lib/thumb/v7-m/nofp/libc_nano.a(libc_a-memcmp.o)
                              ./Core/Src/main.o (memcmp)
/opt/st/stm32cubeide_2.1.0/plugins/com.st.stm32cube.ide.mcu.externaltools.gnu-tools-for-stm32.14.3.rel1.linux64_1.0.100.202602081740/tools/bin/../lib/gcc/arm-none-eabi/14.3.1/../../../../arm-none-eabi/lib/thumb/v7-m/nofp/libc_nano.a(libc_a-memset.o)
                              /opt/st/stm32cubeide_2.1.0/plugins/com.st.stm32cube.ide.mcu.externaltools.gnu-tools-for-stm32.14.3.rel1.linux64_1.0.100.202602081740/tools/bin/../lib/gcc/arm-none-eabi/14.3.1/../../../../arm-none-eabi/lib/thumb/v7-m/nofp/crt0.o (memset)
/opt/st/stm32cubeide_2.1.0/plugins/com.st.stm32cube.ide.mcu.externaltools.gnu-tools-for-stm32.14.3.rel1.linux64_1.0.100.202602081740/tools/bin/../lib/gcc/arm-none-eabi/14.3.1/../../../../arm-none-eabi/lib/thumb/v7-m/nofp/libc_nano.a(libc_a-strncpy.o)
                              ./Core/Src/main.o (strncpy)
/opt/st/stm32cubeide_2.1.0/plugins/com.st.stm32cube.ide.mcu.externaltools.gnu-tools-for-stm32.14.3.rel1.linux64_1.0.100.202602081740/tools/bin/../lib/gcc/arm-none-eabi/14.3.1/../../../../arm-none-eabi/lib/thumb/v7-m/nofp/libc_nano.a(libc_a-closer.o)
                              /opt/st/stm32cubeide_2.1.0/plugins/com.st.stm32cube.ide.mcu.externaltools.gnu-tools-for-stm32.14.3.rel1.linux64_1.0.100.202602081740/tools/bin/../lib/gcc/arm-none-eabi/14.3.1/../../../../arm-none-eabi/lib/thumb/v7-m/nofp/libc_nano.a(libc_a-stdio.o) (_close_r)
/opt/st/stm32cubeide_2.1.0/plugins/com.st.stm32cube.ide.mcu.externaltools.gnu-tools-for-stm32.14.3.rel1.linux64_1.0.100.202602081740/tools/bin/../lib/gcc/arm-none-eabi/14.3.1/../../../../arm-none-eabi/lib/thumb/v7-m/nofp/libc_nano.a(libc_a-reent.o)
                              ./Middlewares/Third_Party/FreeRTOS/Source/tasks.o (_reclaim_reent)
/opt/st/stm32cubeide_2.1.0/plugins/com.st.stm32cube.ide.mcu.externaltools.gnu-tools-for-stm32.14.3.rel1.linux64_1.0.100.202602081740/tools/bin/../lib/gcc/arm-none-eabi/14.3.1/../../../../arm-none-eabi/lib/thumb/v7-m/nofp/libc_nano.a(libc_a-impure.o)
                              ./Middlewares/Third_Party/FreeRTOS/Source/tasks.o (_impure_ptr)
/opt/st/stm32cubeide_2.1.0/plugins/com.st.stm32cube.ide.mcu.externaltools.gnu-tools-for-stm32.14.3.rel1.linux64_1.0.100.202602081740/tools/bin/../lib/gcc/arm-none-eabi/14.3.1/../../../../arm-none-eabi/lib/thumb/v7-m/nofp/libc_nano.a(libc_a-lseekr.o)
                              /opt/st/stm32cubeide_2.1.0/plugins/com.st.stm32cube.ide.mcu.externaltools.gnu-tools-for-stm32.14.3.rel1.linux64_1.0.100.202602081740/tools/bin/../lib/gcc/arm-none-eabi/14.3.1/../../../../arm-none-eabi/lib/thumb/v7-m/nofp/libc_nano.a(libc_a-stdio.o) (_lseek_r)
[...]
Memory Configuration

Name             Origin             Length             Attributes
RAM              0x20000000         0x00005000         xrw
FLASH            0x08000000         0x00010000         xr
*default*        0x00000000         0xffffffff

Linker script and memory map

LOAD /opt/st/stm32cubeide_2.1.0/plugins/com.st.stm32cube.ide.mcu.externaltools.gnu-tools-for-stm32.14.3.rel1.linux64_1.0.100.202602081740/tools/bin/../lib/gcc/arm-none-eabi/14.3.1/thumb/v7-m/nofp/crti.o
LOAD /opt/st/stm32cubeide_2.1.0/plugins/com.st.stm32cube.ide.mcu.externaltools.gnu-tools-for-stm32.14.3.rel1.linux64_1.0.100.202602081740/tools/bin/../lib/gcc/arm-none-eabi/14.3.1/thumb/v7-m/nofp/crtbegin.o
LOAD /opt/st/stm32cubeide_2.1.0/plugins/com.st.stm32cube.ide.mcu.externaltools.gnu-tools-for-stm32.14.3.rel1.linux64_1.0.100.202602081740/tools/bin/../lib/gcc/arm-none-eabi/14.3.1/../../../../arm-none-eabi/lib/thumb/v7-m/nofp/crt0.o
LOAD ./Core/Src/freertos.o
LOAD ./Core/Src/funcoes_SPI_display.o
LOAD ./Core/Src/main.o
LOAD ./Core/Src/stm32f1xx_hal_msp.o
LOAD ./Core/Src/stm32f1xx_hal_timebase_tim.o
LOAD ./Core/Src/stm32f1xx_it.o
LOAD ./Core/Src/syscalls.o
LOAD ./Core/Src/sysmem.o
LOAD ./Core/Src/system_stm32f1xx.o
LOAD ./Core/Startup/startup_stm32f103c8tx.o
LOAD ./Drivers/STM32F1xx_HAL_Driver/Src/stm32f1xx_hal.o
LOAD ./Drivers/STM32F1xx_HAL_Driver/Src/stm32f1xx_hal_adc.o
LOAD ./Drivers/STM32F1xx_HAL_Driver/Src/stm32f1xx_hal_adc_ex.o
LOAD ./Drivers/STM32F1xx_HAL_Driver/Src/stm32f1xx_hal_cortex.o
LOAD ./Drivers/STM32F1xx_HAL_Driver/Src/stm32f1xx_hal_dma.o
LOAD ./Drivers/STM32F1xx_HAL_Driver/Src/stm32f1xx_hal_exti.o
LOAD ./Drivers/STM32F1xx_HAL_Driver/Src/stm32f1xx_hal_flash.o
LOAD ./Drivers/STM32F1xx_HAL_Driver/Src/stm32f1xx_hal_flash_ex.o
LOAD ./Drivers/STM32F1xx_HAL_Driver/Src/stm32f1xx_hal_gpio.o
LOAD ./Drivers/STM32F1xx_HAL_Driver/Src/stm32f1xx_hal_gpio_ex.o
LOAD ./Drivers/STM32F1xx_HAL_Driver/Src/stm32f1xx_hal_pwr.o
LOAD ./Drivers/STM32F1xx_HAL_Driver/Src/stm32f1xx_hal_rcc.o
LOAD ./Drivers/STM32F1xx_HAL_Driver/Src/stm32f1xx_hal_rcc_ex.o
LOAD ./Drivers/STM32F1xx_HAL_Driver/Src/stm32f1xx_hal_tim.o
LOAD ./Drivers/STM32F1xx_HAL_Driver/Src/stm32f1xx_hal_tim_ex.o
LOAD ./Drivers/STM32F1xx_HAL_Driver/Src/stm32f1xx_hal_uart.o
LOAD ./Middlewares/Third_Party/FreeRTOS/Source/CMSIS_RTOS_V2/cmsis_os2.o
LOAD ./Middlewares/Third_Party/FreeRTOS/Source/croutine.o
LOAD ./Middlewares/Third_Party/FreeRTOS/Source/event_groups.o
LOAD ./Middlewares/Third_Party/FreeRTOS/Source/list.o
LOAD ./Middlewares/Third_Party/FreeRTOS/Source/queue.o
LOAD ./Middlewares/Third_Party/FreeRTOS/Source/stream_buffer.o
LOAD ./Middlewares/Third_Party/FreeRTOS/Source/tasks.o
LOAD ./Middlewares/Third_Party/FreeRTOS/Source/timers.o
LOAD ./Middlewares/Third_Party/FreeRTOS/Source/portable/GCC/ARM_CM3/port.o
LOAD ./Middlewares/Third_Party/FreeRTOS/Source/portable/MemMang/heap_4.o
START GROUP
LOAD /opt/st/stm32cubeide_2.1.0/plugins/com.st.stm32cube.ide.mcu.externaltools.gnu-tools-for-stm32.14.3.rel1.linux64_1.0.100.202602081740/tools/bin/../lib/gcc/arm-none-eabi/14.3.1/../../../../arm-none-eabi/lib/thumb/v7-m/nofp/libc_nano.a
LOAD /opt/st/stm32cubeide_2.1.0/plugins/com.st.stm32cube.ide.mcu.externaltools.gnu-tools-for-stm32.14.3.rel1.linux64_1.0.100.202602081740/tools/bin/../lib/gcc/arm-none-eabi/14.3.1/../../../../arm-none-eabi/lib/thumb/v7-m/nofp/libm.a
END GROUP
START GROUP
LOAD /opt/st/stm32cubeide_2.1.0/plugins/com.st.stm32cube.ide.mcu.externaltools.gnu-tools-for-stm32.14.3.rel1.linux64_1.0.100.202602081740/tools/bin/../lib/gcc/arm-none-eabi/14.3.1/thumb/v7-m/nofp/libgcc.a
LOAD /opt/st/stm32cubeide_2.1.0/plugins/com.st.stm32cube.ide.mcu.externaltools.gnu-tools-for-stm32.14.3.rel1.linux64_1.0.100.202602081740/tools/bin/../lib/gcc/arm-none-eabi/14.3.1/../../../../arm-none-eabi/lib/thumb/v7-m/nofp/libc_nano.a
END GROUP
START GROUP
LOAD /opt/st/stm32cubeide_2.1.0/plugins/com.st.stm32cube.ide.mcu.externaltools.gnu-tools-for-stm32.14.3.rel1.linux64_1.0.100.202602081740/tools/bin/../lib/gcc/arm-none-eabi/14.3.1/thumb/v7-m/nofp/libgcc.a
LOAD /opt/st/stm32cubeide_2.1.0/plugins/com.st.stm32cube.ide.mcu.externaltools.gnu-tools-for-stm32.14.3.rel1.linux64_1.0.100.202602081740/tools/bin/../lib/gcc/arm-none-eabi/14.3.1/../../../../arm-none-eabi/lib/thumb/v7-m/nofp/libc_nano.a
LOAD /opt/st/stm32cubeide_2.1.0/plugins/com.st.stm32cube.ide.mcu.externaltools.gnu-tools-for-stm32.14.3.rel1.linux64_1.0.100.202602081740/tools/bin/../lib/gcc/arm-none-eabi/14.3.1/../../../../arm-none-eabi/lib/thumb/v7-m/nofp/libnosys.a
END GROUP
START GROUP
LOAD /opt/st/stm32cubeide_2.1.0/plugins/com.st.stm32cube.ide.mcu.externaltools.gnu-tools-for-stm32.14.3.rel1.linux64_1.0.100.202602081740/tools/bin/../lib/gcc/arm-none-eabi/14.3.1/thumb/v7-m/nofp/libgcc.a
LOAD /opt/st/stm32cubeide_2.1.0/plugins/com.st.stm32cube.ide.mcu.externaltools.gnu-tools-for-stm32.14.3.rel1.linux64_1.0.100.202602081740/tools/bin/../lib/gcc/arm-none-eabi/14.3.1/../../../../arm-none-eabi/lib/thumb/v7-m/nofp/libc_nano.a
LOAD /opt/st/stm32cubeide_2.1.0/plugins/com.st.stm32cube.ide.mcu.externaltools.gnu-tools-for-stm32.14.3.rel1.linux64_1.0.100.202602081740/tools/bin/../lib/gcc/arm-none-eabi/14.3.1/../../../../arm-none-eabi/lib/thumb/v7-m/nofp/libnosys.a
END GROUP
LOAD /opt/st/stm32cubeide_2.1.0/plugins/com.st.stm32cube.ide.mcu.externaltools.gnu-tools-for-stm32.14.3.rel1.linux64_1.0.100.202602081740/tools/bin/../lib/gcc/arm-none-eabi/14.3.1/thumb/v7-m/nofp/crtend.o
LOAD /opt/st/stm32cubeide_2.1.0/plugins/com.st.stm32cube.ide.mcu.externaltools.gnu-tools-for-stm32.14.3.rel1.linux64_1.0.100.202602081740/tools/bin/../lib/gcc/arm-none-eabi/14.3.1/thumb/v7-m/nofp/crtn.o
                0x20005000                        _estack = (ORIGIN (RAM) + LENGTH (RAM))
                0x00000200                        _Min_Heap_Size = 0x200
                0x00000400                        _Min_Stack_Size = 0x400

.isr_vector     0x08000000      0x10c
                0x08000000                        . = ALIGN (0x4)
 *(.isr_vector)
 .isr_vector    0x08000000      0x10c ./Core/Startup/startup_stm32f103c8tx.o
                0x08000000                g_pfnVectors
                0x0800010c                        . = ALIGN (0x4)

.text           0x08000110     0x8484
                0x08000110                        . = ALIGN (0x4)
 *(.text)
 .text          0x08000110       0x40 /opt/st/stm32cubeide_2.1.0/plugins/com.st.stm32cube.ide.mcu.externaltools.gnu-tools-for-stm32.14.3.rel1.linux64_1.0.100.202602081740/tools/bin/../lib/gcc/arm-none-eabi/14.3.1/thumb/v7-m/nofp/crtbegin.o
 *(.text*)
 .text.vApplicationTickHook
                0x08000150        0xc ./Core/Src/freertos.o
                0x08000150                vApplicationTickHook
 .text.conv_7_seg
                0x0800015c      0x124 ./Core/Src/funcoes_SPI_display.o
                0x0800015c                conv_7_seg
 .text.serializar
                0x08000280       0x90 ./Core/Src/funcoes_SPI_display.o
                0x08000280                serializar
 .text.mostrar_no_display
                0x08000310      0x180 ./Core/Src/funcoes_SPI_display.o
                0x08000310                mostrar_no_display
 .text.main     0x08000490      0x110 ./Core/Src/main.o
                0x08000490                main
 .text.SystemClock_Config
                0x080005a0       0xb6 ./Core/Src/main.o
                0x080005a0                SystemClock_Config
 .text.MX_NVIC_Init
                0x08000656       0x58 ./Core/Src/main.o
 *fill*         0x080006ae        0x2 
 .text.MX_ADC1_Init
                0x080006b0       0x7c ./Core/Src/main.o
 .text.MX_USART1_UART_Init
                0x0800072c       0x54 ./Core/Src/main.o
 .text.MX_DMA_Init
                0x08000780       0x4c ./Core/Src/main.o
 .text.MX_GPIO_Init
                0x080007cc       0xcc ./Core/Src/main.o
 .text.HAL_ADC_ConvCpltCallback
                0x08000898       0xf8 ./Core/Src/main.o
                0x08000898                HAL_ADC_ConvCpltCallback
 .text.HAL_UART_RxCpltCallback
                0x08000990       0x60 ./Core/Src/main.o
                0x08000990                HAL_UART_RxCpltCallback
 .text.StartDefaultTask
                0x080009f0       0x10 ./Core/Src/main.o
                0x080009f0                StartDefaultTask
 .text.checaBotao
                0x08000a00      0x144 ./Core/Src/main.o
                0x08000a00                checaBotao
 .text.mostraDisplay
                0x08000b44      0x32c ./Core/Src/main.o
                0x08000b44                mostraDisplay
 .text.UART_TX  0x08000e70      0x1ec ./Core/Src/main.o
                0x08000e70                UART_TX
 .text.UART_RX  0x0800105c      0x320 ./Core/Src/main.o
                0x0800105c                UART_RX
 .text.HAL_TIM_PeriodElapsedCallback
                0x0800137c      0x35c ./Core/Src/main.o
                0x0800137c                HAL_TIM_PeriodElapsedCallback
 .text.Error_Handler
                0x080016d8        0xc ./Core/Src/main.o
                0x080016d8                Error_Handler
 .text.HAL_MspInit
                0x080016e4       0x70 ./Core/Src/stm32f1xx_hal_msp.o
                0x080016e4                HAL_MspInit
 .text.HAL_ADC_MspInit
                0x08001754       0x78 ./Core/Src/stm32f1xx_hal_msp.o
                0x08001754                HAL_ADC_MspInit
 .text.HAL_UART_MspInit
                0x080017cc      0x140 ./Core/Src/stm32f1xx_hal_msp.o
                0x080017cc                HAL_UART_MspInit
 .text.HAL_InitTick
                0x0800190c       0xfc ./Core/Src/stm32f1xx_hal_timebase_tim.o
                0x0800190c                HAL_InitTick
 .text.NMI_Handler
                0x08001a08        0x8 ./Core/Src/stm32f1xx_it.o
                0x08001a08                NMI_Handler
 .text.HardFault_Handler
                0x08001a10        0x8 ./Core/Src/stm32f1xx_it.o
                0x08001a10                HardFault_Handler
 .text.MemManage_Handler
                0x08001a18        0x8 ./Core/Src/stm32f1xx_it.o
                0x08001a18                MemManage_Handler
 .text.BusFault_Handler
                0x08001a20        0x8 ./Core/Src/stm32f1xx_it.o
                0x08001a20                BusFault_Handler
 .text.UsageFault_Handler
                0x08001a28        0x8 ./Core/Src/stm32f1xx_it.o
                0x08001a28                UsageFault_Handler
 .text.DebugMon_Handler
                0x08001a30        0xc ./Core/Src/stm32f1xx_it.o
                0x08001a30                DebugMon_Handler
 .text.EXTI1_IRQHandler
                0x08001a3c        0xe ./Core/Src/stm32f1xx_it.o
                0x08001a3c                EXTI1_IRQHandler
 .text.EXTI2_IRQHandler
                0x08001a4a        0xe ./Core/Src/stm32f1xx_it.o
                0x08001a4a                EXTI2_IRQHandler
 .text.EXTI3_IRQHandler
                0x08001a58        0xe ./Core/Src/stm32f1xx_it.o
                0x08001a58                EXTI3_IRQHandler
 *fill*         0x08001a66        0x2 
 .text.DMA1_Channel4_IRQHandler
                0x08001a68       0x14 ./Core/Src/stm32f1xx_it.o
                0x08001a68                DMA1_Channel4_IRQHandler
 .text.DMA1_Channel5_IRQHandler
                0x08001a7c       0x14 ./Core/Src/stm32f1xx_it.o
                0x08001a7c                DMA1_Channel5_IRQHandler
 .text.ADC1_2_IRQHandler
                0x08001a90       0x14 ./Core/Src/stm32f1xx_it.o
                0x08001a90                ADC1_2_IRQHandler
 .text.TIM4_IRQHandler
                0x08001aa4       0x14 ./Core/Src/stm32f1xx_it.o
                0x08001aa4                TIM4_IRQHandler
 .text.USART1_IRQHandler
                0x08001ab8       0x14 ./Core/Src/stm32f1xx_it.o
                0x08001ab8                USART1_IRQHandler
 .text.SystemInit
                0x08001acc        0xc ./Core/Src/system_stm32f1xx.o
                0x08001acc                SystemInit
 .text.Reset_Handler
                0x08001ad8       0x48 ./Core/Startup/startup_stm32f103c8tx.o
                0x08001ad8                Reset_Handler
 .text.Default_Handler
                0x08001b20        0x2 ./Core/Startup/startup_stm32f103c8tx.o
                0x08001b20                RTC_Alarm_IRQHandler
                0x08001b20                TIM1_CC_IRQHandler
                0x08001b20                PVD_IRQHandler
                0x08001b20                EXTI0_IRQHandler
                0x08001b20                I2C2_EV_IRQHandler
                0x08001b20                SPI1_IRQHandler
                0x08001b20                TAMPER_IRQHandler
                0x08001b20                USART3_IRQHandler
                0x08001b20                RTC_IRQHandler
                0x08001b20                DMA1_Channel7_IRQHandler
                0x08001b20                CAN1_RX1_IRQHandler
                0x08001b20                I2C1_EV_IRQHandler
                0x08001b20                DMA1_Channel6_IRQHandler
                0x08001b20                TIM3_IRQHandler
                0x08001b20                RCC_IRQHandler
                0x08001b20                TIM1_TRG_COM_IRQHandler
                0x08001b20                DMA1_Channel1_IRQHandler
                0x08001b20                Default_Handler
                0x08001b20                EXTI15_10_IRQHandler
                0x08001b20                EXTI9_5_IRQHandler
                0x08001b20                SPI2_IRQHandler
                0x08001b20                EXTI4_IRQHandler
                0x08001b20                USB_LP_CAN1_RX0_IRQHandler
                0x08001b20                USB_HP_CAN1_TX_IRQHandler
                0x08001b20                DMA1_Channel3_IRQHandler
                0x08001b20                TIM1_UP_IRQHandler
                0x08001b20                WWDG_IRQHandler
                0x08001b20                TIM2_IRQHandler
                0x08001b20                TIM1_BRK_IRQHandler
                0x08001b20                USART2_IRQHandler
                0x08001b20                I2C2_ER_IRQHandler
                0x08001b20                DMA1_Channel2_IRQHandler
                0x08001b20                CAN1_SCE_IRQHandler
                0x08001b20                FLASH_IRQHandler
                0x08001b20                I2C1_ER_IRQHandler
                0x08001b20                USBWakeUp_IRQHandler
 *fill*         0x08001b22        0x2 
 .text.HAL_Init
                0x08001b24       0x2c ./Drivers/STM32F1xx_HAL_Driver/Src/stm32f1xx_hal.o
                0x08001b24                HAL_Init
 .text.HAL_IncTick
                0x08001b50       0x24 ./Drivers/STM32F1xx_HAL_Driver/Src/stm32f1xx_hal.o
                0x08001b50                HAL_IncTick
 .text.HAL_GetTick
                0x08001b74       0x14 ./Drivers/STM32F1xx_HAL_Driver/Src/stm32f1xx_hal.o
                0x08001b74                HAL_GetTick
 .text.HAL_ADC_Init
                0x08001b88      0x1b0 ./Drivers/STM32F1xx_HAL_Driver/Src/stm32f1xx_hal_adc.o
                0x08001b88                HAL_ADC_Init
 .text.HAL_ADC_Start_IT
                0x08001d38      0x16c ./Drivers/STM32F1xx_HAL_Driver/Src/stm32f1xx_hal_adc.o
                0x08001d38                HAL_ADC_Start_IT
 .text.HAL_ADC_GetValue
                0x08001ea4       0x18 ./Drivers/STM32F1xx_HAL_Driver/Src/stm32f1xx_hal_adc.o
                0x08001ea4                HAL_ADC_GetValue
 .text.HAL_ADC_IRQHandler
                0x08001ebc      0x17e ./Drivers/STM32F1xx_HAL_Driver/Src/stm32f1xx_hal_adc.o
                0x08001ebc                HAL_ADC_IRQHandler
 .text.HAL_ADC_LevelOutOfWindowCallback
                0x0800203a       0x12 ./Drivers/STM32F1xx_HAL_Driver/Src/stm32f1xx_hal_adc.o
                0x0800203a                HAL_ADC_LevelOutOfWindowCallback
 .text.HAL_ADC_ConfigChannel
                0x0800204c      0x1f0 ./Drivers/STM32F1xx_HAL_Driver/Src/stm32f1xx_hal_adc.o
                0x0800204c                HAL_ADC_ConfigChannel
 .text.ADC_Enable
                0x0800223c       0xb4 ./Drivers/STM32F1xx_HAL_Driver/Src/stm32f1xx_hal_adc.o
                0x0800223c                ADC_Enable
 .text.ADC_ConversionStop_Disable
                0x080022f0       0x82 ./Drivers/STM32F1xx_HAL_Driver/Src/stm32f1xx_hal_adc.o
                0x080022f0                ADC_ConversionStop_Disable
 .text.HAL_ADCEx_InjectedConvCpltCallback
                0x08002372       0x12 ./Drivers/STM32F1xx_HAL_Driver/Src/stm32f1xx_hal_adc_ex.o
                0x08002372                HAL_ADCEx_InjectedConvCpltCallback
 .text.__NVIC_SetPriorityGrouping
                0x08002384       0x48 ./Drivers/STM32F1xx_HAL_Driver/Src/stm32f1xx_hal_cortex.o
 .text.__NVIC_GetPriorityGrouping
                0x080023cc       0x1c ./Drivers/STM32F1xx_HAL_Driver/Src/stm32f1xx_hal_cortex.o
 .text.__NVIC_EnableIRQ
                0x080023e8       0x38 ./Drivers/STM32F1xx_HAL_Driver/Src/stm32f1xx_hal_cortex.o
 .text.__NVIC_SetPriority
                0x08002420       0x54 ./Drivers/STM32F1xx_HAL_Driver/Src/stm32f1xx_hal_cortex.o
 .text.NVIC_EncodePriority
                0x08002474       0x64 ./Drivers/STM32F1xx_HAL_Driver/Src/stm32f1xx_hal_cortex.o
 .text.HAL_NVIC_SetPriorityGrouping
                0x080024d8       0x16 ./Drivers/STM32F1xx_HAL_Driver/Src/stm32f1xx_hal_cortex.o
                0x080024d8                HAL_NVIC_SetPriorityGrouping
 .text.HAL_NVIC_SetPriority
                0x080024ee       0x38 ./Drivers/STM32F1xx_HAL_Driver/Src/stm32f1xx_hal_cortex.o
                0x080024ee                HAL_NVIC_SetPriority
 .text.HAL_NVIC_EnableIRQ
                0x08002526       0x1c ./Drivers/STM32F1xx_HAL_Driver/Src/stm32f1xx_hal_cortex.o
                0x08002526                HAL_NVIC_EnableIRQ
 *fill*         0x08002542        0x2 
 .text.HAL_DMA_Init
                0x08002544       0xb4 ./Drivers/STM32F1xx_HAL_Driver/Src/stm32f1xx_hal_dma.o
                0x08002544                HAL_DMA_Init
 .text.HAL_DMA_Start_IT
                0x080025f8       0xc0 ./Drivers/STM32F1xx_HAL_Driver/Src/stm32f1xx_hal_dma.o
                0x080025f8                HAL_DMA_Start_IT
 .text.HAL_DMA_Abort
                0x080026b8       0x76 ./Drivers/STM32F1xx_HAL_Driver/Src/stm32f1xx_hal_dma.o
                0x080026b8                HAL_DMA_Abort
 *fill*         0x0800272e        0x2 
 .text.HAL_DMA_Abort_IT
                0x08002730       0xf0 ./Drivers/STM32F1xx_HAL_Driver/Src/stm32f1xx_hal_dma.o
                0x08002730                HAL_DMA_Abort_IT
 .text.HAL_DMA_IRQHandler
                0x08002820      0x20c ./Drivers/STM32F1xx_HAL_Driver/Src/stm32f1xx_hal_dma.o
                0x08002820                HAL_DMA_IRQHandler
 .text.DMA_SetConfig
                0x08002a2c       0x5a ./Drivers/STM32F1xx_HAL_Driver/Src/stm32f1xx_hal_dma.o
 *fill*         0x08002a86        0x2 
 .text.HAL_GPIO_Init
                0x08002a88      0x308 ./Drivers/STM32F1xx_HAL_Driver/Src/stm32f1xx_hal_gpio.o
                0x08002a88                HAL_GPIO_Init
 .text.HAL_GPIO_ReadPin
                0x08002d90       0x2e ./Drivers/STM32F1xx_HAL_Driver/Src/stm32f1xx_hal_gpio.o
                0x08002d90                HAL_GPIO_ReadPin
 .text.HAL_GPIO_WritePin
                0x08002dbe       0x30 ./Drivers/STM32F1xx_HAL_Driver/Src/stm32f1xx_hal_gpio.o
                0x08002dbe                HAL_GPIO_WritePin
 *fill*         0x08002dee        0x2 
 .text.HAL_GPIO_EXTI_IRQHandler
                0x08002df0       0x30 ./Drivers/STM32F1xx_HAL_Driver/Src/stm32f1xx_hal_gpio.o
                0x08002df0                HAL_GPIO_EXTI_IRQHandler
 .text.HAL_GPIO_EXTI_Callback
                0x08002e20       0x14 ./Drivers/STM32F1xx_HAL_Driver/Src/stm32f1xx_hal_gpio.o
                0x08002e20                HAL_GPIO_EXTI_Callback
 .text.HAL_RCC_OscConfig
                0x08002e34      0x504 ./Drivers/STM32F1xx_HAL_Driver/Src/stm32f1xx_hal_rcc.o
                0x08002e34                HAL_RCC_OscConfig
 .text.HAL_RCC_ClockConfig
                0x08003338      0x1d4 ./Drivers/STM32F1xx_HAL_Driver/Src/stm32f1xx_hal_rcc.o
                0x08003338                HAL_RCC_ClockConfig
 .text.HAL_RCC_GetSysClockFreq
                0x0800350c       0xa8 ./Drivers/STM32F1xx_HAL_Driver/Src/stm32f1xx_hal_rcc.o
                0x0800350c                HAL_RCC_GetSysClockFreq
 .text.HAL_RCC_GetHCLKFreq
                0x080035b4       0x14 ./Drivers/STM32F1xx_HAL_Driver/Src/stm32f1xx_hal_rcc.o
                0x080035b4                HAL_RCC_GetHCLKFreq
 .text.HAL_RCC_GetPCLK1Freq
                0x080035c8       0x28 ./Drivers/STM32F1xx_HAL_Driver/Src/stm32f1xx_hal_rcc.o
                0x080035c8                HAL_RCC_GetPCLK1Freq
 .text.HAL_RCC_GetPCLK2Freq
                0x080035f0       0x28 ./Drivers/STM32F1xx_HAL_Driver/Src/stm32f1xx_hal_rcc.o
                0x080035f0                HAL_RCC_GetPCLK2Freq
 .text.HAL_RCC_GetClockConfig
                0x08003618       0x60 ./Drivers/STM32F1xx_HAL_Driver/Src/stm32f1xx_hal_rcc.o
                0x08003618                HAL_RCC_GetClockConfig
 .text.RCC_Delay
                0x08003678       0x3c ./Drivers/STM32F1xx_HAL_Driver/Src/stm32f1xx_hal_rcc.o
 .text.HAL_RCCEx_PeriphCLKConfig
                0x080036b4      0x16c ./Drivers/STM32F1xx_HAL_Driver/Src/stm32f1xx_hal_rcc_ex.o
                0x080036b4                HAL_RCCEx_PeriphCLKConfig
 .text.HAL_TIM_Base_Init
                0x08003820       0x9e ./Drivers/STM32F1xx_HAL_Driver/Src/stm32f1xx_hal_tim.o
                0x08003820                HAL_TIM_Base_Init
 .text.HAL_TIM_Base_MspInit
                0x080038be       0x12 ./Drivers/STM32F1xx_HAL_Driver/Src/stm32f1xx_hal_tim.o
                0x080038be                HAL_TIM_Base_MspInit
 .text.HAL_TIM_Base_Start_IT
                0x080038d0       0xa4 ./Drivers/STM32F1xx_HAL_Driver/Src/stm32f1xx_hal_tim.o
                0x080038d0                HAL_TIM_Base_Start_IT
 .text.HAL_TIM_IRQHandler
                0x08003974      0x1e0 ./Drivers/STM32F1xx_HAL_Driver/Src/stm32f1xx_hal_tim.o
                0x08003974                HAL_TIM_IRQHandler
 .text.HAL_TIM_OC_DelayElapsedCallback
                0x08003b54       0x12 ./Drivers/STM32F1xx_HAL_Driver/Src/stm32f1xx_hal_tim.o
                0x08003b54                HAL_TIM_OC_DelayElapsedCallback
 .text.HAL_TIM_IC_CaptureCallback
                0x08003b66       0x12 ./Drivers/STM32F1xx_HAL_Driver/Src/stm32f1xx_hal_tim.o
                0x08003b66                HAL_TIM_IC_CaptureCallback
 .text.HAL_TIM_PWM_PulseFinishedCallback
                0x08003b78       0x12 ./Drivers/STM32F1xx_HAL_Driver/Src/stm32f1xx_hal_tim.o
                0x08003b78                HAL_TIM_PWM_PulseFinishedCallback
 .text.HAL_TIM_TriggerCallback
                0x08003b8a       0x12 ./Drivers/STM32F1xx_HAL_Driver/Src/stm32f1xx_hal_tim.o
                0x08003b8a                HAL_TIM_TriggerCallback
 .text.TIM_Base_SetConfig
                0x08003b9c       0xdc ./Drivers/STM32F1xx_HAL_Driver/Src/stm32f1xx_hal_tim.o
                0x08003b9c                TIM_Base_SetConfig
 .text.HAL_TIMEx_CommutCallback
                0x08003c78       0x12 ./Drivers/STM32F1xx_HAL_Driver/Src/stm32f1xx_hal_tim_ex.o
                0x08003c78                HAL_TIMEx_CommutCallback
 .text.HAL_TIMEx_BreakCallback
                0x08003c8a       0x12 ./Drivers/STM32F1xx_HAL_Driver/Src/stm32f1xx_hal_tim_ex.o
                0x08003c8a                HAL_TIMEx_BreakCallback
 .text.HAL_UART_Init
                0x08003c9c       0xa0 ./Drivers/STM32F1xx_HAL_Driver/Src/stm32f1xx_hal_uart.o
                0x08003c9c                HAL_UART_Init
 .text.HAL_UART_Transmit_DMA
                0x08003d3c       0xe0 ./Drivers/STM32F1xx_HAL_Driver/Src/stm32f1xx_hal_uart.o
                0x08003d3c                HAL_UART_Transmit_DMA
 .text.HAL_UART_Receive_DMA
                0x08003e1c       0x4a ./Drivers/STM32F1xx_HAL_Driver/Src/stm32f1xx_hal_uart.o
                0x08003e1c                HAL_UART_Receive_DMA
 *fill*         0x08003e66        0x2 
 .text.HAL_UART_IRQHandler
                0x08003e68      0x524 ./Drivers/STM32F1xx_HAL_Driver/Src/stm32f1xx_hal_uart.o
                0x08003e68                HAL_UART_IRQHandler
 .text.HAL_UART_TxCpltCallback
                0x0800438c       0x12 ./Drivers/STM32F1xx_HAL_Driver/Src/stm32f1xx_hal_uart.o
                0x0800438c                HAL_UART_TxCpltCallback
 .text.HAL_UART_TxHalfCpltCallback
                0x0800439e       0x12 ./Drivers/STM32F1xx_HAL_Driver/Src/stm32f1xx_hal_uart.o
                0x0800439e                HAL_UART_TxHalfCpltCallback
 .text.HAL_UART_RxHalfCpltCallback
                0x080043b0       0x12 ./Drivers/STM32F1xx_HAL_Driver/Src/stm32f1xx_hal_uart.o
                0x080043b0                HAL_UART_RxHalfCpltCallback
 .text.HAL_UART_ErrorCallback
                0x080043c2       0x12 ./Drivers/STM32F1xx_HAL_Driver/Src/stm32f1xx_hal_uart.o
                0x080043c2                HAL_UART_ErrorCallback
 .text.HAL_UARTEx_RxEventCallback
                0x080043d4       0x16 ./Drivers/STM32F1xx_HAL_Driver/Src/stm32f1xx_hal_uart.o
                0x080043d4                HAL_UARTEx_RxEventCallback
 .text.UART_DMATransmitCplt
                0x080043ea       0x9a ./Drivers/STM32F1xx_HAL_Driver/Src/stm32f1xx_hal_uart.o
 .text.UART_DMATxHalfCplt
                0x08004484       0x1c ./Drivers/STM32F1xx_HAL_Driver/Src/stm32f1xx_hal_uart.o
 .text.UART_DMAReceiveCplt
                0x080044a0      0x12c ./Drivers/STM32F1xx_HAL_Driver/Src/stm32f1xx_hal_uart.o
 .text.UART_DMARxHalfCplt
                0x080045cc       0x3c ./Drivers/STM32F1xx_HAL_Driver/Src/stm32f1xx_hal_uart.o
 .text.UART_DMAError
                0x08004608       0x94 ./Drivers/STM32F1xx_HAL_Driver/Src/stm32f1xx_hal_uart.o
 .text.UART_Start_Receive_DMA
                0x0800469c      0x134 ./Drivers/STM32F1xx_HAL_Driver/Src/stm32f1xx_hal_uart.o
                0x0800469c                UART_Start_Receive_DMA
 .text.UART_EndTxTransfer
                0x080047d0       0x4e ./Drivers/STM32F1xx_HAL_Driver/Src/stm32f1xx_hal_uart.o
 .text.UART_EndRxTransfer
                0x0800481e       0xc4 ./Drivers/STM32F1xx_HAL_Driver/Src/stm32f1xx_hal_uart.o
 .text.UART_DMAAbortOnError
                0x080048e2       0x28 ./Drivers/STM32F1xx_HAL_Driver/Src/stm32f1xx_hal_uart.o
 .text.UART_Transmit_IT
                0x0800490a       0x9e ./Drivers/STM32F1xx_HAL_Driver/Src/stm32f1xx_hal_uart.o
 .text.UART_EndTransmit_IT
                0x080049a8       0x30 ./Drivers/STM32F1xx_HAL_Driver/Src/stm32f1xx_hal_uart.o
 .text.UART_Receive_IT
                0x080049d8      0x17c ./Drivers/STM32F1xx_HAL_Driver/Src/stm32f1xx_hal_uart.o
 .text.UART_SetConfig
                0x08004b54      0x11c ./Drivers/STM32F1xx_HAL_Driver/Src/stm32f1xx_hal_uart.o
 .text.__NVIC_SetPriority
                0x08004c70       0x54 ./Middlewares/Third_Party/FreeRTOS/Source/CMSIS_RTOS_V2/cmsis_os2.o
 .text.SysTick_Handler
                0x08004cc4       0x20 ./Middlewares/Third_Party/FreeRTOS/Source/CMSIS_RTOS_V2/cmsis_os2.o
                0x08004cc4                SysTick_Handler
 .text.SVC_Setup
                0x08004ce4       0x12 ./Middlewares/Third_Party/FreeRTOS/Source/CMSIS_RTOS_V2/cmsis_os2.o
 *fill*         0x08004cf6        0x2 
 .text.osKernelInitialize
                0x08004cf8       0x44 ./Middlewares/Third_Party/FreeRTOS/Source/CMSIS_RTOS_V2/cmsis_os2.o
                0x08004cf8                osKernelInitialize
 .text.osKernelStart
                0x08004d3c       0x4c ./Middlewares/Third_Party/FreeRTOS/Source/CMSIS_RTOS_V2/cmsis_os2.o
                0x08004d3c                osKernelStart
 .text.osThreadNew
                0x08004d88      0x124 ./Middlewares/Third_Party/FreeRTOS/Source/CMSIS_RTOS_V2/cmsis_os2.o
                0x08004d88                osThreadNew
 .text.osDelay  0x08004eac       0x36 ./Middlewares/Third_Party/FreeRTOS/Source/CMSIS_RTOS_V2/cmsis_os2.o
                0x08004eac                osDelay
 .text.osMutexNew
                0x08004ee2      0x10c ./Middlewares/Third_Party/FreeRTOS/Source/CMSIS_RTOS_V2/cmsis_os2.o
                0x08004ee2                osMutexNew
 .text.osMutexAcquire
                0x08004fee       0x96 ./Middlewares/Third_Party/FreeRTOS/Source/CMSIS_RTOS_V2/cmsis_os2.o
                0x08004fee                osMutexAcquire
 .text.osMutexRelease
                0x08005084       0x7a ./Middlewares/Third_Party/FreeRTOS/Source/CMSIS_RTOS_V2/cmsis_os2.o
                0x08005084                osMutexRelease
 .text.osMessageQueueNew
                0x080050fe       0xe6 ./Middlewares/Third_Party/FreeRTOS/Source/CMSIS_RTOS_V2/cmsis_os2.o
                0x080050fe                osMessageQueueNew
 .text.osMessageQueuePut
                0x080051e4       0xc0 ./Middlewares/Third_Party/FreeRTOS/Source/CMSIS_RTOS_V2/cmsis_os2.o
                0x080051e4                osMessageQueuePut
 .text.osMessageQueueGet
                0x080052a4       0xbc ./Middlewares/Third_Party/FreeRTOS/Source/CMSIS_RTOS_V2/cmsis_os2.o
                0x080052a4                osMessageQueueGet
 .text.vApplicationGetIdleTaskMemory
                0x08005360       0x30 ./Middlewares/Third_Party/FreeRTOS/Source/CMSIS_RTOS_V2/cmsis_os2.o
                0x08005360                vApplicationGetIdleTaskMemory
 .text.vApplicationGetTimerTaskMemory
                0x08005390       0x30 ./Middlewares/Third_Party/FreeRTOS/Source/CMSIS_RTOS_V2/cmsis_os2.o
                0x08005390                vApplicationGetTimerTaskMemory
 .text.vListInitialise
                0x080053c0       0x3e ./Middlewares/Third_Party/FreeRTOS/Source/list.o
                0x080053c0                vListInitialise
 .text.vListInitialiseItem
                0x080053fe       0x18 ./Middlewares/Third_Party/FreeRTOS/Source/list.o
                0x080053fe                vListInitialiseItem
 .text.vListInsertEnd
                0x08005416       0x46 ./Middlewares/Third_Party/FreeRTOS/Source/list.o
                0x08005416                vListInsertEnd
 .text.vListInsert
                0x0800545c       0x70 ./Middlewares/Third_Party/FreeRTOS/Source/list.o
                0x0800545c                vListInsert
 .text.uxListRemove
                0x080054cc       0x52 ./Middlewares/Third_Party/FreeRTOS/Source/list.o
                0x080054cc                uxListRemove
 *fill*         0x0800551e        0x2 
 .text.xQueueGenericReset
                0x08005520       0xd4 ./Middlewares/Third_Party/FreeRTOS/Source/queue.o
                0x08005520                xQueueGenericReset
 .text.xQueueGenericCreateStatic
                0x080055f4       0xfa ./Middlewares/Third_Party/FreeRTOS/Source/queue.o
                0x080055f4                xQueueGenericCreateStatic
 .text.xQueueGenericCreate
                0x080056ee       0x76 ./Middlewares/Third_Party/FreeRTOS/Source/queue.o
                0x080056ee                xQueueGenericCreate
 .text.prvInitialiseNewQueue
                0x08005764       0x46 ./Middlewares/Third_Party/FreeRTOS/Source/queue.o
 .text.prvInitialiseMutex
                0x080057aa       0x34 ./Middlewares/Third_Party/FreeRTOS/Source/queue.o
 .text.xQueueCreateMutex
                0x080057de       0x30 ./Middlewares/Third_Party/FreeRTOS/Source/queue.o
                0x080057de                xQueueCreateMutex
 .text.xQueueCreateMutexStatic
                0x0800580e       0x36 ./Middlewares/Third_Party/FreeRTOS/Source/queue.o
                0x0800580e                xQueueCreateMutexStatic
 .text.xQueueGiveMutexRecursive
                0x08005844       0x6a ./Middlewares/Third_Party/FreeRTOS/Source/queue.o
                0x08005844                xQueueGiveMutexRecursive
 .text.xQueueTakeMutexRecursive
                0x080058ae       0x6e ./Middlewares/Third_Party/FreeRTOS/Source/queue.o
                0x080058ae                xQueueTakeMutexRecursive
 .text.xQueueGenericSend
                0x0800591c      0x204 ./Middlewares/Third_Party/FreeRTOS/Source/queue.o
                0x0800591c                xQueueGenericSend
 .text.xQueueGenericSendFromISR
                0x08005b20      0x13c ./Middlewares/Third_Party/FreeRTOS/Source/queue.o
                0x08005b20                xQueueGenericSendFromISR
 .text.xQueueReceive
                0x08005c5c      0x1c4 ./Middlewares/Third_Party/FreeRTOS/Source/queue.o
                0x08005c5c                xQueueReceive
 .text.xQueueSemaphoreTake
                0x08005e20      0x220 ./Middlewares/Third_Party/FreeRTOS/Source/queue.o
                0x08005e20                xQueueSemaphoreTake
 .text.xQueueReceiveFromISR
                0x08006040      0x104 ./Middlewares/Third_Party/FreeRTOS/Source/queue.o
                0x08006040                xQueueReceiveFromISR
 .text.prvGetDisinheritPriorityAfterTimeout
                0x08006144       0x2e ./Middlewares/Third_Party/FreeRTOS/Source/queue.o
 .text.prvCopyDataToQueue
                0x08006172       0xd4 ./Middlewares/Third_Party/FreeRTOS/Source/queue.o
 .text.prvCopyDataFromQueue
                0x08006246       0x4c ./Middlewares/Third_Party/FreeRTOS/Source/queue.o
 .text.prvUnlockQueue
                0x08006292       0xa4 ./Middlewares/Third_Party/FreeRTOS/Source/queue.o
 .text.prvIsQueueEmpty
                0x08006336       0x2c ./Middlewares/Third_Party/FreeRTOS/Source/queue.o
 .text.prvIsQueueFull
                0x08006362       0x30 ./Middlewares/Third_Party/FreeRTOS/Source/queue.o
 *fill*         0x08006392        0x2 
 .text.vQueueAddToRegistry
                0x08006394       0x50 ./Middlewares/Third_Party/FreeRTOS/Source/queue.o
                0x08006394                vQueueAddToRegistry
 .text.vQueueWaitForMessageRestricted
                0x080063e4       0x68 ./Middlewares/Third_Party/FreeRTOS/Source/queue.o
                0x080063e4                vQueueWaitForMessageRestricted
 .text.xTaskCreateStatic
                0x0800644c       0xc0 ./Middlewares/Third_Party/FreeRTOS/Source/tasks.o
                0x0800644c                xTaskCreateStatic
 .text.xTaskCreate
                0x0800650c       0x8a ./Middlewares/Third_Party/FreeRTOS/Source/tasks.o
                0x0800650c                xTaskCreate
 *fill*         0x08006596        0x2 
 .text.prvInitialiseNewTask
                0x08006598      0x150 ./Middlewares/Third_Party/FreeRTOS/Source/tasks.o
 .text.prvAddNewTaskToReadyList
                0x080066e8       0xe0 ./Middlewares/Third_Party/FreeRTOS/Source/tasks.o
 .text.vTaskDelay
                0x080067c8       0x6c ./Middlewares/Third_Party/FreeRTOS/Source/tasks.o
                0x080067c8                vTaskDelay
 .text.vTaskStartScheduler
                0x08006834       0xe0 ./Middlewares/Third_Party/FreeRTOS/Source/tasks.o
                0x08006834                vTaskStartScheduler
 .text.vTaskSuspendAll
                0x08006914       0x1c ./Middlewares/Third_Party/FreeRTOS/Source/tasks.o
                0x08006914                vTaskSuspendAll
 .text.xTaskResumeAll
                0x08006930      0x13c ./Middlewares/Third_Party/FreeRTOS/Source/tasks.o
                0x08006930                xTaskResumeAll
 .text.xTaskGetTickCount
                0x08006a6c       0x1c ./Middlewares/Third_Party/FreeRTOS/Source/tasks.o
                0x08006a6c                xTaskGetTickCount
 .text.xTaskIncrementTick
                0x08006a88      0x184 ./Middlewares/Third_Party/FreeRTOS/Source/tasks.o
                0x08006a88                xTaskIncrementTick
 .text.vTaskSwitchContext
                0x08006c0c       0xc8 ./Middlewares/Third_Party/FreeRTOS/Source/tasks.o
                0x08006c0c                vTaskSwitchContext
 .text.vTaskPlaceOnEventList
                0x08006cd4       0x4c ./Middlewares/Third_Party/FreeRTOS/Source/tasks.o
                0x08006cd4                vTaskPlaceOnEventList
 .text.vTaskPlaceOnEventListRestricted
                0x08006d20       0x58 ./Middlewares/Third_Party/FreeRTOS/Source/tasks.o
                0x08006d20                vTaskPlaceOnEventListRestricted
 .text.xTaskRemoveFromEventList
                0x08006d78       0xc8 ./Middlewares/Third_Party/FreeRTOS/Source/tasks.o
                0x08006d78                xTaskRemoveFromEventList
 .text.vTaskInternalSetTimeOutState
                0x08006e40       0x2c ./Middlewares/Third_Party/FreeRTOS/Source/tasks.o
                0x08006e40                vTaskInternalSetTimeOutState
 .text.xTaskCheckForTimeOut
                0x08006e6c       0xc8 ./Middlewares/Third_Party/FreeRTOS/Source/tasks.o
                0x08006e6c                xTaskCheckForTimeOut
 .text.vTaskMissedYield
                0x08006f34       0x18 ./Middlewares/Third_Party/FreeRTOS/Source/tasks.o
                0x08006f34                vTaskMissedYield
 .text.prvIdleTask
                0x08006f4c       0x30 ./Middlewares/Third_Party/FreeRTOS/Source/tasks.o
 .text.prvInitialiseTaskLists
                0x08006f7c       0x80 ./Middlewares/Third_Party/FreeRTOS/Source/tasks.o
 .text.prvCheckTasksWaitingTermination
                0x08006ffc       0x5c ./Middlewares/Third_Party/FreeRTOS/Source/tasks.o
 .text.prvDeleteTCB
                0x08007058       0x6a ./Middlewares/Third_Party/FreeRTOS/Source/tasks.o
 *fill*         0x080070c2        0x2 
 .text.prvResetNextTaskUnblockTime
                0x080070c4       0x40 ./Middlewares/Third_Party/FreeRTOS/Source/tasks.o
 .text.xTaskGetCurrentTaskHandle
                0x08007104       0x1c ./Middlewares/Third_Party/FreeRTOS/Source/tasks.o
                0x08007104                xTaskGetCurrentTaskHandle
 .text.xTaskGetSchedulerState
                0x08007120       0x3c ./Middlewares/Third_Party/FreeRTOS/Source/tasks.o
                0x08007120                xTaskGetSchedulerState
 .text.xTaskPriorityInherit
                0x0800715c       0xd0 ./Middlewares/Third_Party/FreeRTOS/Source/tasks.o
                0x0800715c                xTaskPriorityInherit
 .text.xTaskPriorityDisinherit
                0x0800722c       0xe0 ./Middlewares/Third_Party/FreeRTOS/Source/tasks.o
                0x0800722c                xTaskPriorityDisinherit
 .text.vTaskPriorityDisinheritAfterTimeout
                0x0800730c      0x108 ./Middlewares/Third_Party/FreeRTOS/Source/tasks.o
                0x0800730c                vTaskPriorityDisinheritAfterTimeout
 .text.pvTaskIncrementMutexHeldCount
                0x08007414       0x28 ./Middlewares/Third_Party/FreeRTOS/Source/tasks.o
                0x08007414                pvTaskIncrementMutexHeldCount
 .text.prvAddCurrentTaskToDelayedList
                0x0800743c       0xa8 ./Middlewares/Third_Party/FreeRTOS/Source/tasks.o
 .text.xTimerCreateTimerTask
                0x080074e4       0x94 ./Middlewares/Third_Party/FreeRTOS/Source/timers.o
                0x080074e4                xTimerCreateTimerTask
 .text.xTimerGenericCommand
                0x08007578       0x9c ./Middlewares/Third_Party/FreeRTOS/Source/timers.o
                0x08007578                xTimerGenericCommand
 .text.prvProcessExpiredTimer
                0x08007614       0x9c ./Middlewares/Third_Party/FreeRTOS/Source/timers.o
 .text.prvTimerTask
                0x080076b0       0x26 ./Middlewares/Third_Party/FreeRTOS/Source/timers.o
 *fill*         0x080076d6        0x2 
 .text.prvProcessTimerOrBlockTask
                0x080076d8       0x9c ./Middlewares/Third_Party/FreeRTOS/Source/timers.o
 .text.prvGetNextExpireTime
                0x08007774       0x44 ./Middlewares/Third_Party/FreeRTOS/Source/timers.o
 .text.prvSampleTimeNow
                0x080077b8       0x40 ./Middlewares/Third_Party/FreeRTOS/Source/timers.o
 .text.prvInsertTimerInActiveList
                0x080077f8       0x84 ./Middlewares/Third_Party/FreeRTOS/Source/timers.o
 .text.prvProcessReceivedCommands
                0x0800787c      0x1cc ./Middlewares/Third_Party/FreeRTOS/Source/timers.o
 .text.prvSwitchTimerLists
                0x08007a48       0xcc ./Middlewares/Third_Party/FreeRTOS/Source/timers.o
 .text.prvCheckForValidListAndQueue
                0x08007b14       0x80 ./Middlewares/Third_Party/FreeRTOS/Source/timers.o
 .text.pxPortInitialiseStack
                0x08007b94       0x58 ./Middlewares/Third_Party/FreeRTOS/Source/portable/GCC/ARM_CM3/port.o
                0x08007b94                pxPortInitialiseStack
 .text.prvTaskExitError
                0x08007bec       0x58 ./Middlewares/Third_Party/FreeRTOS/Source/portable/GCC/ARM_CM3/port.o
 *fill*         0x08007c44        0xc 
 .text.SVC_Handler
                0x08007c50       0x28 ./Middlewares/Third_Party/FreeRTOS/Source/portable/GCC/ARM_CM3/port.o
                0x08007c50                SVC_Handler
 .text.prvPortStartFirstTask
                0x08007c78       0x20 ./Middlewares/Third_Party/FreeRTOS/Source/portable/GCC/ARM_CM3/port.o
 .text.xPortStartScheduler
                0x08007c98       0xe4 ./Middlewares/Third_Party/FreeRTOS/Source/portable/GCC/ARM_CM3/port.o
                0x08007c98                xPortStartScheduler
 .text.vPortEnterCritical
                0x08007d7c       0x60 ./Middlewares/Third_Party/FreeRTOS/Source/portable/GCC/ARM_CM3/port.o
                0x08007d7c                vPortEnterCritical
 .text.vPortExitCritical
                0x08007ddc       0x54 ./Middlewares/Third_Party/FreeRTOS/Source/portable/GCC/ARM_CM3/port.o
                0x08007ddc                vPortExitCritical
 .text.PendSV_Handler
                0x08007e30       0x48 ./Middlewares/Third_Party/FreeRTOS/Source/portable/GCC/ARM_CM3/port.o
                0x08007e30                PendSV_Handler
 .text.xPortSysTickHandler
                0x08007e78       0x44 ./Middlewares/Third_Party/FreeRTOS/Source/portable/GCC/ARM_CM3/port.o
                0x08007e78                xPortSysTickHandler
 .text.vPortSetupTimerInterrupt
                0x08007ebc       0x44 ./Middlewares/Third_Party/FreeRTOS/Source/portable/GCC/ARM_CM3/port.o
                0x08007ebc                vPortSetupTimerInterrupt
 .text.vPortValidateInterruptPriority
                0x08007f00       0x80 ./Middlewares/Third_Party/FreeRTOS/Source/portable/GCC/ARM_CM3/port.o
                0x08007f00                vPortValidateInterruptPriority
 .text.pvPortMalloc
                0x08007f80      0x19c ./Middlewares/Third_Party/FreeRTOS/Source/portable/MemMang/heap_4.o
                0x08007f80                pvPortMalloc
 .text.vPortFree
                0x0800811c       0xc8 ./Middlewares/Third_Party/FreeRTOS/Source/portable/MemMang/heap_4.o
                0x0800811c                vPortFree
 .text.prvHeapInit
                0x080081e4       0xc4 ./Middlewares/Third_Party/FreeRTOS/Source/portable/MemMang/heap_4.o
 .text.prvInsertBlockIntoFreeList
                0x080082a8       0xb0 ./Middlewares/Third_Party/FreeRTOS/Source/portable/MemMang/heap_4.o
 .text.memcmp   0x08008358       0x20 /opt/st/stm32cubeide_2.1.0/plugins/com.st.stm32cube.ide.mcu.externaltools.gnu-tools-for-stm32.14.3.rel1.linux64_1.0.100.202602081740/tools/bin/../lib/gcc/arm-none-eabi/14.3.1/../../../../arm-none-eabi/lib/thumb/v7-m/nofp/libc_nano.a(libc_a-memcmp.o)
                0x08008358                memcmp
 .text.memset   0x08008378       0x10 /opt/st/stm32cubeide_2.1.0/plugins/com.st.stm32cube.ide.mcu.externaltools.gnu-tools-for-stm32.14.3.rel1.linux64_1.0.100.202602081740/tools/bin/../lib/gcc/arm-none-eabi/14.3.1/../../../../arm-none-eabi/lib/thumb/v7-m/nofp/libc_nano.a(libc_a-memset.o)
                0x08008378                memset
 .text.strncpy  0x08008388       0x26 /opt/st/stm32cubeide_2.1.0/plugins/com.st.stm32cube.ide.mcu.externaltools.gnu-tools-for-stm32.14.3.rel1.linux64_1.0.100.202602081740/tools/bin/../lib/gcc/arm-none-eabi/14.3.1/../../../../arm-none-eabi/lib/thumb/v7-m/nofp/libc_nano.a(libc_a-strncpy.o)
                0x08008388                strncpy
 *fill*         0x080083ae        0x2 
 .text._reclaim_reent
                0x080083b0       0xbc /opt/st/stm32cubeide_2.1.0/plugins/com.st.stm32cube.ide.mcu.externaltools.gnu-tools-for-stm32.14.3.rel1.linux64_1.0.100.202602081740/tools/bin/../lib/gcc/arm-none-eabi/14.3.1/../../../../arm-none-eabi/lib/thumb/v7-m/nofp/libc_nano.a(libc_a-reent.o)
                0x080083b0                _reclaim_reent
 .text.__libc_init_array
                0x0800846c       0x48 /opt/st/stm32cubeide_2.1.0/plugins/com.st.stm32cube.ide.mcu.externaltools.gnu-tools-for-stm32.14.3.rel1.linux64_1.0.100.202602081740/tools/bin/../lib/gcc/arm-none-eabi/14.3.1/../../../../arm-none-eabi/lib/thumb/v7-m/nofp/libc_nano.a(libc_a-init.o)
                0x0800846c                __libc_init_array
 .text.__retarget_lock_acquire_recursive
                0x080084b4        0x2 /opt/st/stm32cubeide_2.1.0/plugins/com.st.stm32cube.ide.mcu.externaltools.gnu-tools-for-stm32.14.3.rel1.linux64_1.0.100.202602081740/tools/bin/../lib/gcc/arm-none-eabi/14.3.1/../../../../arm-none-eabi/lib/thumb/v7-m/nofp/libc_nano.a(libc_a-lock.o)
                0x080084b4                __retarget_lock_acquire_recursive
 .text.__retarget_lock_release_recursive
                0x080084b6        0x2 /opt/st/stm32cubeide_2.1.0/plugins/com.st.stm32cube.ide.mcu.externaltools.gnu-tools-for-stm32.14.3.rel1.linux64_1.0.100.202602081740/tools/bin/../lib/gcc/arm-none-eabi/14.3.1/../../../../arm-none-eabi/lib/thumb/v7-m/nofp/libc_nano.a(libc_a-lock.o)
                0x080084b6                __retarget_lock_release_recursive
 .text.memcpy   0x080084b8       0x1c /opt/st/stm32cubeide_2.1.0/plugins/com.st.stm32cube.ide.mcu.externaltools.gnu-tools-for-stm32.14.3.rel1.linux64_1.0.100.202602081740/tools/bin/../lib/gcc/arm-none-eabi/14.3.1/../../../../arm-none-eabi/lib/thumb/v7-m/nofp/libc_nano.a(libc_a-memcpy-stub.o)
                0x080084b8                memcpy
 .text._free_r  0x080084d4       0x90 /opt/st/stm32cubeide_2.1.0/plugins/com.st.stm32cube.ide.mcu.externaltools.gnu-tools-for-stm32.14.3.rel1.linux64_1.0.100.202602081740/tools/bin/../lib/gcc/arm-none-eabi/14.3.1/../../../../arm-none-eabi/lib/thumb/v7-m/nofp/libc_nano.a(libc_a-freer.o)
                0x080084d4                _free_r
 .text.__malloc_lock
                0x08008564        0xc /opt/st/stm32cubeide_2.1.0/plugins/com.st.stm32cube.ide.mcu.externaltools.gnu-tools-for-stm32.14.3.rel1.linux64_1.0.100.202602081740/tools/bin/../lib/gcc/arm-none-eabi/14.3.1/../../../../arm-none-eabi/lib/thumb/v7-m/nofp/libc_nano.a(libc_a-mlock.o)
                0x08008564                __malloc_lock
 .text.__malloc_unlock
                0x08008570        0xc /opt/st/stm32cubeide_2.1.0/plugins/com.st.stm32cube.ide.mcu.externaltools.gnu-tools-for-stm32.14.3.rel1.linux64_1.0.100.202602081740/tools/bin/../lib/gcc/arm-none-eabi/14.3.1/../../../../arm-none-eabi/lib/thumb/v7-m/nofp/libc_nano.a(libc_a-mlock.o)
                0x08008570                __malloc_unlock
 *(.glue_7)
 .glue_7        0x0800857c        0x0 linker stubs
 *(.glue_7t)
 .glue_7t       0x0800857c        0x0 linker stubs
 *(.eh_frame)
 .eh_frame      0x0800857c        0x0 /opt/st/stm32cubeide_2.1.0/plugins/com.st.stm32cube.ide.mcu.externaltools.gnu-tools-for-stm32.14.3.rel1.linux64_1.0.100.202602081740/tools/bin/../lib/gcc/arm-none-eabi/14.3.1/thumb/v7-m/nofp/crtbegin.o
 *(.init)
 .init          0x0800857c        0x4 /opt/st/stm32cubeide_2.1.0/plugins/com.st.stm32cube.ide.mcu.externaltools.gnu-tools-for-stm32.14.3.rel1.linux64_1.0.100.202602081740/tools/bin/../lib/gcc/arm-none-eabi/14.3.1/thumb/v7-m/nofp/crti.o
                0x0800857c                _init
 .init          0x08008580        0x8 /opt/st/stm32cubeide_2.1.0/plugins/com.st.stm32cube.ide.mcu.externaltools.gnu-tools-for-stm32.14.3.rel1.linux64_1.0.100.202602081740/tools/bin/../lib/gcc/arm-none-eabi/14.3.1/thumb/v7-m/nofp/crtn.o
 *(.fini)
 .fini          0x08008588        0x4 /opt/st/stm32cubeide_2.1.0/plugins/com.st.stm32cube.ide.mcu.externaltools.gnu-tools-for-stm32.14.3.rel1.linux64_1.0.100.202602081740/tools/bin/../lib/gcc/arm-none-eabi/14.3.1/thumb/v7-m/nofp/crti.o
                0x08008588                _fini
 .fini          0x0800858c        0x8 /opt/st/stm32cubeide_2.1.0/plugins/com.st.stm32cube.ide.mcu.externaltools.gnu-tools-for-stm32.14.3.rel1.linux64_1.0.100.202602081740/tools/bin/../lib/gcc/arm-none-eabi/14.3.1/thumb/v7-m/nofp/crtn.o
                0x08008594                        . = ALIGN (0x4)
                0x08008594                        _etext = .

.vfp11_veneer   0x08008594        0x0
 .vfp11_veneer  0x08008594        0x0 linker stubs

.v4_bx          0x08008594        0x0
 .v4_bx         0x08008594        0x0 linker stubs

.iplt           0x08008594        0x0
 .iplt          0x08008594        0x0 /opt/st/stm32cubeide_2.1.0/plugins/com.st.stm32cube.ide.mcu.externaltools.gnu-tools-for-stm32.14.3.rel1.linux64_1.0.100.202602081740/tools/bin/../lib/gcc/arm-none-eabi/14.3.1/thumb/v7-m/nofp/crtbegin.o

.rodata         0x08008594      0x200
                0x08008594                        . = ALIGN (0x4)
 *(.rodata)
 .rodata        0x08008594       0xb6 ./Core/Src/main.o
 *fill*         0x0800864a        0x2 
 .rodata        0x0800864c        0x5 ./Middlewares/Third_Party/FreeRTOS/Source/tasks.o
 *fill*         0x08008651        0x3 
 .rodata        0x08008654        0xd ./Middlewares/Third_Party/FreeRTOS/Source/timers.o
 *(.rodata*)
 *fill*         0x08008661        0x3 
 .rodata.defaultTask_attributes
                0x08008664       0x24 ./Core/Src/main.o
                0x08008664                defaultTask_attributes
 .rodata.fn_checaBotao_attributes
                0x08008688       0x24 ./Core/Src/main.o
                0x08008688                fn_checaBotao_attributes
 .rodata.fn_mostraDispla_attributes
                0x080086ac       0x24 ./Core/Src/main.o
                0x080086ac                fn_mostraDispla_attributes
 .rodata.fn_UART_TX_attributes
                0x080086d0       0x24 ./Core/Src/main.o
                0x080086d0                fn_UART_TX_attributes
 .rodata.fn_UART_RX_attributes
                0x080086f4       0x24 ./Core/Src/main.o
                0x080086f4                fn_UART_RX_attributes
 .rodata.fila_uart_eventos_attributes
                0x08008718       0x18 ./Core/Src/main.o
                0x08008718                fila_uart_eventos_attributes
 .rodata.fila_uart_tx_attributes
                0x08008730       0x18 ./Core/Src/main.o
                0x08008730                fila_uart_tx_attributes
 .rodata.estadoMutex_attributes
                0x08008748       0x10 ./Core/Src/main.o
                0x08008748                estadoMutex_attributes
 .rodata.bufOutMutex_attributes
                0x08008758       0x10 ./Core/Src/main.o
                0x08008758                bufOutMutex_attributes
 .rodata.AHBPrescTable
                0x08008768       0x10 ./Core/Src/system_stm32f1xx.o
                0x08008768                AHBPrescTable
 .rodata.APBPrescTable
                0x08008778        0x8 ./Core/Src/system_stm32f1xx.o
                0x08008778                APBPrescTable
 .rodata.aPLLMULFactorTable.1
                0x08008780       0x10 ./Drivers/STM32F1xx_HAL_Driver/Src/stm32f1xx_hal_rcc.o
 .rodata.aPredivFactorTable.0
                0x08008790        0x2 ./Drivers/STM32F1xx_HAL_Driver/Src/stm32f1xx_hal_rcc.o
                0x08008794                        . = ALIGN (0x4)
 *fill*         0x08008792        0x2 

.ARM.extab      0x08008794        0x0
                0x08008794                        . = ALIGN (0x4)
 *(.ARM.extab* .gnu.linkonce.armextab.*)
                0x08008794                        . = ALIGN (0x4)

.ARM            0x08008794        0x0
                0x08008794                        . = ALIGN (0x4)
                0x08008794                        __exidx_start = .
 *(.ARM.exidx*)
                0x08008794                        __exidx_end = .
                0x08008794                        . = ALIGN (0x4)

.preinit_array  0x08008794        0x0
                0x08008794                        . = ALIGN (0x4)
                0x08008794                        PROVIDE (__preinit_array_start = .)
 *(.preinit_array*)
                0x08008794                        PROVIDE (__preinit_array_end = .)
                0x08008794                        . = ALIGN (0x4)

.init_array     0x08008794        0x4
                0x08008794                        . = ALIGN (0x4)
                0x08008794                        PROVIDE (__init_array_start = .)
 *(SORT_BY_NAME(.init_array.*))
 *(.init_array*)
 .init_array    0x08008794        0x4 /opt/st/stm32cubeide_2.1.0/plugins/com.st.stm32cube.ide.mcu.externaltools.gnu-tools-for-stm32.14.3.rel1.linux64_1.0.100.202602081740/tools/bin/../lib/gcc/arm-none-eabi/14.3.1/thumb/v7-m/nofp/crtbegin.o
                0x08008798                        PROVIDE (__init_array_end = .)
                0x08008798                        . = ALIGN (0x4)

.fini_array     0x08008798        0x4
                0x08008798                        . = ALIGN (0x4)
                [!provide]                        PROVIDE (__fini_array_start = .)
 *(SORT_BY_NAME(.fini_array.*))
 *(.fini_array*)
 .fini_array    0x08008798        0x4 /opt/st/stm32cubeide_2.1.0/plugins/com.st.stm32cube.ide.mcu.externaltools.gnu-tools-for-stm32.14.3.rel1.linux64_1.0.100.202602081740/tools/bin/../lib/gcc/arm-none-eabi/14.3.1/thumb/v7-m/nofp/crtbegin.o
                [!provide]                        PROVIDE (__fini_array_end = .)
                0x0800879c                        . = ALIGN (0x4)
                0x0800879c                        _sidata = LOADADDR (.data)

.rel.dyn        0x0800879c        0x0
 .rel.iplt      0x0800879c        0x0 /opt/st/stm32cubeide_2.1.0/plugins/com.st.stm32cube.ide.mcu.externaltools.gnu-tools-for-stm32.14.3.rel1.linux64_1.0.100.202602081740/tools/bin/../lib/gcc/arm-none-eabi/14.3.1/thumb/v7-m/nofp/crtbegin.o

.data           0x20000000       0x84 load address 0x0800879c
                0x20000000                        . = ALIGN (0x4)
                0x20000000                        _sdata = .
 *(.data)
 *(.data*)
 .data.sttVARRE.0
                0x20000000        0x1 ./Core/Src/funcoes_SPI_display.o
 *fill*         0x20000001        0x3 
 .data.BufOUT   0x20000004        0x5 ./Core/Src/main.o
                0x20000004                BufOUT
 *fill*         0x20000009        0x3 
 .data.BufIN    0x2000000c        0x5 ./Core/Src/main.o
                0x2000000c                BufIN
 *fill*         0x20000011        0x3 
 .data.sizeBuffs
                0x20000014        0x4 ./Core/Src/main.o
                0x20000014                sizeBuffs
 .data.testeDisplay
                0x20000018        0x4 ./Core/Src/main.o
                0x20000018                testeDisplay
 .data.nCon     0x2000001c        0x4 ./Core/Src/main.o
                0x2000001c                nCon
 .data.nSer     0x20000020        0x4 ./Core/Src/main.o
                0x20000020                nSer
 .data.SystemCoreClock
                0x20000024        0x4 ./Core/Src/system_stm32f1xx.o
                0x20000024                SystemCoreClock
 .data.uwTickPrio
                0x20000028        0x4 ./Drivers/STM32F1xx_HAL_Driver/Src/stm32f1xx_hal.o
                0x20000028                uwTickPrio
 .data.uwTickFreq
                0x2000002c        0x1 ./Drivers/STM32F1xx_HAL_Driver/Src/stm32f1xx_hal.o
                0x2000002c                uwTickFreq
 *fill*         0x2000002d        0x3 
 .data.uxCriticalNesting
                0x20000030        0x4 ./Middlewares/Third_Party/FreeRTOS/Source/portable/GCC/ARM_CM3/port.o
 .data._impure_ptr
                0x20000034        0x4 /opt/st/stm32cubeide_2.1.0/plugins/com.st.stm32cube.ide.mcu.externaltools.gnu-tools-for-stm32.14.3.rel1.linux64_1.0.100.202602081740/tools/bin/../lib/gcc/arm-none-eabi/14.3.1/../../../../arm-none-eabi/lib/thumb/v7-m/nofp/libc_nano.a(libc_a-impure.o)
                0x20000034                _impure_ptr
 .data._impure_data
                0x20000038       0x4c /opt/st/stm32cubeide_2.1.0/plugins/com.st.stm32cube.ide.mcu.externaltools.gnu-tools-for-stm32.14.3.rel1.linux64_1.0.100.202602081740/tools/bin/../lib/gcc/arm-none-eabi/14.3.1/../../../../arm-none-eabi/lib/thumb/v7-m/nofp/libc_nano.a(libc_a-impure.o)
                0x20000038                _impure_data
 *(.RamFunc)
 *(.RamFunc*)
                0x20000084                        . = ALIGN (0x4)
                0x20000084                        _edata = .

.igot.plt       0x20000084        0x0 load address 0x08008820
 .igot.plt      0x20000084        0x0 /opt/st/stm32cubeide_2.1.0/plugins/com.st.stm32cube.ide.mcu.externaltools.gnu-tools-for-stm32.14.3.rel1.linux64_1.0.100.202602081740/tools/bin/../lib/gcc/arm-none-eabi/14.3.1/thumb/v7-m/nofp/crtbegin.o
                0x20000084                        . = ALIGN (0x4)

.bss            0x20000084     0x19e0 load address 0x08008820
                0x20000084                        _sbss = .
                0x20000084                        __bss_start__ = _sbss
 *(.bss)
 .bss           0x20000084       0x1c /opt/st/stm32cubeide_2.1.0/plugins/com.st.stm32cube.ide.mcu.externaltools.gnu-tools-for-stm32.14.3.rel1.linux64_1.0.100.202602081740/tools/bin/../lib/gcc/arm-none-eabi/14.3.1/thumb/v7-m/nofp/crtbegin.o
 *(.bss*)
 .bss.hadc1     0x200000a0       0x30 ./Core/Src/main.o
                0x200000a0                hadc1
 .bss.huart1    0x200000d0       0x48 ./Core/Src/main.o
                0x200000d0                huart1
 .bss.hdma_usart1_rx
                0x20000118       0x44 ./Core/Src/main.o
                0x20000118                hdma_usart1_rx
 .bss.hdma_usart1_tx
                0x2000015c       0x44 ./Core/Src/main.o
                0x2000015c                hdma_usart1_tx
 .bss.defaultTaskHandle
                0x200001a0        0x4 ./Core/Src/main.o
                0x200001a0                defaultTaskHandle
 .bss.fn_checaBotaoHandle
                0x200001a4        0x4 ./Core/Src/main.o
                0x200001a4                fn_checaBotaoHandle
 .bss.fn_mostraDisplaHandle
                0x200001a8        0x4 ./Core/Src/main.o
                0x200001a8                fn_mostraDisplaHandle
 .bss.fn_UART_TXHandle
                0x200001ac        0x4 ./Core/Src/main.o
                0x200001ac                fn_UART_TXHandle
 .bss.fn_UART_RXHandle
                0x200001b0        0x4 ./Core/Src/main.o
                0x200001b0                fn_UART_RXHandle
 .bss.fila_uart_eventosHandle
                0x200001b4        0x4 ./Core/Src/main.o
                0x200001b4                fila_uart_eventosHandle
 .bss.fila_uart_txHandle
                0x200001b8        0x4 ./Core/Src/main.o
                0x200001b8                fila_uart_txHandle
 .bss.estadoMutexHandle
                0x200001bc        0x4 ./Core/Src/main.o
                0x200001bc                estadoMutexHandle
 .bss.bufOutMutexHandle
                0x200001c0        0x4 ./Core/Src/main.o
                0x200001c0                bufOutMutexHandle
 .bss.ping_timeout
                0x200001c4        0x1 ./Core/Src/main.o
                0x200001c4                ping_timeout
 .bss.link_ok   0x200001c5        0x1 ./Core/Src/main.o
                0x200001c5                link_ok
 .bss.estado    0x200001c6        0x1 ./Core/Src/main.o
                0x200001c6                estado
 .bss.atendendoColega
                0x200001c7        0x1 ./Core/Src/main.o
                0x200001c7                atendendoColega
 .bss.a1Pressed
                0x200001c8        0x1 ./Core/Src/main.o
                0x200001c8                a1Pressed
 *fill*         0x200001c9        0x3 
 .bss.Crono     0x200001cc        0x4 ./Core/Src/main.o
                0x200001cc                Crono
 .bss.ValAdc    0x200001d0        0x4 ./Core/Src/main.o
                0x200001d0                ValAdc
 .bss.ExCrono   0x200001d4        0x4 ./Core/Src/main.o
                0x200001d4                ExCrono
 .bss.ExValAdc  0x200001d8        0x4 ./Core/Src/main.o
                0x200001d8                ExValAdc
 .bss.mostrando_5er.6
                0x200001dc        0x1 ./Core/Src/main.o
 *fill*         0x200001dd        0x3 
 .bss.timer_5er.5
                0x200001e0        0x4 ./Core/Src/main.o
 .bss.contaCRN.4
                0x200001e4        0x2 ./Core/Src/main.o
 .bss.contaADC.3
                0x200001e6        0x2 ./Core/Src/main.o
 .bss.ping_timer.2
                0x200001e8        0x2 ./Core/Src/main.o
 .bss.contaModo.1
                0x200001ea        0x2 ./Core/Src/main.o
 .bss.contaReqRemota.0
                0x200001ec        0x2 ./Core/Src/main.o
 *fill*         0x200001ee        0x2 
 .bss.htim4     0x200001f0       0x48 ./Core/Src/stm32f1xx_hal_timebase_tim.o
                0x200001f0                htim4
 .bss.uwTick    0x20000238        0x4 ./Drivers/STM32F1xx_HAL_Driver/Src/stm32f1xx_hal.o
                0x20000238                uwTick
 .bss.KernelState
                0x2000023c        0x4 ./Middlewares/Third_Party/FreeRTOS/Source/CMSIS_RTOS_V2/cmsis_os2.o
 .bss.Idle_TCB.3
                0x20000240       0xa8 ./Middlewares/Third_Party/FreeRTOS/Source/CMSIS_RTOS_V2/cmsis_os2.o
 .bss.Idle_Stack.2
                0x200002e8      0x100 ./Middlewares/Third_Party/FreeRTOS/Source/CMSIS_RTOS_V2/cmsis_os2.o
 .bss.Timer_TCB.1
                0x200003e8       0xa8 ./Middlewares/Third_Party/FreeRTOS/Source/CMSIS_RTOS_V2/cmsis_os2.o
 .bss.Timer_Stack.0
                0x20000490      0x200 ./Middlewares/Third_Party/FreeRTOS/Source/CMSIS_RTOS_V2/cmsis_os2.o
 .bss.xQueueRegistry
                0x20000690       0x40 ./Middlewares/Third_Party/FreeRTOS/Source/queue.o
                0x20000690                xQueueRegistry
 .bss.pxCurrentTCB
                0x200006d0        0x4 ./Middlewares/Third_Party/FreeRTOS/Source/tasks.o
                0x200006d0                pxCurrentTCB
 .bss.pxReadyTasksLists
                0x200006d4      0x460 ./Middlewares/Third_Party/FreeRTOS/Source/tasks.o
 .bss.xDelayedTaskList1
                0x20000b34       0x14 ./Middlewares/Third_Party/FreeRTOS/Source/tasks.o
 .bss.xDelayedTaskList2
                0x20000b48       0x14 ./Middlewares/Third_Party/FreeRTOS/Source/tasks.o
 .bss.pxDelayedTaskList
                0x20000b5c        0x4 ./Middlewares/Third_Party/FreeRTOS/Source/tasks.o
 .bss.pxOverflowDelayedTaskList
                0x20000b60        0x4 ./Middlewares/Third_Party/FreeRTOS/Source/tasks.o
 .bss.xPendingReadyList
                0x20000b64       0x14 ./Middlewares/Third_Party/FreeRTOS/Source/tasks.o
 .bss.xTasksWaitingTermination
                0x20000b78       0x14 ./Middlewares/Third_Party/FreeRTOS/Source/tasks.o
 .bss.uxDeletedTasksWaitingCleanUp
                0x20000b8c        0x4 ./Middlewares/Third_Party/FreeRTOS/Source/tasks.o
 .bss.xSuspendedTaskList
                0x20000b90       0x14 ./Middlewares/Third_Party/FreeRTOS/Source/tasks.o
 .bss.uxCurrentNumberOfTasks
                0x20000ba4        0x4 ./Middlewares/Third_Party/FreeRTOS/Source/tasks.o
 .bss.xTickCount
                0x20000ba8        0x4 ./Middlewares/Third_Party/FreeRTOS/Source/tasks.o
 .bss.uxTopReadyPriority
                0x20000bac        0x4 ./Middlewares/Third_Party/FreeRTOS/Source/tasks.o
 .bss.xSchedulerRunning
                0x20000bb0        0x4 ./Middlewares/Third_Party/FreeRTOS/Source/tasks.o
 .bss.xPendedTicks
                0x20000bb4        0x4 ./Middlewares/Third_Party/FreeRTOS/Source/tasks.o
 .bss.xYieldPending
                0x20000bb8        0x4 ./Middlewares/Third_Party/FreeRTOS/Source/tasks.o
 .bss.xNumOfOverflows
                0x20000bbc        0x4 ./Middlewares/Third_Party/FreeRTOS/Source/tasks.o
 .bss.uxTaskNumber
                0x20000bc0        0x4 ./Middlewares/Third_Party/FreeRTOS/Source/tasks.o
 .bss.xNextTaskUnblockTime
                0x20000bc4        0x4 ./Middlewares/Third_Party/FreeRTOS/Source/tasks.o
 .bss.xIdleTaskHandle
                0x20000bc8        0x4 ./Middlewares/Third_Party/FreeRTOS/Source/tasks.o
 .bss.uxSchedulerSuspended
                0x20000bcc        0x4 ./Middlewares/Third_Party/FreeRTOS/Source/tasks.o
 .bss.xActiveTimerList1
                0x20000bd0       0x14 ./Middlewares/Third_Party/FreeRTOS/Source/timers.o
 .bss.xActiveTimerList2
                0x20000be4       0x14 ./Middlewares/Third_Party/FreeRTOS/Source/timers.o
 .bss.pxCurrentTimerList
                0x20000bf8        0x4 ./Middlewares/Third_Party/FreeRTOS/Source/timers.o
 .bss.pxOverflowTimerList
                0x20000bfc        0x4 ./Middlewares/Third_Party/FreeRTOS/Source/timers.o
 .bss.xTimerQueue
                0x20000c00        0x4 ./Middlewares/Third_Party/FreeRTOS/Source/timers.o
 .bss.xTimerTaskHandle
                0x20000c04        0x4 ./Middlewares/Third_Party/FreeRTOS/Source/timers.o
 .bss.xLastTime.2
                0x20000c08        0x4 ./Middlewares/Third_Party/FreeRTOS/Source/timers.o
 .bss.ucStaticTimerQueueStorage.1
                0x20000c0c       0xa0 ./Middlewares/Third_Party/FreeRTOS/Source/timers.o
 .bss.xStaticTimerQueue.0
                0x20000cac       0x50 ./Middlewares/Third_Party/FreeRTOS/Source/timers.o
 .bss.ucMaxSysCallPriority
                0x20000cfc        0x1 ./Middlewares/Third_Party/FreeRTOS/Source/portable/GCC/ARM_CM3/port.o
 *fill*         0x20000cfd        0x3 
 .bss.ulMaxPRIGROUPValue
                0x20000d00        0x4 ./Middlewares/Third_Party/FreeRTOS/Source/portable/GCC/ARM_CM3/port.o
 .bss.ucHeap    0x20000d04      0xc00 ./Middlewares/Third_Party/FreeRTOS/Source/portable/MemMang/heap_4.o
 .bss.xStart    0x20001904        0x8 ./Middlewares/Third_Party/FreeRTOS/Source/portable/MemMang/heap_4.o
 .bss.pxEnd     0x2000190c        0x4 ./Middlewares/Third_Party/FreeRTOS/Source/portable/MemMang/heap_4.o
 .bss.xFreeBytesRemaining
                0x20001910        0x4 ./Middlewares/Third_Party/FreeRTOS/Source/portable/MemMang/heap_4.o
 .bss.xMinimumEverFreeBytesRemaining
                0x20001914        0x4 ./Middlewares/Third_Party/FreeRTOS/Source/portable/MemMang/heap_4.o
 .bss.xNumberOfSuccessfulAllocations
                0x20001918        0x4 ./Middlewares/Third_Party/FreeRTOS/Source/portable/MemMang/heap_4.o
 .bss.xNumberOfSuccessfulFrees
                0x2000191c        0x4 ./Middlewares/Third_Party/FreeRTOS/Source/portable/MemMang/heap_4.o
 .bss.xBlockAllocatedBit
                0x20001920        0x4 ./Middlewares/Third_Party/FreeRTOS/Source/portable/MemMang/heap_4.o
 .bss.__sf      0x20001924      0x138 /opt/st/stm32cubeide_2.1.0/plugins/com.st.stm32cube.ide.mcu.externaltools.gnu-tools-for-stm32.14.3.rel1.linux64_1.0.100.202602081740/tools/bin/../lib/gcc/arm-none-eabi/14.3.1/../../../../arm-none-eabi/lib/thumb/v7-m/nofp/libc_nano.a(libc_a-findfp.o)
                0x20001924                __sf
 .bss.__lock___malloc_recursive_mutex
                0x20001a5c        0x1 /opt/st/stm32cubeide_2.1.0/plugins/com.st.stm32cube.ide.mcu.externaltools.gnu-tools-for-stm32.14.3.rel1.linux64_1.0.100.202602081740/tools/bin/../lib/gcc/arm-none-eabi/14.3.1/../../../../arm-none-eabi/lib/thumb/v7-m/nofp/libc_nano.a(libc_a-lock.o)
                0x20001a5c                __lock___malloc_recursive_mutex
 *fill*         0x20001a5d        0x3 
 .bss.__malloc_free_list
                0x20001a60        0x4 /opt/st/stm32cubeide_2.1.0/plugins/com.st.stm32cube.ide.mcu.externaltools.gnu-tools-for-stm32.14.3.rel1.linux64_1.0.100.202602081740/tools/bin/../lib/gcc/arm-none-eabi/14.3.1/../../../../arm-none-eabi/lib/thumb/v7-m/nofp/libc_nano.a(libc_a-mallocr.o)
                0x20001a60                __malloc_free_list
 *(COMMON)
                0x20001a64                        . = ALIGN (0x4)
                0x20001a64                        _ebss = .
                0x20001a64                        __bss_end__ = _ebss

._user_heap_stack
                0x20001a64      0x604 load address 0x08008820
                0x20001a68                        . = ALIGN (0x8)
 *fill*         0x20001a64        0x4 
                [!provide]                        PROVIDE (end = .)
                0x20001a68                        PROVIDE (_end = .)
                0x20001c68                        . = (. + _Min_Heap_Size)
 *fill*         0x20001a68      0x200 
                0x20002068                        . = (. + _Min_Stack_Size)
 *fill*         0x20001c68      0x400 
                0x20002068                        . = ALIGN (0x8)

/DISCARD/
 libc.a(*)
 libm.a(*)
 libgcc.a(*)

.ARM.attributes
                0x00000000       0x29
 *(.ARM.attributes)
 .ARM.attributes
                0x00000000       0x1d /opt/st/stm32cubeide_2.1.0/plugins/com.st.stm32cube.ide.mcu.externaltools.gnu-tools-for-stm32.14.3.rel1.linux64_1.0.100.202602081740/tools/bin/../lib/gcc/arm-none-eabi/14.3.1/thumb/v7-m/nofp/crti.o
 .ARM.attributes
                0x0000001d       0x2d /opt/st/stm32cubeide_2.1.0/plugins/com.st.stm32cube.ide.mcu.externaltools.gnu-tools-for-stm32.14.3.rel1.linux64_1.0.100.202602081740/tools/bin/../lib/gcc/arm-none-eabi/14.3.1/thumb/v7-m/nofp/crtbegin.o
 .ARM.attributes
                0x0000004a       0x2d ./Core/Src/freertos.o
 .ARM.attributes
                0x00000077       0x2d ./Core/Src/funcoes_SPI_display.o
 .ARM.attributes
                0x000000a4       0x2d ./Core/Src/main.o
 .ARM.attributes
                0x000000d1       0x2d ./Core/Src/stm32f1xx_hal_msp.o
 .ARM.attributes
                0x000000fe       0x2d ./Core/Src/stm32f1xx_hal_timebase_tim.o
 .ARM.attributes
                0x0000012b       0x2d ./Core/Src/stm32f1xx_it.o
 .ARM.attributes
                0x00000158       0x2d ./Core/Src/system_stm32f1xx.o
 .ARM.attributes
                0x00000185       0x21 ./Core/Startup/startup_stm32f103c8tx.o
 .ARM.attributes
                0x000001a6       0x2d ./Drivers/STM32F1xx_HAL_Driver/Src/stm32f1xx_hal.o
 .ARM.attributes
                0x000001d3       0x2d ./Drivers/STM32F1xx_HAL_Driver/Src/stm32f1xx_hal_adc.o
 .ARM.attributes
                0x00000200       0x2d ./Drivers/STM32F1xx_HAL_Driver/Src/stm32f1xx_hal_adc_ex.o
 .ARM.attributes
                0x0000022d       0x2d ./Drivers/STM32F1xx_HAL_Driver/Src/stm32f1xx_hal_cortex.o
 .ARM.attributes
                0x0000025a       0x2d ./Drivers/STM32F1xx_HAL_Driver/Src/stm32f1xx_hal_dma.o
 .ARM.attributes
                0x00000287       0x2d ./Drivers/STM32F1xx_HAL_Driver/Src/stm32f1xx_hal_gpio.o
 .ARM.attributes
                0x000002b4       0x2d ./Drivers/STM32F1xx_HAL_Driver/Src/stm32f1xx_hal_rcc.o
 .ARM.attributes
                0x000002e1       0x2d ./Drivers/STM32F1xx_HAL_Driver/Src/stm32f1xx_hal_rcc_ex.o
 .ARM.attributes
                0x0000030e       0x2d ./Drivers/STM32F1xx_HAL_Driver/Src/stm32f1xx_hal_tim.o
 .ARM.attributes
                0x0000033b       0x2d ./Drivers/STM32F1xx_HAL_Driver/Src/stm32f1xx_hal_tim_ex.o
 .ARM.attributes
                0x00000368       0x2d ./Drivers/STM32F1xx_HAL_Driver/Src/stm32f1xx_hal_uart.o
 .ARM.attributes
                0x00000395       0x2d ./Middlewares/Third_Party/FreeRTOS/Source/CMSIS_RTOS_V2/cmsis_os2.o
 .ARM.attributes
                0x000003c2       0x2d ./Middlewares/Third_Party/FreeRTOS/Source/list.o
 .ARM.attributes
                0x000003ef       0x2d ./Middlewares/Third_Party/FreeRTOS/Source/queue.o
 .ARM.attributes
                0x0000041c       0x2d ./Middlewares/Third_Party/FreeRTOS/Source/tasks.o
 .ARM.attributes
                0x00000449       0x2d ./Middlewares/Third_Party/FreeRTOS/Source/timers.o
 .ARM.attributes
                0x00000476       0x2d ./Middlewares/Third_Party/FreeRTOS/Source/portable/GCC/ARM_CM3/port.o
 .ARM.attributes
                0x000004a3       0x2d ./Middlewares/Third_Party/FreeRTOS/Source/portable/MemMang/heap_4.o
 .ARM.attributes
                0x000004d0       0x2d /opt/st/stm32cubeide_2.1.0/plugins/com.st.stm32cube.ide.mcu.externaltools.gnu-tools-for-stm32.14.3.rel1.linux64_1.0.100.202602081740/tools/bin/../lib/gcc/arm-none-eabi/14.3.1/../../../../arm-none-eabi/lib/thumb/v7-m/nofp/libc_nano.a(libc_a-findfp.o)
 .ARM.attributes
                0x000004fd       0x2d /opt/st/stm32cubeide_2.1.0/plugins/com.st.stm32cube.ide.mcu.externaltools.gnu-tools-for-stm32.14.3.rel1.linux64_1.0.100.202602081740/tools/bin/../lib/gcc/arm-none-eabi/14.3.1/../../../../arm-none-eabi/lib/thumb/v7-m/nofp/libc_nano.a(libc_a-memcmp.o)
 .ARM.attributes
                0x0000052a       0x2d /opt/st/stm32cubeide_2.1.0/plugins/com.st.stm32cube.ide.mcu.externaltools.gnu-tools-for-stm32.14.3.rel1.linux64_1.0.100.202602081740/tools/bin/../lib/gcc/arm-none-eabi/14.3.1/../../../../arm-none-eabi/lib/thumb/v7-m/nofp/libc_nano.a(libc_a-memset.o)
 .ARM.attributes
                0x00000557       0x2d /opt/st/stm32cubeide_2.1.0/plugins/com.st.stm32cube.ide.mcu.externaltools.gnu-tools-for-stm32.14.3.rel1.linux64_1.0.100.202602081740/tools/bin/../lib/gcc/arm-none-eabi/14.3.1/../../../../arm-none-eabi/lib/thumb/v7-m/nofp/libc_nano.a(libc_a-strncpy.o)
 .ARM.attributes
                0x00000584       0x2d /opt/st/stm32cubeide_2.1.0/plugins/com.st.stm32cube.ide.mcu.externaltools.gnu-tools-for-stm32.14.3.rel1.linux64_1.0.100.202602081740/tools/bin/../lib/gcc/arm-none-eabi/14.3.1/../../../../arm-none-eabi/lib/thumb/v7-m/nofp/libc_nano.a(libc_a-reent.o)
 .ARM.attributes
                0x000005b1       0x2d /opt/st/stm32cubeide_2.1.0/plugins/com.st.stm32cube.ide.mcu.externaltools.gnu-tools-for-stm32.14.3.rel1.linux64_1.0.100.202602081740/tools/bin/../lib/gcc/arm-none-eabi/14.3.1/../../../../arm-none-eabi/lib/thumb/v7-m/nofp/libc_nano.a(libc_a-impure.o)
 .ARM.attributes
                0x000005de       0x2d /opt/st/stm32cubeide_2.1.0/plugins/com.st.stm32cube.ide.mcu.externaltools.gnu-tools-for-stm32.14.3.rel1.linux64_1.0.100.202602081740/tools/bin/../lib/gcc/arm-none-eabi/14.3.1/../../../../arm-none-eabi/lib/thumb/v7-m/nofp/libc_nano.a(libc_a-init.o)
 .ARM.attributes
                0x0000060b       0x2d /opt/st/stm32cubeide_2.1.0/plugins/com.st.stm32cube.ide.mcu.externaltools.gnu-tools-for-stm32.14.3.rel1.linux64_1.0.100.202602081740/tools/bin/../lib/gcc/arm-none-eabi/14.3.1/../../../../arm-none-eabi/lib/thumb/v7-m/nofp/libc_nano.a(libc_a-lock.o)
 .ARM.attributes
                0x00000638       0x2d /opt/st/stm32cubeide_2.1.0/plugins/com.st.stm32cube.ide.mcu.externaltools.gnu-tools-for-stm32.14.3.rel1.linux64_1.0.100.202602081740/tools/bin/../lib/gcc/arm-none-eabi/14.3.1/../../../../arm-none-eabi/lib/thumb/v7-m/nofp/libc_nano.a(libc_a-memcpy-stub.o)
 .ARM.attributes
                0x00000665       0x2d /opt/st/stm32cubeide_2.1.0/plugins/com.st.stm32cube.ide.mcu.externaltools.gnu-tools-for-stm32.14.3.rel1.linux64_1.0.100.202602081740/tools/bin/../lib/gcc/arm-none-eabi/14.3.1/../../../../arm-none-eabi/lib/thumb/v7-m/nofp/libc_nano.a(libc_a-freer.o)
 .ARM.attributes
                0x00000692       0x2d /opt/st/stm32cubeide_2.1.0/plugins/com.st.stm32cube.ide.mcu.externaltools.gnu-tools-for-stm32.14.3.rel1.linux64_1.0.100.202602081740/tools/bin/../lib/gcc/arm-none-eabi/14.3.1/../../../../arm-none-eabi/lib/thumb/v7-m/nofp/libc_nano.a(libc_a-mallocr.o)
 .ARM.attributes
                0x000006bf       0x2d /opt/st/stm32cubeide_2.1.0/plugins/com.st.stm32cube.ide.mcu.externaltools.gnu-tools-for-stm32.14.3.rel1.linux64_1.0.100.202602081740/tools/bin/../lib/gcc/arm-none-eabi/14.3.1/../../../../arm-none-eabi/lib/thumb/v7-m/nofp/libc_nano.a(libc_a-mlock.o)
 .ARM.attributes
                0x000006ec       0x1d /opt/st/stm32cubeide_2.1.0/plugins/com.st.stm32cube.ide.mcu.externaltools.gnu-tools-for-stm32.14.3.rel1.linux64_1.0.100.202602081740/tools/bin/../lib/gcc/arm-none-eabi/14.3.1/thumb/v7-m/nofp/crtn.o
OUTPUT(proj_final.elf elf32-littlearm)
LOAD linker stubs
LOAD /opt/st/stm32cubeide_2.1.0/plugins/com.st.stm32cube.ide.mcu.externaltools.gnu-tools-for-stm32.14.3.rel1.linux64_1.0.100.202602081740/tools/bin/../lib/gcc/arm-none-eabi/14.3.1/../../../../arm-none-eabi/lib/thumb/v7-m/nofp/libc.a
LOAD /opt/st/stm32cubeide_2.1.0/plugins/com.st.stm32cube.ide.mcu.externaltools.gnu-tools-for-stm32.14.3.rel1.linux64_1.0.100.202602081740/tools/bin/../lib/gcc/arm-none-eabi/14.3.1/../../../../arm-none-eabi/lib/thumb/v7-m/nofp/libm.a
LOAD /opt/st/stm32cubeide_2.1.0/plugins/com.st.stm32cube.ide.mcu.externaltools.gnu-tools-for-stm32.14.3.rel1.linux64_1.0.100.202602081740/tools/bin/../lib/gcc/arm-none-eabi/14.3.1/thumb/v7-m/nofp/libgcc.a

.debug_info     0x00000000    0x1a101
 .debug_info    0x00000000       0x91 ./Core/Src/freertos.o
 .debug_info    0x00000091      0x2e2 ./Core/Src/funcoes_SPI_display.o
 .debug_info    0x00000373     0x2049 ./Core/Src/main.o
 .debug_info    0x000023bc      0xc9b ./Core/Src/stm32f1xx_hal_msp.o
 .debug_info    0x00003057      0x9a8 ./Core/Src/stm32f1xx_hal_timebase_tim.o
 .debug_info    0x000039ff      0xbe8 ./Core/Src/stm32f1xx_it.o
 .debug_info    0x000045e7      0x222 ./Core/Src/system_stm32f1xx.o
 .debug_info    0x00004809       0x30 ./Core/Startup/startup_stm32f103c8tx.o
 .debug_info    0x00004839      0x704 ./Drivers/STM32F1xx_HAL_Driver/Src/stm32f1xx_hal.o
 .debug_info    0x00004f3d      0xc50 ./Drivers/STM32F1xx_HAL_Driver/Src/stm32f1xx_hal_adc.o
 .debug_info    0x00005b8d      0xa10 ./Drivers/STM32F1xx_HAL_Driver/Src/stm32f1xx_hal_adc_ex.o
 .debug_info    0x0000659d      0xa87 ./Drivers/STM32F1xx_HAL_Driver/Src/stm32f1xx_hal_cortex.o
 .debug_info    0x00007024      0x6d2 ./Drivers/STM32F1xx_HAL_Driver/Src/stm32f1xx_hal_dma.o
 .debug_info    0x000076f6      0x5ab ./Drivers/STM32F1xx_HAL_Driver/Src/stm32f1xx_hal_gpio.o
 .debug_info    0x00007ca1      0x7d5 ./Drivers/STM32F1xx_HAL_Driver/Src/stm32f1xx_hal_rcc.o
 .debug_info    0x00008476      0x3c0 ./Drivers/STM32F1xx_HAL_Driver/Src/stm32f1xx_hal_rcc_ex.o
 .debug_info    0x00008836     0x2959 ./Drivers/STM32F1xx_HAL_Driver/Src/stm32f1xx_hal_tim.o
 .debug_info    0x0000b18f     0x149b ./Drivers/STM32F1xx_HAL_Driver/Src/stm32f1xx_hal_tim_ex.o
 .debug_info    0x0000c62a     0x2eed ./Drivers/STM32F1xx_HAL_Driver/Src/stm32f1xx_hal_uart.o
 .debug_info    0x0000f517     0x403f ./Middlewares/Third_Party/FreeRTOS/Source/CMSIS_RTOS_V2/cmsis_os2.o
 .debug_info    0x00013556      0x2af ./Middlewares/Third_Party/FreeRTOS/Source/list.o
 .debug_info    0x00013805     0x1b79 ./Middlewares/Third_Party/FreeRTOS/Source/queue.o
 .debug_info    0x0001537e     0x28ca ./Middlewares/Third_Party/FreeRTOS/Source/tasks.o
 .debug_info    0x00017c48     0x1b50 ./Middlewares/Third_Party/FreeRTOS/Source/timers.o
 .debug_info    0x00019798      0x494 ./Middlewares/Third_Party/FreeRTOS/Source/portable/GCC/ARM_CM3/port.o
 .debug_info    0x00019c2c      0x4d5 ./Middlewares/Third_Party/FreeRTOS/Source/portable/MemMang/heap_4.o

.debug_abbrev   0x00000000     0x3b33
 .debug_abbrev  0x00000000       0x45 ./Core/Src/freertos.o
 .debug_abbrev  0x00000045      0x188 ./Core/Src/funcoes_SPI_display.o
 .debug_abbrev  0x000001cd      0x2db ./Core/Src/main.o
 .debug_abbrev  0x000004a8      0x20b ./Core/Src/stm32f1xx_hal_msp.o
 .debug_abbrev  0x000006b3      0x1f3 ./Core/Src/stm32f1xx_hal_timebase_tim.o
 .debug_abbrev  0x000008a6      0x1c8 ./Core/Src/stm32f1xx_it.o
 .debug_abbrev  0x00000a6e      0x13f ./Core/Src/system_stm32f1xx.o
 .debug_abbrev  0x00000bad       0x24 ./Core/Startup/startup_stm32f103c8tx.o
 .debug_abbrev  0x00000bd1      0x201 ./Drivers/STM32F1xx_HAL_Driver/Src/stm32f1xx_hal.o
 .debug_abbrev  0x00000dd2      0x225 ./Drivers/STM32F1xx_HAL_Driver/Src/stm32f1xx_hal_adc.o
 .debug_abbrev  0x00000ff7      0x249 ./Drivers/STM32F1xx_HAL_Driver/Src/stm32f1xx_hal_adc_ex.o
 .debug_abbrev  0x00001240      0x2f8 ./Drivers/STM32F1xx_HAL_Driver/Src/stm32f1xx_hal_cortex.o
 .debug_abbrev  0x00001538      0x20b ./Drivers/STM32F1xx_HAL_Driver/Src/stm32f1xx_hal_dma.o
 .debug_abbrev  0x00001743      0x1ca ./Drivers/STM32F1xx_HAL_Driver/Src/stm32f1xx_hal_gpio.o
 .debug_abbrev  0x0000190d      0x2b3 ./Drivers/STM32F1xx_HAL_Driver/Src/stm32f1xx_hal_rcc.o
 .debug_abbrev  0x00001bc0      0x188 ./Drivers/STM32F1xx_HAL_Driver/Src/stm32f1xx_hal_rcc_ex.o
 .debug_abbrev  0x00001d48      0x277 ./Drivers/STM32F1xx_HAL_Driver/Src/stm32f1xx_hal_tim.o
 .debug_abbrev  0x00001fbf      0x282 ./Drivers/STM32F1xx_HAL_Driver/Src/stm32f1xx_hal_tim_ex.o
 .debug_abbrev  0x00002241      0x2f8 ./Drivers/STM32F1xx_HAL_Driver/Src/stm32f1xx_hal_uart.o
 .debug_abbrev  0x00002539      0x561 ./Middlewares/Third_Party/FreeRTOS/Source/CMSIS_RTOS_V2/cmsis_os2.o
 .debug_abbrev  0x00002a9a       0xf5 ./Middlewares/Third_Party/FreeRTOS/Source/list.o
 .debug_abbrev  0x00002b8f      0x3b6 ./Middlewares/Third_Party/FreeRTOS/Source/queue.o
 .debug_abbrev  0x00002f45      0x411 ./Middlewares/Third_Party/FreeRTOS/Source/tasks.o
 .debug_abbrev  0x00003356      0x368 ./Middlewares/Third_Party/FreeRTOS/Source/timers.o
 .debug_abbrev  0x000036be      0x258 ./Middlewares/Third_Party/FreeRTOS/Source/portable/GCC/ARM_CM3/port.o
 .debug_abbrev  0x00003916      0x21d ./Middlewares/Third_Party/FreeRTOS/Source/portable/MemMang/heap_4.o

.debug_aranges  0x00000000     0x1688
 .debug_aranges
                0x00000000       0x20 ./Core/Src/freertos.o
 .debug_aranges
                0x00000020       0x48 ./Core/Src/funcoes_SPI_display.o
 .debug_aranges
                0x00000068       0x98 ./Core/Src/main.o
 .debug_aranges
                0x00000100       0x40 ./Core/Src/stm32f1xx_hal_msp.o
 .debug_aranges
                0x00000140       0x30 ./Core/Src/stm32f1xx_hal_timebase_tim.o
 .debug_aranges
                0x00000170       0x88 ./Core/Src/stm32f1xx_it.o
 .debug_aranges
                0x000001f8       0x28 ./Core/Src/system_stm32f1xx.o
 .debug_aranges
                0x00000220       0x28 ./Core/Startup/startup_stm32f103c8tx.o
 .debug_aranges
                0x00000248       0xe0 ./Drivers/STM32F1xx_HAL_Driver/Src/stm32f1xx_hal.o
 .debug_aranges
                0x00000328       0xf0 ./Drivers/STM32F1xx_HAL_Driver/Src/stm32f1xx_hal_adc.o
 .debug_aranges
                0x00000418       0x80 ./Drivers/STM32F1xx_HAL_Driver/Src/stm32f1xx_hal_adc_ex.o
 .debug_aranges
                0x00000498      0x100 ./Drivers/STM32F1xx_HAL_Driver/Src/stm32f1xx_hal_cortex.o
 .debug_aranges
                0x00000598       0x80 ./Drivers/STM32F1xx_HAL_Driver/Src/stm32f1xx_hal_dma.o
 .debug_aranges
                0x00000618       0x58 ./Drivers/STM32F1xx_HAL_Driver/Src/stm32f1xx_hal_gpio.o
 .debug_aranges
                0x00000670       0x90 ./Drivers/STM32F1xx_HAL_Driver/Src/stm32f1xx_hal_rcc.o
 .debug_aranges
                0x00000700       0x30 ./Drivers/STM32F1xx_HAL_Driver/Src/stm32f1xx_hal_rcc_ex.o
 .debug_aranges
                0x00000730      0x3d0 ./Drivers/STM32F1xx_HAL_Driver/Src/stm32f1xx_hal_tim.o
 .debug_aranges
                0x00000b00      0x168 ./Drivers/STM32F1xx_HAL_Driver/Src/stm32f1xx_hal_tim_ex.o
 .debug_aranges
                0x00000c68      0x208 ./Drivers/STM32F1xx_HAL_Driver/Src/stm32f1xx_hal_uart.o
 .debug_aranges
                0x00000e70      0x2b8 ./Middlewares/Third_Party/FreeRTOS/Source/CMSIS_RTOS_V2/cmsis_os2.o
 .debug_aranges
                0x00001128       0x40 ./Middlewares/Third_Party/FreeRTOS/Source/list.o
 .debug_aranges
                0x00001168      0x158 ./Middlewares/Third_Party/FreeRTOS/Source/queue.o
 .debug_aranges
                0x000012c0      0x208 ./Middlewares/Third_Party/FreeRTOS/Source/tasks.o
 .debug_aranges
                0x000014c8       0xf0 ./Middlewares/Third_Party/FreeRTOS/Source/timers.o
 .debug_aranges
                0x000015b8       0x78 ./Middlewares/Third_Party/FreeRTOS/Source/portable/GCC/ARM_CM3/port.o
 .debug_aranges
                0x00001630       0x58 ./Middlewares/Third_Party/FreeRTOS/Source/portable/MemMang/heap_4.o

.debug_rnglists
                0x00000000     0x1184
 .debug_rnglists
                0x00000000       0x13 ./Core/Src/freertos.o
 .debug_rnglists
                0x00000013       0x34 ./Core/Src/funcoes_SPI_display.o
 .debug_rnglists
                0x00000047       0x76 ./Core/Src/main.o
 .debug_rnglists
                0x000000bd       0x2c ./Core/Src/stm32f1xx_hal_msp.o
 .debug_rnglists
                0x000000e9       0x20 ./Core/Src/stm32f1xx_hal_timebase_tim.o
 .debug_rnglists
                0x00000109       0x61 ./Core/Src/stm32f1xx_it.o
 .debug_rnglists
                0x0000016a       0x1a ./Core/Src/system_stm32f1xx.o
 .debug_rnglists
                0x00000184       0x19 ./Core/Startup/startup_stm32f103c8tx.o
 .debug_rnglists
                0x0000019d       0xa3 ./Drivers/STM32F1xx_HAL_Driver/Src/stm32f1xx_hal.o
 .debug_rnglists
                0x00000240       0xbc ./Drivers/STM32F1xx_HAL_Driver/Src/stm32f1xx_hal_adc.o
 .debug_rnglists
                0x000002fc       0x65 ./Drivers/STM32F1xx_HAL_Driver/Src/stm32f1xx_hal_adc_ex.o
 .debug_rnglists
                0x00000361       0xbb ./Drivers/STM32F1xx_HAL_Driver/Src/stm32f1xx_hal_cortex.o
 .debug_rnglists
                0x0000041c       0x64 ./Drivers/STM32F1xx_HAL_Driver/Src/stm32f1xx_hal_dma.o
 .debug_rnglists
                0x00000480       0x3f ./Drivers/STM32F1xx_HAL_Driver/Src/stm32f1xx_hal_gpio.o
 .debug_rnglists
                0x000004bf       0x6c ./Drivers/STM32F1xx_HAL_Driver/Src/stm32f1xx_hal_rcc.o
 .debug_rnglists
                0x0000052b       0x21 ./Drivers/STM32F1xx_HAL_Driver/Src/stm32f1xx_hal_rcc_ex.o
 .debug_rnglists
                0x0000054c      0x31a ./Drivers/STM32F1xx_HAL_Driver/Src/stm32f1xx_hal_tim.o
 .debug_rnglists
                0x00000866      0x125 ./Drivers/STM32F1xx_HAL_Driver/Src/stm32f1xx_hal_tim_ex.o
 .debug_rnglists
                0x0000098b      0x1bc ./Drivers/STM32F1xx_HAL_Driver/Src/stm32f1xx_hal_uart.o
 .debug_rnglists
                0x00000b47      0x218 ./Middlewares/Third_Party/FreeRTOS/Source/CMSIS_RTOS_V2/cmsis_os2.o
 .debug_rnglists
                0x00000d5f       0x2b ./Middlewares/Third_Party/FreeRTOS/Source/list.o
 .debug_rnglists
                0x00000d8a      0x109 ./Middlewares/Third_Party/FreeRTOS/Source/queue.o
 .debug_rnglists
                0x00000e93      0x1a0 ./Middlewares/Third_Party/FreeRTOS/Source/tasks.o
 .debug_rnglists
                0x00001033       0xb8 ./Middlewares/Third_Party/FreeRTOS/Source/timers.o
 .debug_rnglists
                0x000010eb       0x57 ./Middlewares/Third_Party/FreeRTOS/Source/portable/GCC/ARM_CM3/port.o
 .debug_rnglists
                0x00001142       0x42 ./Middlewares/Third_Party/FreeRTOS/Source/portable/MemMang/heap_4.o

.debug_macro    0x00000000    0x1b425
 .debug_macro   0x00000000      0x3ac ./Core/Src/freertos.o
 .debug_macro   0x000003ac      0xacc ./Core/Src/freertos.o
 .debug_macro   0x00000e78      0x190 ./Core/Src/freertos.o
 .debug_macro   0x00001008       0x22 ./Core/Src/freertos.o
 .debug_macro   0x0000102a       0x8e ./Core/Src/freertos.o
 .debug_macro   0x000010b8       0x51 ./Core/Src/freertos.o
 .debug_macro   0x00001109      0x103 ./Core/Src/freertos.o
 .debug_macro   0x0000120c       0x6a ./Core/Src/freertos.o
 .debug_macro   0x00001276      0x1df ./Core/Src/freertos.o
 .debug_macro   0x00001455      0x137 ./Core/Src/freertos.o
 .debug_macro   0x0000158c      0x15a ./Core/Src/freertos.o
 .debug_macro   0x000016e6       0xc9 ./Core/Src/freertos.o
 .debug_macro   0x000017af       0x1c ./Core/Src/freertos.o
 .debug_macro   0x000017cb       0x26 ./Core/Src/freertos.o
 .debug_macro   0x000017f1       0x61 ./Core/Src/freertos.o
 .debug_macro   0x00001852       0x24 ./Core/Src/freertos.o
 .debug_macro   0x00001876       0x43 ./Core/Src/freertos.o
 .debug_macro   0x000018b9       0x34 ./Core/Src/freertos.o
 .debug_macro   0x000018ed      0x364 ./Core/Src/freertos.o
 .debug_macro   0x00001c51       0x16 ./Core/Src/freertos.o
 .debug_macro   0x00001c67       0x4a ./Core/Src/freertos.o
 .debug_macro   0x00001cb1       0x34 ./Core/Src/freertos.o
 .debug_macro   0x00001ce5       0x10 ./Core/Src/freertos.o
 .debug_macro   0x00001cf5       0x58 ./Core/Src/freertos.o
 .debug_macro   0x00001d4d       0x8e ./Core/Src/freertos.o
 .debug_macro   0x00001ddb       0x1c ./Core/Src/freertos.o
 .debug_macro   0x00001df7      0x17e ./Core/Src/freertos.o
 .debug_macro   0x00001f75       0x10 ./Core/Src/freertos.o
 .debug_macro   0x00001f85       0x3c ./Core/Src/freertos.o
 .debug_macro   0x00001fc1      0x4d4 ./Core/Src/freertos.o
 .debug_macro   0x00002495       0xb5 ./Core/Src/freertos.o
 .debug_macro   0x0000254a       0xaa ./Core/Src/freertos.o
 .debug_macro   0x000025f4      0x227 ./Core/Src/freertos.o
 .debug_macro   0x0000281b       0x2e ./Core/Src/freertos.o
 .debug_macro   0x00002849       0x22 ./Core/Src/freertos.o
 .debug_macro   0x0000286b       0x1c ./Core/Src/freertos.o
 .debug_macro   0x00002887       0x22 ./Core/Src/freertos.o
 .debug_macro   0x000028a9       0xbd ./Core/Src/freertos.o
 .debug_macro   0x00002966      0xd23 ./Core/Src/freertos.o
 .debug_macro   0x00003689     0xe09e ./Core/Src/freertos.o
 .debug_macro   0x00011727       0x6d ./Core/Src/freertos.o
 .debug_macro   0x00011794     0x34a2 ./Core/Src/freertos.o
 .debug_macro   0x00014c36       0x56 ./Core/Src/freertos.o
 .debug_macro   0x00014c8c      0x5bc ./Core/Src/freertos.o
 .debug_macro   0x00015248      0x289 ./Core/Src/freertos.o
 .debug_macro   0x000154d1      0x1cb ./Core/Src/freertos.o
 .debug_macro   0x0001569c      0x114 ./Core/Src/freertos.o
 .debug_macro   0x000157b0      0x1b2 ./Core/Src/freertos.o
 .debug_macro   0x00015962       0x27 ./Core/Src/freertos.o
 .debug_macro   0x00015989      0x136 ./Core/Src/freertos.o
 .debug_macro   0x00015abf      0x1bc ./Core/Src/freertos.o
 .debug_macro   0x00015c7b       0x34 ./Core/Src/freertos.o
 .debug_macro   0x00015caf       0x3c ./Core/Src/freertos.o
 .debug_macro   0x00015ceb       0x57 ./Core/Src/freertos.o
 .debug_macro   0x00015d42      0x46a ./Core/Src/freertos.o
 .debug_macro   0x000161ac      0x1b5 ./Core/Src/freertos.o
 .debug_macro   0x00016361       0x87 ./Core/Src/freertos.o
 .debug_macro   0x000163e8      0x240 ./Core/Src/freertos.o
 .debug_macro   0x00016628      0x140 ./Core/Src/freertos.o
 .debug_macro   0x00016768      0x8ed ./Core/Src/freertos.o
 .debug_macro   0x00017055      0x28e ./Core/Src/freertos.o
 .debug_macro   0x000172e3       0x83 ./Core/Src/freertos.o
 .debug_macro   0x00017366       0x16 ./Core/Src/freertos.o
 .debug_macro   0x0001737c       0x20 ./Core/Src/freertos.o
 .debug_macro   0x0001739c       0x16 ./Core/Src/freertos.o
 .debug_macro   0x000173b2       0x16 ./Core/Src/freertos.o
 .debug_macro   0x000173c8       0x29 ./Core/Src/freertos.o
 .debug_macro   0x000173f1       0x1c ./Core/Src/freertos.o
 .debug_macro   0x0001740d       0x10 ./Core/Src/freertos.o
 .debug_macro   0x0001741d       0x1c ./Core/Src/freertos.o
 .debug_macro   0x00017439       0x16 ./Core/Src/freertos.o
 .debug_macro   0x0001744f      0x146 ./Core/Src/freertos.o
 .debug_macro   0x00017595       0x6c ./Core/Src/freertos.o
 .debug_macro   0x00017601       0x74 ./Core/Src/freertos.o
 .debug_macro   0x00017675       0xdd ./Core/Src/freertos.o
 .debug_macro   0x00017752       0xdd ./Core/Src/freertos.o
 .debug_macro   0x0001782f      0x3bc ./Core/Src/funcoes_SPI_display.o
 .debug_macro   0x00017beb       0x5c ./Core/Src/funcoes_SPI_display.o
 .debug_macro   0x00017c47       0x10 ./Core/Src/funcoes_SPI_display.o
 .debug_macro   0x00017c57      0x137 ./Core/Src/funcoes_SPI_display.o
 .debug_macro   0x00017d8e       0x16 ./Core/Src/funcoes_SPI_display.o
 .debug_macro   0x00017da4       0x66 ./Core/Src/funcoes_SPI_display.o
 .debug_macro   0x00017e0a      0x3b2 ./Core/Src/main.o
 .debug_macro   0x000181bc      0x3b2 ./Core/Src/stm32f1xx_hal_msp.o
 .debug_macro   0x0001856e      0x1b7 ./Core/Src/stm32f1xx_hal_timebase_tim.o
 .debug_macro   0x00018725      0x3bc ./Core/Src/stm32f1xx_it.o
 .debug_macro   0x00018ae1      0x1b7 ./Core/Src/system_stm32f1xx.o
 .debug_macro   0x00018c98      0x1db ./Drivers/STM32F1xx_HAL_Driver/Src/stm32f1xx_hal.o
 .debug_macro   0x00018e73      0x1d4 ./Drivers/STM32F1xx_HAL_Driver/Src/stm32f1xx_hal_adc.o
 .debug_macro   0x00019047      0x1c9 ./Drivers/STM32F1xx_HAL_Driver/Src/stm32f1xx_hal_adc_ex.o
 .debug_macro   0x00019210      0x1b7 ./Drivers/STM32F1xx_HAL_Driver/Src/stm32f1xx_hal_cortex.o
 .debug_macro   0x000193c7      0x1b7 ./Drivers/STM32F1xx_HAL_Driver/Src/stm32f1xx_hal_dma.o
 .debug_macro   0x0001957e      0x222 ./Drivers/STM32F1xx_HAL_Driver/Src/stm32f1xx_hal_gpio.o
 .debug_macro   0x000197a0      0x1c9 ./Drivers/STM32F1xx_HAL_Driver/Src/stm32f1xx_hal_rcc.o
 .debug_macro   0x00019969      0x1b7 ./Drivers/STM32F1xx_HAL_Driver/Src/stm32f1xx_hal_rcc_ex.o
 .debug_macro   0x00019b20      0x1b8 ./Drivers/STM32F1xx_HAL_Driver/Src/stm32f1xx_hal_tim.o
 .debug_macro   0x00019cd8      0x1b7 ./Drivers/STM32F1xx_HAL_Driver/Src/stm32f1xx_hal_tim_ex.o
 .debug_macro   0x00019e8f      0x1b8 ./Drivers/STM32F1xx_HAL_Driver/Src/stm32f1xx_hal_uart.o
 .debug_macro   0x0001a047      0x3c5 ./Middlewares/Third_Party/FreeRTOS/Source/CMSIS_RTOS_V2/cmsis_os2.o
 .debug_macro   0x0001a40c       0x10 ./Middlewares/Third_Party/FreeRTOS/Source/CMSIS_RTOS_V2/cmsis_os2.o
 .debug_macro   0x0001a41c       0xb7 ./Middlewares/Third_Party/FreeRTOS/Source/CMSIS_RTOS_V2/cmsis_os2.o
 .debug_macro   0x0001a4d3       0x91 ./Middlewares/Third_Party/FreeRTOS/Source/CMSIS_RTOS_V2/cmsis_os2.o
 .debug_macro   0x0001a564       0x8d ./Middlewares/Third_Party/FreeRTOS/Source/CMSIS_RTOS_V2/cmsis_os2.o
 .debug_macro   0x0001a5f1       0x9a ./Middlewares/Third_Party/FreeRTOS/Source/CMSIS_RTOS_V2/cmsis_os2.o
 .debug_macro   0x0001a68b       0x22 ./Middlewares/Third_Party/FreeRTOS/Source/CMSIS_RTOS_V2/cmsis_os2.o
 .debug_macro   0x0001a6ad       0x28 ./Middlewares/Third_Party/FreeRTOS/Source/CMSIS_RTOS_V2/cmsis_os2.o
 .debug_macro   0x0001a6d5      0x199 ./Middlewares/Third_Party/FreeRTOS/Source/list.o
 .debug_macro   0x0001a86e      0x228 ./Middlewares/Third_Party/FreeRTOS/Source/queue.o
 .debug_macro   0x0001aa96       0x87 ./Middlewares/Third_Party/FreeRTOS/Source/queue.o
 .debug_macro   0x0001ab1d      0x291 ./Middlewares/Third_Party/FreeRTOS/Source/tasks.o
 .debug_macro   0x0001adae       0x10 ./Middlewares/Third_Party/FreeRTOS/Source/tasks.o
 .debug_macro   0x0001adbe      0x1ee ./Middlewares/Third_Party/FreeRTOS/Source/timers.o
 .debug_macro   0x0001afac       0x97 ./Middlewares/Third_Party/FreeRTOS/Source/timers.o
 .debug_macro   0x0001b043      0x222 ./Middlewares/Third_Party/FreeRTOS/Source/portable/GCC/ARM_CM3/port.o
 .debug_macro   0x0001b265      0x1c0 ./Middlewares/Third_Party/FreeRTOS/Source/portable/MemMang/heap_4.o

.debug_line     0x00000000    0x194cc
 .debug_line    0x00000000      0x97b ./Core/Src/freertos.o
 .debug_line    0x0000097b      0xbd4 ./Core/Src/funcoes_SPI_display.o
 .debug_line    0x0000154f     0x1260 ./Core/Src/main.o
 .debug_line    0x000027af      0xa76 ./Core/Src/stm32f1xx_hal_msp.o