Archive member included to satisfy reference by file (symbol)

C:/ST/STM32CubeIDE_2.1.1/STM32CubeIDE/plugins/com.st.stm32cube.ide.mcu.externaltools.gnu-tools-for-stm32.14.3.rel1.win32_1.0.100.202602081740/tools/bin/../lib/gcc/arm-none-eabi/14.3.1/../../../../arm-none-eabi/lib/thumb/v7-m/nofp\libc_nano.a(libc_a-exit.o)
                              C:/ST/STM32CubeIDE_2.1.1/STM32CubeIDE/plugins/com.st.stm32cube.ide.mcu.externaltools.gnu-tools-for-stm32.14.3.rel1.win32_1.0.100.202602081740/tools/bin/../lib/gcc/arm-none-eabi/14.3.1/../../../../arm-none-eabi/lib/thumb/v7-m/nofp/crt0.o (exit)
C:/ST/STM32CubeIDE_2.1.1/STM32CubeIDE/plugins/com.st.stm32cube.ide.mcu.externaltools.gnu-tools-for-stm32.14.3.rel1.win32_1.0.100.202602081740/tools/bin/../lib/gcc/arm-none-eabi/14.3.1/../../../../arm-none-eabi/lib/thumb/v7-m/nofp\libc_nano.a(libc_a-findfp.o)
                              ./Middlewares/Third_Party/FreeRTOS/Source/tasks.o (__sf)
C:/ST/STM32CubeIDE_2.1.1/STM32CubeIDE/plugins/com.st.stm32cube.ide.mcu.externaltools.gnu-tools-for-stm32.14.3.rel1.win32_1.0.100.202602081740/tools/bin/../lib/gcc/arm-none-eabi/14.3.1/../../../../arm-none-eabi/lib/thumb/v7-m/nofp\libc_nano.a(libc_a-fwalk.o)
                              C:/ST/STM32CubeIDE_2.1.1/STM32CubeIDE/plugins/com.st.stm32cube.ide.mcu.externaltools.gnu-tools-for-stm32.14.3.rel1.win32_1.0.100.202602081740/tools/bin/../lib/gcc/arm-none-eabi/14.3.1/../../../../arm-none-eabi/lib/thumb/v7-m/nofp\libc_nano.a(libc_a-findfp.o) (_fwalk_sglue)
C:/ST/STM32CubeIDE_2.1.1/STM32CubeIDE/plugins/com.st.stm32cube.ide.mcu.externaltools.gnu-tools-for-stm32.14.3.rel1.win32_1.0.100.202602081740/tools/bin/../lib/gcc/arm-none-eabi/14.3.1/../../../../arm-none-eabi/lib/thumb/v7-m/nofp\libc_nano.a(libc_a-stdio.o)
                              C:/ST/STM32CubeIDE_2.1.1/STM32CubeIDE/plugins/com.st.stm32cube.ide.mcu.externaltools.gnu-tools-for-stm32.14.3.rel1.win32_1.0.100.202602081740/tools/bin/../lib/gcc/arm-none-eabi/14.3.1/../../../../arm-none-eabi/lib/thumb/v7-m/nofp\libc_nano.a(libc_a-findfp.o) (__sread)
C:/ST/STM32CubeIDE_2.1.1/STM32CubeIDE/plugins/com.st.stm32cube.ide.mcu.externaltools.gnu-tools-for-stm32.14.3.rel1.win32_1.0.100.202602081740/tools/bin/../lib/gcc/arm-none-eabi/14.3.1/../../../../arm-none-eabi/lib/thumb/v7-m/nofp\libc_nano.a(libc_a-memset.o)
                              C:/ST/STM32CubeIDE_2.1.1/STM32CubeIDE/plugins/com.st.stm32cube.ide.mcu.externaltools.gnu-tools-for-stm32.14.3.rel1.win32_1.0.100.202602081740/tools/bin/../lib/gcc/arm-none-eabi/14.3.1/../../../../arm-none-eabi/lib/thumb/v7-m/nofp/crt0.o (memset)
C:/ST/STM32CubeIDE_2.1.1/STM32CubeIDE/plugins/com.st.stm32cube.ide.mcu.externaltools.gnu-tools-for-stm32.14.3.rel1.win32_1.0.100.202602081740/tools/bin/../lib/gcc/arm-none-eabi/14.3.1/../../../../arm-none-eabi/lib/thumb/v7-m/nofp\libc_nano.a(libc_a-strncpy.o)
                              ./Core/Src/main.o (strncpy)
C:/ST/STM32CubeIDE_2.1.1/STM32CubeIDE/plugins/com.st.stm32cube.ide.mcu.externaltools.gnu-tools-for-stm32.14.3.rel1.win32_1.0.100.202602081740/tools/bin/../lib/gcc/arm-none-eabi/14.3.1/../../../../arm-none-eabi/lib/thumb/v7-m/nofp\libc_nano.a(libc_a-closer.o)
                              C:/ST/STM32CubeIDE_2.1.1/STM32CubeIDE/plugins/com.st.stm32cube.ide.mcu.externaltools.gnu-tools-for-stm32.14.3.rel1.win32_1.0.100.202602081740/tools/bin/../lib/gcc/arm-none-eabi/14.3.1/../../../../arm-none-eabi/lib/thumb/v7-m/nofp\libc_nano.a(libc_a-stdio.o) (_close_r)
C:/ST/STM32CubeIDE_2.1.1/STM32CubeIDE/plugins/com.st.stm32cube.ide.mcu.externaltools.gnu-tools-for-stm32.14.3.rel1.win32_1.0.100.202602081740/tools/bin/../lib/gcc/arm-none-eabi/14.3.1/../../../../arm-none-eabi/lib/thumb/v7-m/nofp\libc_nano.a(libc_a-reent.o)
                              ./Middlewares/Third_Party/FreeRTOS/Source/tasks.o (_reclaim_reent)
C:/ST/STM32CubeIDE_2.1.1/STM32CubeIDE/plugins/com.st.stm32cube.ide.mcu.externaltools.gnu-tools-for-stm32.14.3.rel1.win32_1.0.100.202602081740/tools/bin/../lib/gcc/arm-none-eabi/14.3.1/../../../../arm-none-eabi/lib/thumb/v7-m/nofp\libc_nano.a(libc_a-impure.o)
                              ./Middlewares/Third_Party/FreeRTOS/Source/tasks.o (_impure_ptr)
C:/ST/STM32CubeIDE_2.1.1/STM32CubeIDE/plugins/com.st.stm32cube.ide.mcu.externaltools.gnu-tools-for-stm32.14.3.rel1.win32_1.0.100.202602081740/tools/bin/../lib/gcc/arm-none-eabi/14.3.1/../../../../arm-none-eabi/lib/thumb/v7-m/nofp\libc_nano.a(libc_a-lseekr.o)
                              C:/ST/STM32CubeIDE_2.1.1/STM32CubeIDE/plugins/com.st.stm32cube.ide.mcu.externaltools.gnu-tools-for-stm32.14.3.rel1.win32_1.0.100.202602081740/tools/bin/../lib/gcc/arm-none-eabi/14.3.1/../../../../arm-none-eabi/lib/thumb/v7-m/nofp\libc_nano.a(libc_a-stdio.o) (_lseek_r)
[...]
Memory Configuration

Name             Origin             Length             Attributes
RAM              0x20000000         0x00005000         xrw
FLASH            0x08000000         0x00010000         xr
*default*        0x00000000         0xffffffff

Linker script and memory map

LOAD C:/ST/STM32CubeIDE_2.1.1/STM32CubeIDE/plugins/com.st.stm32cube.ide.mcu.externaltools.gnu-tools-for-stm32.14.3.rel1.win32_1.0.100.202602081740/tools/bin/../lib/gcc/arm-none-eabi/14.3.1/thumb/v7-m/nofp/crti.o
LOAD C:/ST/STM32CubeIDE_2.1.1/STM32CubeIDE/plugins/com.st.stm32cube.ide.mcu.externaltools.gnu-tools-for-stm32.14.3.rel1.win32_1.0.100.202602081740/tools/bin/../lib/gcc/arm-none-eabi/14.3.1/thumb/v7-m/nofp/crtbegin.o
LOAD C:/ST/STM32CubeIDE_2.1.1/STM32CubeIDE/plugins/com.st.stm32cube.ide.mcu.externaltools.gnu-tools-for-stm32.14.3.rel1.win32_1.0.100.202602081740/tools/bin/../lib/gcc/arm-none-eabi/14.3.1/../../../../arm-none-eabi/lib/thumb/v7-m/nofp/crt0.o
LOAD ./Core/Src/freertos.o
LOAD ./Core/Src/funcoes_SPI_display.o
LOAD ./Core/Src/main.o
LOAD ./Core/Src/stm32f1xx_hal_msp.o
LOAD ./Core/Src/stm32f1xx_hal_timebase_tim.o
LOAD ./Core/Src/stm32f1xx_it.o
LOAD ./Core/Src/syscalls.o
LOAD ./Core/Src/sysmem.o
LOAD ./Core/Src/system_stm32f1xx.o
LOAD ./Core/Startup/startup_stm32f103c8tx.o
LOAD ./Drivers/STM32F1xx_HAL_Driver/Src/stm32f1xx_hal.o
LOAD ./Drivers/STM32F1xx_HAL_Driver/Src/stm32f1xx_hal_adc.o
LOAD ./Drivers/STM32F1xx_HAL_Driver/Src/stm32f1xx_hal_adc_ex.o
LOAD ./Drivers/STM32F1xx_HAL_Driver/Src/stm32f1xx_hal_cortex.o
LOAD ./Drivers/STM32F1xx_HAL_Driver/Src/stm32f1xx_hal_dma.o
LOAD ./Drivers/STM32F1xx_HAL_Driver/Src/stm32f1xx_hal_exti.o
LOAD ./Drivers/STM32F1xx_HAL_Driver/Src/stm32f1xx_hal_flash.o
LOAD ./Drivers/STM32F1xx_HAL_Driver/Src/stm32f1xx_hal_flash_ex.o
LOAD ./Drivers/STM32F1xx_HAL_Driver/Src/stm32f1xx_hal_gpio.o
LOAD ./Drivers/STM32F1xx_HAL_Driver/Src/stm32f1xx_hal_gpio_ex.o
LOAD ./Drivers/STM32F1xx_HAL_Driver/Src/stm32f1xx_hal_pwr.o
LOAD ./Drivers/STM32F1xx_HAL_Driver/Src/stm32f1xx_hal_rcc.o
LOAD ./Drivers/STM32F1xx_HAL_Driver/Src/stm32f1xx_hal_rcc_ex.o
LOAD ./Drivers/STM32F1xx_HAL_Driver/Src/stm32f1xx_hal_tim.o
LOAD ./Drivers/STM32F1xx_HAL_Driver/Src/stm32f1xx_hal_tim_ex.o
LOAD ./Drivers/STM32F1xx_HAL_Driver/Src/stm32f1xx_hal_uart.o
LOAD ./Middlewares/Third_Party/FreeRTOS/Source/CMSIS_RTOS_V2/cmsis_os2.o
LOAD ./Middlewares/Third_Party/FreeRTOS/Source/croutine.o
LOAD ./Middlewares/Third_Party/FreeRTOS/Source/event_groups.o
LOAD ./Middlewares/Third_Party/FreeRTOS/Source/list.o
LOAD ./Middlewares/Third_Party/FreeRTOS/Source/queue.o
LOAD ./Middlewares/Third_Party/FreeRTOS/Source/stream_buffer.o
LOAD ./Middlewares/Third_Party/FreeRTOS/Source/tasks.o
LOAD ./Middlewares/Third_Party/FreeRTOS/Source/timers.o
LOAD ./Middlewares/Third_Party/FreeRTOS/Source/portable/GCC/ARM_CM3/port.o
LOAD ./Middlewares/Third_Party/FreeRTOS/Source/portable/MemMang/heap_4.o
START GROUP
LOAD C:/ST/STM32CubeIDE_2.1.1/STM32CubeIDE/plugins/com.st.stm32cube.ide.mcu.externaltools.gnu-tools-for-stm32.14.3.rel1.win32_1.0.100.202602081740/tools/bin/../lib/gcc/arm-none-eabi/14.3.1/../../../../arm-none-eabi/lib/thumb/v7-m/nofp\libc_nano.a
LOAD C:/ST/STM32CubeIDE_2.1.1/STM32CubeIDE/plugins/com.st.stm32cube.ide.mcu.externaltools.gnu-tools-for-stm32.14.3.rel1.win32_1.0.100.202602081740/tools/bin/../lib/gcc/arm-none-eabi/14.3.1/../../../../arm-none-eabi/lib/thumb/v7-m/nofp\libm.a
END GROUP
START GROUP
LOAD C:/ST/STM32CubeIDE_2.1.1/STM32CubeIDE/plugins/com.st.stm32cube.ide.mcu.externaltools.gnu-tools-for-stm32.14.3.rel1.win32_1.0.100.202602081740/tools/bin/../lib/gcc/arm-none-eabi/14.3.1/thumb/v7-m/nofp\libgcc.a
LOAD C:/ST/STM32CubeIDE_2.1.1/STM32CubeIDE/plugins/com.st.stm32cube.ide.mcu.externaltools.gnu-tools-for-stm32.14.3.rel1.win32_1.0.100.202602081740/tools/bin/../lib/gcc/arm-none-eabi/14.3.1/../../../../arm-none-eabi/lib/thumb/v7-m/nofp\libc_nano.a
END GROUP
START GROUP
LOAD C:/ST/STM32CubeIDE_2.1.1/STM32CubeIDE/plugins/com.st.stm32cube.ide.mcu.externaltools.gnu-tools-for-stm32.14.3.rel1.win32_1.0.100.202602081740/tools/bin/../lib/gcc/arm-none-eabi/14.3.1/thumb/v7-m/nofp\libgcc.a
LOAD C:/ST/STM32CubeIDE_2.1.1/STM32CubeIDE/plugins/com.st.stm32cube.ide.mcu.externaltools.gnu-tools-for-stm32.14.3.rel1.win32_1.0.100.202602081740/tools/bin/../lib/gcc/arm-none-eabi/14.3.1/../../../../arm-none-eabi/lib/thumb/v7-m/nofp\libc_nano.a
LOAD C:/ST/STM32CubeIDE_2.1.1/STM32CubeIDE/plugins/com.st.stm32cube.ide.mcu.externaltools.gnu-tools-for-stm32.14.3.rel1.win32_1.0.100.202602081740/tools/bin/../lib/gcc/arm-none-eabi/14.3.1/../../../../arm-none-eabi/lib/thumb/v7-m/nofp\libnosys.a
END GROUP
START GROUP
LOAD C:/ST/STM32CubeIDE_2.1.1/STM32CubeIDE/plugins/com.st.stm32cube.ide.mcu.externaltools.gnu-tools-for-stm32.14.3.rel1.win32_1.0.100.202602081740/tools/bin/../lib/gcc/arm-none-eabi/14.3.1/thumb/v7-m/nofp\libgcc.a
LOAD C:/ST/STM32CubeIDE_2.1.1/STM32CubeIDE/plugins/com.st.stm32cube.ide.mcu.externaltools.gnu-tools-for-stm32.14.3.rel1.win32_1.0.100.202602081740/tools/bin/../lib/gcc/arm-none-eabi/14.3.1/../../../../arm-none-eabi/lib/thumb/v7-m/nofp\libc_nano.a
LOAD C:/ST/STM32CubeIDE_2.1.1/STM32CubeIDE/plugins/com.st.stm32cube.ide.mcu.externaltools.gnu-tools-for-stm32.14.3.rel1.win32_1.0.100.202602081740/tools/bin/../lib/gcc/arm-none-eabi/14.3.1/../../../../arm-none-eabi/lib/thumb/v7-m/nofp\libnosys.a
END GROUP
LOAD C:/ST/STM32CubeIDE_2.1.1/STM32CubeIDE/plugins/com.st.stm32cube.ide.mcu.externaltools.gnu-tools-for-stm32.14.3.rel1.win32_1.0.100.202602081740/tools/bin/../lib/gcc/arm-none-eabi/14.3.1/thumb/v7-m/nofp/crtend.o
LOAD C:/ST/STM32CubeIDE_2.1.1/STM32CubeIDE/plugins/com.st.stm32cube.ide.mcu.externaltools.gnu-tools-for-stm32.14.3.rel1.win32_1.0.100.202602081740/tools/bin/../lib/gcc/arm-none-eabi/14.3.1/thumb/v7-m/nofp/crtn.o
                0x20005000                        _estack = (ORIGIN (RAM) + LENGTH (RAM))
                0x00000200                        _Min_Heap_Size = 0x200
                0x00000400                        _Min_Stack_Size = 0x400

.isr_vector     0x08000000      0x10c
                0x08000000                        . = ALIGN (0x4)
 *(.isr_vector)
 .isr_vector    0x08000000      0x10c ./Core/Startup/startup_stm32f103c8tx.o
                0x08000000                g_pfnVectors
                0x0800010c                        . = ALIGN (0x4)

.text           0x08000110     0x7234
                0x08000110                        . = ALIGN (0x4)
 *(.text)
 .text          0x08000110       0x40 C:/ST/STM32CubeIDE_2.1.1/STM32CubeIDE/plugins/com.st.stm32cube.ide.mcu.externaltools.gnu-tools-for-stm32.14.3.rel1.win32_1.0.100.202602081740/tools/bin/../lib/gcc/arm-none-eabi/14.3.1/thumb/v7-m/nofp/crtbegin.o
 *(.text*)
 .text.vApplicationTickHook
                0x08000150        0xc ./Core/Src/freertos.o
                0x08000150                vApplicationTickHook
 .text.conv_7_seg
                0x0800015c      0x128 ./Core/Src/funcoes_SPI_display.o
                0x0800015c                conv_7_seg
 .text.serializar
                0x08000284       0x90 ./Core/Src/funcoes_SPI_display.o
                0x08000284                serializar
 .text.mostrar_no_display
                0x08000314      0x180 ./Core/Src/funcoes_SPI_display.o
                0x08000314                mostrar_no_display
 .text.main     0x08000494       0xd4 ./Core/Src/main.o
                0x08000494                main
 .text.SystemClock_Config
                0x08000568       0xb6 ./Core/Src/main.o
                0x08000568                SystemClock_Config
 .text.MX_NVIC_Init
                0x0800061e       0x58 ./Core/Src/main.o
 *fill*         0x08000676        0x2 
 .text.MX_ADC1_Init
                0x08000678       0x7c ./Core/Src/main.o
 .text.MX_USART1_UART_Init
                0x080006f4       0x54 ./Core/Src/main.o
 .text.MX_DMA_Init
                0x08000748       0x4c ./Core/Src/main.o
 .text.MX_GPIO_Init
                0x08000794       0xc4 ./Core/Src/main.o
 .text.HAL_ADC_ConvCpltCallback
                0x08000858       0xf8 ./Core/Src/main.o
                0x08000858                HAL_ADC_ConvCpltCallback
 .text.HAL_UART_RxCpltCallback
                0x08000950      0x11c ./Core/Src/main.o
                0x08000950                HAL_UART_RxCpltCallback
 .text.StartDefaultTask
                0x08000a6c       0x10 ./Core/Src/main.o
                0x08000a6c                StartDefaultTask
 .text.checaBotao
                0x08000a7c       0x9c ./Core/Src/main.o
                0x08000a7c                checaBotao
 .text.mostraDisplay
                0x08000b18       0x10 ./Core/Src/main.o
                0x08000b18                mostraDisplay
 .text.UART_TX  0x08000b28      0x11c ./Core/Src/main.o
                0x08000b28                UART_TX
 .text.UART_RX  0x08000c44       0x28 ./Core/Src/main.o
                0x08000c44                UART_RX
 .text.stateMachine
                0x08000c6c      0x1b4 ./Core/Src/main.o
                0x08000c6c                stateMachine
 .text.HAL_TIM_PeriodElapsedCallback
                0x08000e20      0x22c ./Core/Src/main.o
                0x08000e20                HAL_TIM_PeriodElapsedCallback
 .text.Error_Handler
                0x0800104c        0xc ./Core/Src/main.o
                0x0800104c                Error_Handler
 .text.HAL_MspInit
                0x08001058       0x70 ./Core/Src/stm32f1xx_hal_msp.o
                0x08001058                HAL_MspInit
 .text.HAL_ADC_MspInit
                0x080010c8       0x78 ./Core/Src/stm32f1xx_hal_msp.o
                0x080010c8                HAL_ADC_MspInit
 .text.HAL_UART_MspInit
                0x08001140      0x140 ./Core/Src/stm32f1xx_hal_msp.o
                0x08001140                HAL_UART_MspInit
 .text.HAL_InitTick
                0x08001280       0xfc ./Core/Src/stm32f1xx_hal_timebase_tim.o
                0x08001280                HAL_InitTick
 .text.NMI_Handler
                0x0800137c        0x8 ./Core/Src/stm32f1xx_it.o
                0x0800137c                NMI_Handler
 .text.HardFault_Handler
                0x08001384        0x8 ./Core/Src/stm32f1xx_it.o
                0x08001384                HardFault_Handler
 .text.MemManage_Handler
                0x0800138c        0x8 ./Core/Src/stm32f1xx_it.o
                0x0800138c                MemManage_Handler
 .text.BusFault_Handler
                0x08001394        0x8 ./Core/Src/stm32f1xx_it.o
                0x08001394                BusFault_Handler
 .text.UsageFault_Handler
                0x0800139c        0x8 ./Core/Src/stm32f1xx_it.o
                0x0800139c                UsageFault_Handler
 .text.DebugMon_Handler
                0x080013a4        0xc ./Core/Src/stm32f1xx_it.o
                0x080013a4                DebugMon_Handler
 .text.EXTI1_IRQHandler
                0x080013b0        0xe ./Core/Src/stm32f1xx_it.o
                0x080013b0                EXTI1_IRQHandler
 .text.EXTI2_IRQHandler
                0x080013be        0xe ./Core/Src/stm32f1xx_it.o
                0x080013be                EXTI2_IRQHandler
 .text.EXTI3_IRQHandler
                0x080013cc        0xe ./Core/Src/stm32f1xx_it.o
                0x080013cc                EXTI3_IRQHandler
 *fill*         0x080013da        0x2 
 .text.DMA1_Channel4_IRQHandler
                0x080013dc       0x14 ./Core/Src/stm32f1xx_it.o
                0x080013dc                DMA1_Channel4_IRQHandler
 .text.DMA1_Channel5_IRQHandler
                0x080013f0       0x14 ./Core/Src/stm32f1xx_it.o
                0x080013f0                DMA1_Channel5_IRQHandler
 .text.ADC1_2_IRQHandler
                0x08001404       0x14 ./Core/Src/stm32f1xx_it.o
                0x08001404                ADC1_2_IRQHandler
 .text.TIM4_IRQHandler
                0x08001418       0x14 ./Core/Src/stm32f1xx_it.o
                0x08001418                TIM4_IRQHandler
 .text.USART1_IRQHandler
                0x0800142c       0x14 ./Core/Src/stm32f1xx_it.o
                0x0800142c                USART1_IRQHandler
 .text.SystemInit
                0x08001440        0xc ./Core/Src/system_stm32f1xx.o
                0x08001440                SystemInit
 .text.Reset_Handler
                0x0800144c       0x48 ./Core/Startup/startup_stm32f103c8tx.o
                0x0800144c                Reset_Handler
 .text.Default_Handler
                0x08001494        0x2 ./Core/Startup/startup_stm32f103c8tx.o
                0x08001494                RTC_Alarm_IRQHandler
                0x08001494                TIM1_CC_IRQHandler
                0x08001494                PVD_IRQHandler
                0x08001494                EXTI0_IRQHandler
                0x08001494                I2C2_EV_IRQHandler
                0x08001494                SPI1_IRQHandler
                0x08001494                TAMPER_IRQHandler
                0x08001494                USART3_IRQHandler
                0x08001494                RTC_IRQHandler
                0x08001494                DMA1_Channel7_IRQHandler
                0x08001494                CAN1_RX1_IRQHandler
                0x08001494                I2C1_EV_IRQHandler
                0x08001494                DMA1_Channel6_IRQHandler
                0x08001494                TIM3_IRQHandler
                0x08001494                RCC_IRQHandler
                0x08001494                TIM1_TRG_COM_IRQHandler
                0x08001494                DMA1_Channel1_IRQHandler
                0x08001494                Default_Handler
                0x08001494                EXTI15_10_IRQHandler
                0x08001494                EXTI9_5_IRQHandler
                0x08001494                SPI2_IRQHandler
                0x08001494                EXTI4_IRQHandler
                0x08001494                USB_LP_CAN1_RX0_IRQHandler
                0x08001494                USB_HP_CAN1_TX_IRQHandler
                0x08001494                DMA1_Channel3_IRQHandler
                0x08001494                TIM1_UP_IRQHandler
                0x08001494                WWDG_IRQHandler
                0x08001494                TIM2_IRQHandler
                0x08001494                TIM1_BRK_IRQHandler
                0x08001494                USART2_IRQHandler
                0x08001494                I2C2_ER_IRQHandler
                0x08001494                DMA1_Channel2_IRQHandler
                0x08001494                CAN1_SCE_IRQHandler
                0x08001494                FLASH_IRQHandler
                0x08001494                I2C1_ER_IRQHandler
                0x08001494                USBWakeUp_IRQHandler
 *fill*         0x08001496        0x2 
 .text.HAL_Init
                0x08001498       0x2c ./Drivers/STM32F1xx_HAL_Driver/Src/stm32f1xx_hal.o
                0x08001498                HAL_Init
 .text.HAL_IncTick
                0x080014c4       0x24 ./Drivers/STM32F1xx_HAL_Driver/Src/stm32f1xx_hal.o
                0x080014c4                HAL_IncTick
 .text.HAL_GetTick
                0x080014e8       0x14 ./Drivers/STM32F1xx_HAL_Driver/Src/stm32f1xx_hal.o
                0x080014e8                HAL_GetTick
 .text.HAL_ADC_Init
                0x080014fc      0x1b0 ./Drivers/STM32F1xx_HAL_Driver/Src/stm32f1xx_hal_adc.o
                0x080014fc                HAL_ADC_Init
 .text.HAL_ADC_Start_IT
                0x080016ac      0x16c ./Drivers/STM32F1xx_HAL_Driver/Src/stm32f1xx_hal_adc.o
                0x080016ac                HAL_ADC_Start_IT
 .text.HAL_ADC_GetValue
                0x08001818       0x18 ./Drivers/STM32F1xx_HAL_Driver/Src/stm32f1xx_hal_adc.o
                0x08001818                HAL_ADC_GetValue
 .text.HAL_ADC_IRQHandler
                0x08001830      0x17e ./Drivers/STM32F1xx_HAL_Driver/Src/stm32f1xx_hal_adc.o
                0x08001830                HAL_ADC_IRQHandler
 .text.HAL_ADC_LevelOutOfWindowCallback
                0x080019ae       0x12 ./Drivers/STM32F1xx_HAL_Driver/Src/stm32f1xx_hal_adc.o
                0x080019ae                HAL_ADC_LevelOutOfWindowCallback
 .text.HAL_ADC_ConfigChannel
                0x080019c0      0x1f0 ./Drivers/STM32F1xx_HAL_Driver/Src/stm32f1xx_hal_adc.o
                0x080019c0                HAL_ADC_ConfigChannel
 .text.ADC_Enable
                0x08001bb0       0xb4 ./Drivers/STM32F1xx_HAL_Driver/Src/stm32f1xx_hal_adc.o
                0x08001bb0                ADC_Enable
 .text.ADC_ConversionStop_Disable
                0x08001c64       0x82 ./Drivers/STM32F1xx_HAL_Driver/Src/stm32f1xx_hal_adc.o
                0x08001c64                ADC_ConversionStop_Disable
 .text.HAL_ADCEx_InjectedConvCpltCallback
                0x08001ce6       0x12 ./Drivers/STM32F1xx_HAL_Driver/Src/stm32f1xx_hal_adc_ex.o
                0x08001ce6                HAL_ADCEx_InjectedConvCpltCallback
 .text.__NVIC_SetPriorityGrouping
                0x08001cf8       0x48 ./Drivers/STM32F1xx_HAL_Driver/Src/stm32f1xx_hal_cortex.o
 .text.__NVIC_GetPriorityGrouping
                0x08001d40       0x1c ./Drivers/STM32F1xx_HAL_Driver/Src/stm32f1xx_hal_cortex.o
 .text.__NVIC_EnableIRQ
                0x08001d5c       0x38 ./Drivers/STM32F1xx_HAL_Driver/Src/stm32f1xx_hal_cortex.o
 .text.__NVIC_SetPriority
                0x08001d94       0x54 ./Drivers/STM32F1xx_HAL_Driver/Src/stm32f1xx_hal_cortex.o
 .text.NVIC_EncodePriority
                0x08001de8       0x64 ./Drivers/STM32F1xx_HAL_Driver/Src/stm32f1xx_hal_cortex.o
 .text.HAL_NVIC_SetPriorityGrouping
                0x08001e4c       0x16 ./Drivers/STM32F1xx_HAL_Driver/Src/stm32f1xx_hal_cortex.o
                0x08001e4c                HAL_NVIC_SetPriorityGrouping
 .text.HAL_NVIC_SetPriority
                0x08001e62       0x38 ./Drivers/STM32F1xx_HAL_Driver/Src/stm32f1xx_hal_cortex.o
                0x08001e62                HAL_NVIC_SetPriority
 .text.HAL_NVIC_EnableIRQ
                0x08001e9a       0x1c ./Drivers/STM32F1xx_HAL_Driver/Src/stm32f1xx_hal_cortex.o
                0x08001e9a                HAL_NVIC_EnableIRQ
 *fill*         0x08001eb6        0x2 
 .text.HAL_DMA_Init
                0x08001eb8       0xb4 ./Drivers/STM32F1xx_HAL_Driver/Src/stm32f1xx_hal_dma.o
                0x08001eb8                HAL_DMA_Init
 .text.HAL_DMA_Start_IT
                0x08001f6c       0xc0 ./Drivers/STM32F1xx_HAL_Driver/Src/stm32f1xx_hal_dma.o
                0x08001f6c                HAL_DMA_Start_IT
 .text.HAL_DMA_Abort
                0x0800202c       0x76 ./Drivers/STM32F1xx_HAL_Driver/Src/stm32f1xx_hal_dma.o
                0x0800202c                HAL_DMA_Abort
 *fill*         0x080020a2        0x2 
 .text.HAL_DMA_Abort_IT
                0x080020a4       0xf0 ./Drivers/STM32F1xx_HAL_Driver/Src/stm32f1xx_hal_dma.o
                0x080020a4                HAL_DMA_Abort_IT
 .text.HAL_DMA_IRQHandler
                0x08002194      0x20c ./Drivers/STM32F1xx_HAL_Driver/Src/stm32f1xx_hal_dma.o
                0x08002194                HAL_DMA_IRQHandler
 .text.DMA_SetConfig
                0x080023a0       0x5a ./Drivers/STM32F1xx_HAL_Driver/Src/stm32f1xx_hal_dma.o
 *fill*         0x080023fa        0x2 
 .text.HAL_GPIO_Init
                0x080023fc      0x308 ./Drivers/STM32F1xx_HAL_Driver/Src/stm32f1xx_hal_gpio.o
                0x080023fc                HAL_GPIO_Init
 .text.HAL_GPIO_ReadPin
                0x08002704       0x2e ./Drivers/STM32F1xx_HAL_Driver/Src/stm32f1xx_hal_gpio.o
                0x08002704                HAL_GPIO_ReadPin
 .text.HAL_GPIO_WritePin
                0x08002732       0x30 ./Drivers/STM32F1xx_HAL_Driver/Src/stm32f1xx_hal_gpio.o
                0x08002732                HAL_GPIO_WritePin
 *fill*         0x08002762        0x2 
 .text.HAL_GPIO_EXTI_IRQHandler
                0x08002764       0x30 ./Drivers/STM32F1xx_HAL_Driver/Src/stm32f1xx_hal_gpio.o
                0x08002764                HAL_GPIO_EXTI_IRQHandler
 .text.HAL_GPIO_EXTI_Callback
                0x08002794       0x14 ./Drivers/STM32F1xx_HAL_Driver/Src/stm32f1xx_hal_gpio.o
                0x08002794                HAL_GPIO_EXTI_Callback
 .text.HAL_RCC_OscConfig
                0x080027a8      0x504 ./Drivers/STM32F1xx_HAL_Driver/Src/stm32f1xx_hal_rcc.o
                0x080027a8                HAL_RCC_OscConfig
 .text.HAL_RCC_ClockConfig
                0x08002cac      0x1d4 ./Drivers/STM32F1xx_HAL_Driver/Src/stm32f1xx_hal_rcc.o
                0x08002cac                HAL_RCC_ClockConfig
 .text.HAL_RCC_GetSysClockFreq
                0x08002e80       0xa8 ./Drivers/STM32F1xx_HAL_Driver/Src/stm32f1xx_hal_rcc.o
                0x08002e80                HAL_RCC_GetSysClockFreq
 .text.HAL_RCC_GetHCLKFreq
                0x08002f28       0x14 ./Drivers/STM32F1xx_HAL_Driver/Src/stm32f1xx_hal_rcc.o
                0x08002f28                HAL_RCC_GetHCLKFreq
 .text.HAL_RCC_GetPCLK1Freq
                0x08002f3c       0x28 ./Drivers/STM32F1xx_HAL_Driver/Src/stm32f1xx_hal_rcc.o
                0x08002f3c                HAL_RCC_GetPCLK1Freq
 .text.HAL_RCC_GetPCLK2Freq
                0x08002f64       0x28 ./Drivers/STM32F1xx_HAL_Driver/Src/stm32f1xx_hal_rcc.o
                0x08002f64                HAL_RCC_GetPCLK2Freq
 .text.HAL_RCC_GetClockConfig
                0x08002f8c       0x60 ./Drivers/STM32F1xx_HAL_Driver/Src/stm32f1xx_hal_rcc.o
                0x08002f8c                HAL_RCC_GetClockConfig
 .text.RCC_Delay
                0x08002fec       0x3c ./Drivers/STM32F1xx_HAL_Driver/Src/stm32f1xx_hal_rcc.o
 .text.HAL_RCCEx_PeriphCLKConfig
                0x08003028      0x16c ./Drivers/STM32F1xx_HAL_Driver/Src/stm32f1xx_hal_rcc_ex.o
                0x08003028                HAL_RCCEx_PeriphCLKConfig
 .text.HAL_TIM_Base_Init
                0x08003194       0x9e ./Drivers/STM32F1xx_HAL_Driver/Src/stm32f1xx_hal_tim.o
                0x08003194                HAL_TIM_Base_Init
 .text.HAL_TIM_Base_MspInit
                0x08003232       0x12 ./Drivers/STM32F1xx_HAL_Driver/Src/stm32f1xx_hal_tim.o
                0x08003232                HAL_TIM_Base_MspInit
 .text.HAL_TIM_Base_Start_IT
                0x08003244       0xa4 ./Drivers/STM32F1xx_HAL_Driver/Src/stm32f1xx_hal_tim.o
                0x08003244                HAL_TIM_Base_Start_IT
 .text.HAL_TIM_IRQHandler
                0x080032e8      0x1e0 ./Drivers/STM32F1xx_HAL_Driver/Src/stm32f1xx_hal_tim.o
                0x080032e8                HAL_TIM_IRQHandler
 .text.HAL_TIM_OC_DelayElapsedCallback
                0x080034c8       0x12 ./Drivers/STM32F1xx_HAL_Driver/Src/stm32f1xx_hal_tim.o
                0x080034c8                HAL_TIM_OC_DelayElapsedCallback
 .text.HAL_TIM_IC_CaptureCallback
                0x080034da       0x12 ./Drivers/STM32F1xx_HAL_Driver/Src/stm32f1xx_hal_tim.o
                0x080034da                HAL_TIM_IC_CaptureCallback
 .text.HAL_TIM_PWM_PulseFinishedCallback
                0x080034ec       0x12 ./Drivers/STM32F1xx_HAL_Driver/Src/stm32f1xx_hal_tim.o
                0x080034ec                HAL_TIM_PWM_PulseFinishedCallback
 .text.HAL_TIM_TriggerCallback
                0x080034fe       0x12 ./Drivers/STM32F1xx_HAL_Driver/Src/stm32f1xx_hal_tim.o
                0x080034fe                HAL_TIM_TriggerCallback
 .text.TIM_Base_SetConfig
                0x08003510       0xdc ./Drivers/STM32F1xx_HAL_Driver/Src/stm32f1xx_hal_tim.o
                0x08003510                TIM_Base_SetConfig
 .text.HAL_TIMEx_CommutCallback
                0x080035ec       0x12 ./Drivers/STM32F1xx_HAL_Driver/Src/stm32f1xx_hal_tim_ex.o
                0x080035ec                HAL_TIMEx_CommutCallback
 .text.HAL_TIMEx_BreakCallback
                0x080035fe       0x12 ./Drivers/STM32F1xx_HAL_Driver/Src/stm32f1xx_hal_tim_ex.o
                0x080035fe                HAL_TIMEx_BreakCallback
 .text.HAL_UART_Init
                0x08003610       0xa0 ./Drivers/STM32F1xx_HAL_Driver/Src/stm32f1xx_hal_uart.o
                0x08003610                HAL_UART_Init
 .text.HAL_UART_Transmit_DMA
                0x080036b0       0xe0 ./Drivers/STM32F1xx_HAL_Driver/Src/stm32f1xx_hal_uart.o
                0x080036b0                HAL_UART_Transmit_DMA
 .text.HAL_UART_Receive_DMA
                0x08003790       0x4a ./Drivers/STM32F1xx_HAL_Driver/Src/stm32f1xx_hal_uart.o
                0x08003790                HAL_UART_Receive_DMA
 *fill*         0x080037da        0x2 
 .text.HAL_UART_IRQHandler
                0x080037dc      0x524 ./Drivers/STM32F1xx_HAL_Driver/Src/stm32f1xx_hal_uart.o
                0x080037dc                HAL_UART_IRQHandler
 .text.HAL_UART_TxCpltCallback
                0x08003d00       0x12 ./Drivers/STM32F1xx_HAL_Driver/Src/stm32f1xx_hal_uart.o
                0x08003d00                HAL_UART_TxCpltCallback
 .text.HAL_UART_TxHalfCpltCallback
                0x08003d12       0x12 ./Drivers/STM32F1xx_HAL_Driver/Src/stm32f1xx_hal_uart.o
                0x08003d12                HAL_UART_TxHalfCpltCallback
 .text.HAL_UART_RxHalfCpltCallback
                0x08003d24       0x12 ./Drivers/STM32F1xx_HAL_Driver/Src/stm32f1xx_hal_uart.o
                0x08003d24                HAL_UART_RxHalfCpltCallback
 .text.HAL_UART_ErrorCallback
                0x08003d36       0x12 ./Drivers/STM32F1xx_HAL_Driver/Src/stm32f1xx_hal_uart.o
                0x08003d36                HAL_UART_ErrorCallback
 .text.HAL_UARTEx_RxEventCallback
                0x08003d48       0x16 ./Drivers/STM32F1xx_HAL_Driver/Src/stm32f1xx_hal_uart.o
                0x08003d48                HAL_UARTEx_RxEventCallback
 .text.HAL_UART_GetState
                0x08003d5e       0x3a ./Drivers/STM32F1xx_HAL_Driver/Src/stm32f1xx_hal_uart.o
                0x08003d5e                HAL_UART_GetState
 .text.UART_DMATransmitCplt
                0x08003d98       0x9a ./Drivers/STM32F1xx_HAL_Driver/Src/stm32f1xx_hal_uart.o
 .text.UART_DMATxHalfCplt
                0x08003e32       0x1c ./Drivers/STM32F1xx_HAL_Driver/Src/stm32f1xx_hal_uart.o
 .text.UART_DMAReceiveCplt
                0x08003e4e      0x12c ./Drivers/STM32F1xx_HAL_Driver/Src/stm32f1xx_hal_uart.o
 .text.UART_DMARxHalfCplt
                0x08003f7a       0x3c ./Drivers/STM32F1xx_HAL_Driver/Src/stm32f1xx_hal_uart.o
 .text.UART_DMAError
                0x08003fb6       0x94 ./Drivers/STM32F1xx_HAL_Driver/Src/stm32f1xx_hal_uart.o
 *fill*         0x0800404a        0x2 
 .text.UART_Start_Receive_DMA
                0x0800404c      0x134 ./Drivers/STM32F1xx_HAL_Driver/Src/stm32f1xx_hal_uart.o
                0x0800404c                UART_Start_Receive_DMA
 .text.UART_EndTxTransfer
                0x08004180       0x4e ./Drivers/STM32F1xx_HAL_Driver/Src/stm32f1xx_hal_uart.o
 .text.UART_EndRxTransfer
                0x080041ce       0xc4 ./Drivers/STM32F1xx_HAL_Driver/Src/stm32f1xx_hal_uart.o
 .text.UART_DMAAbortOnError
                0x08004292       0x28 ./Drivers/STM32F1xx_HAL_Driver/Src/stm32f1xx_hal_uart.o
 .text.UART_Transmit_IT
                0x080042ba       0x9e ./Drivers/STM32F1xx_HAL_Driver/Src/stm32f1xx_hal_uart.o
 .text.UART_EndTransmit_IT
                0x08004358       0x30 ./Drivers/STM32F1xx_HAL_Driver/Src/stm32f1xx_hal_uart.o
 .text.UART_Receive_IT
                0x08004388      0x17c ./Drivers/STM32F1xx_HAL_Driver/Src/stm32f1xx_hal_uart.o
 .text.UART_SetConfig
                0x08004504      0x11c ./Drivers/STM32F1xx_HAL_Driver/Src/stm32f1xx_hal_uart.o
 .text.__NVIC_SetPriority
                0x08004620       0x54 ./Middlewares/Third_Party/FreeRTOS/Source/CMSIS_RTOS_V2/cmsis_os2.o
 .text.SysTick_Handler
                0x08004674       0x20 ./Middlewares/Third_Party/FreeRTOS/Source/CMSIS_RTOS_V2/cmsis_os2.o
                0x08004674                SysTick_Handler
 .text.SVC_Setup
                0x08004694       0x12 ./Middlewares/Third_Party/FreeRTOS/Source/CMSIS_RTOS_V2/cmsis_os2.o
 *fill*         0x080046a6        0x2 
 .text.osKernelInitialize
                0x080046a8       0x44 ./Middlewares/Third_Party/FreeRTOS/Source/CMSIS_RTOS_V2/cmsis_os2.o
                0x080046a8                osKernelInitialize
 .text.osKernelStart
                0x080046ec       0x4c ./Middlewares/Third_Party/FreeRTOS/Source/CMSIS_RTOS_V2/cmsis_os2.o
                0x080046ec                osKernelStart
 .text.osThreadNew
                0x08004738      0x124 ./Middlewares/Third_Party/FreeRTOS/Source/CMSIS_RTOS_V2/cmsis_os2.o
                0x08004738                osThreadNew
 .text.osDelay  0x0800485c       0x36 ./Middlewares/Third_Party/FreeRTOS/Source/CMSIS_RTOS_V2/cmsis_os2.o
                0x0800485c                osDelay
 *fill*         0x08004892        0x2 
 .text.vApplicationGetIdleTaskMemory
                0x08004894       0x30 ./Middlewares/Third_Party/FreeRTOS/Source/CMSIS_RTOS_V2/cmsis_os2.o
                0x08004894                vApplicationGetIdleTaskMemory
 .text.vApplicationGetTimerTaskMemory
                0x080048c4       0x30 ./Middlewares/Third_Party/FreeRTOS/Source/CMSIS_RTOS_V2/cmsis_os2.o
                0x080048c4                vApplicationGetTimerTaskMemory
 .text.vListInitialise
                0x080048f4       0x3e ./Middlewares/Third_Party/FreeRTOS/Source/list.o
                0x080048f4                vListInitialise
 .text.vListInitialiseItem
                0x08004932       0x18 ./Middlewares/Third_Party/FreeRTOS/Source/list.o
                0x08004932                vListInitialiseItem
 .text.vListInsertEnd
                0x0800494a       0x46 ./Middlewares/Third_Party/FreeRTOS/Source/list.o
                0x0800494a                vListInsertEnd
 .text.vListInsert
                0x08004990       0x70 ./Middlewares/Third_Party/FreeRTOS/Source/list.o
                0x08004990                vListInsert
 .text.uxListRemove
                0x08004a00       0x52 ./Middlewares/Third_Party/FreeRTOS/Source/list.o
                0x08004a00                uxListRemove
 *fill*         0x08004a52        0x2 
 .text.xQueueGenericReset
                0x08004a54       0xd4 ./Middlewares/Third_Party/FreeRTOS/Source/queue.o
                0x08004a54                xQueueGenericReset
 .text.xQueueGenericCreateStatic
                0x08004b28       0xfa ./Middlewares/Third_Party/FreeRTOS/Source/queue.o
                0x08004b28                xQueueGenericCreateStatic
 .text.prvInitialiseNewQueue
                0x08004c22       0x46 ./Middlewares/Third_Party/FreeRTOS/Source/queue.o
 .text.xQueueGenericSend
                0x08004c68      0x204 ./Middlewares/Third_Party/FreeRTOS/Source/queue.o
                0x08004c68                xQueueGenericSend
 .text.xQueueGenericSendFromISR
                0x08004e6c      0x13c ./Middlewares/Third_Party/FreeRTOS/Source/queue.o
                0x08004e6c                xQueueGenericSendFromISR
 .text.xQueueReceive
                0x08004fa8      0x1c4 ./Middlewares/Third_Party/FreeRTOS/Source/queue.o
                0x08004fa8                xQueueReceive
 .text.prvCopyDataToQueue
                0x0800516c       0xd4 ./Middlewares/Third_Party/FreeRTOS/Source/queue.o
 .text.prvCopyDataFromQueue
                0x08005240       0x4c ./Middlewares/Third_Party/FreeRTOS/Source/queue.o
 .text.prvUnlockQueue
                0x0800528c       0xa4 ./Middlewares/Third_Party/FreeRTOS/Source/queue.o
 .text.prvIsQueueEmpty
                0x08005330       0x2c ./Middlewares/Third_Party/FreeRTOS/Source/queue.o
 .text.prvIsQueueFull
                0x0800535c       0x30 ./Middlewares/Third_Party/FreeRTOS/Source/queue.o
 .text.vQueueAddToRegistry
                0x0800538c       0x50 ./Middlewares/Third_Party/FreeRTOS/Source/queue.o
                0x0800538c                vQueueAddToRegistry
 .text.vQueueWaitForMessageRestricted
                0x080053dc       0x68 ./Middlewares/Third_Party/FreeRTOS/Source/queue.o
                0x080053dc                vQueueWaitForMessageRestricted
 .text.xTaskCreateStatic
                0x08005444       0xc0 ./Middlewares/Third_Party/FreeRTOS/Source/tasks.o
                0x08005444                xTaskCreateStatic
 .text.xTaskCreate
                0x08005504       0x8a ./Middlewares/Third_Party/FreeRTOS/Source/tasks.o
                0x08005504                xTaskCreate
 *fill*         0x0800558e        0x2 
 .text.prvInitialiseNewTask
                0x08005590      0x150 ./Middlewares/Third_Party/FreeRTOS/Source/tasks.o
 .text.prvAddNewTaskToReadyList
                0x080056e0       0xe0 ./Middlewares/Third_Party/FreeRTOS/Source/tasks.o
 .text.vTaskDelay
                0x080057c0       0x6c ./Middlewares/Third_Party/FreeRTOS/Source/tasks.o
                0x080057c0                vTaskDelay
 .text.vTaskStartScheduler
                0x0800582c       0xe0 ./Middlewares/Third_Party/FreeRTOS/Source/tasks.o
                0x0800582c                vTaskStartScheduler
 .text.vTaskSuspendAll
                0x0800590c       0x1c ./Middlewares/Third_Party/FreeRTOS/Source/tasks.o
                0x0800590c                vTaskSuspendAll
 .text.xTaskResumeAll
                0x08005928      0x13c ./Middlewares/Third_Party/FreeRTOS/Source/tasks.o
                0x08005928                xTaskResumeAll
 .text.xTaskGetTickCount
                0x08005a64       0x1c ./Middlewares/Third_Party/FreeRTOS/Source/tasks.o
                0x08005a64                xTaskGetTickCount
 .text.xTaskIncrementTick
                0x08005a80      0x184 ./Middlewares/Third_Party/FreeRTOS/Source/tasks.o
                0x08005a80                xTaskIncrementTick
 .text.vTaskSwitchContext
                0x08005c04       0xc8 ./Middlewares/Third_Party/FreeRTOS/Source/tasks.o
                0x08005c04                vTaskSwitchContext
 .text.vTaskPlaceOnEventList
                0x08005ccc       0x4c ./Middlewares/Third_Party/FreeRTOS/Source/tasks.o
                0x08005ccc                vTaskPlaceOnEventList
 .text.vTaskPlaceOnEventListRestricted
                0x08005d18       0x58 ./Middlewares/Third_Party/FreeRTOS/Source/tasks.o
                0x08005d18                vTaskPlaceOnEventListRestricted
 .text.xTaskRemoveFromEventList
                0x08005d70       0xc8 ./Middlewares/Third_Party/FreeRTOS/Source/tasks.o
                0x08005d70                xTaskRemoveFromEventList
 .text.vTaskInternalSetTimeOutState
                0x08005e38       0x2c ./Middlewares/Third_Party/FreeRTOS/Source/tasks.o
                0x08005e38                vTaskInternalSetTimeOutState
 .text.xTaskCheckForTimeOut
                0x08005e64       0xc8 ./Middlewares/Third_Party/FreeRTOS/Source/tasks.o
                0x08005e64                xTaskCheckForTimeOut
 .text.vTaskMissedYield
                0x08005f2c       0x18 ./Middlewares/Third_Party/FreeRTOS/Source/tasks.o
                0x08005f2c                vTaskMissedYield
 .text.prvIdleTask
                0x08005f44       0x30 ./Middlewares/Third_Party/FreeRTOS/Source/tasks.o
 .text.prvInitialiseTaskLists
                0x08005f74       0x80 ./Middlewares/Third_Party/FreeRTOS/Source/tasks.o
 .text.prvCheckTasksWaitingTermination
                0x08005ff4       0x5c ./Middlewares/Third_Party/FreeRTOS/Source/tasks.o
 .text.prvDeleteTCB
                0x08006050       0x6a ./Middlewares/Third_Party/FreeRTOS/Source/tasks.o
 *fill*         0x080060ba        0x2 
 .text.prvResetNextTaskUnblockTime
                0x080060bc       0x40 ./Middlewares/Third_Party/FreeRTOS/Source/tasks.o
 .text.xTaskGetSchedulerState
                0x080060fc       0x3c ./Middlewares/Third_Party/FreeRTOS/Source/tasks.o
                0x080060fc                xTaskGetSchedulerState
 .text.xTaskPriorityDisinherit
                0x08006138       0xe0 ./Middlewares/Third_Party/FreeRTOS/Source/tasks.o
                0x08006138                xTaskPriorityDisinherit
 .text.prvAddCurrentTaskToDelayedList
                0x08006218       0xa8 ./Middlewares/Third_Party/FreeRTOS/Source/tasks.o
 .text.xTimerCreateTimerTask
                0x080062c0       0x94 ./Middlewares/Third_Party/FreeRTOS/Source/timers.o
                0x080062c0                xTimerCreateTimerTask
 .text.xTimerGenericCommand
                0x08006354       0x9c ./Middlewares/Third_Party/FreeRTOS/Source/timers.o
                0x08006354                xTimerGenericCommand
 .text.prvProcessExpiredTimer
                0x080063f0       0x9c ./Middlewares/Third_Party/FreeRTOS/Source/timers.o
 .text.prvTimerTask
                0x0800648c       0x26 ./Middlewares/Third_Party/FreeRTOS/Source/timers.o
 *fill*         0x080064b2        0x2 
 .text.prvProcessTimerOrBlockTask
                0x080064b4       0x9c ./Middlewares/Third_Party/FreeRTOS/Source/timers.o
 .text.prvGetNextExpireTime
                0x08006550       0x44 ./Middlewares/Third_Party/FreeRTOS/Source/timers.o
 .text.prvSampleTimeNow
                0x08006594       0x40 ./Middlewares/Third_Party/FreeRTOS/Source/timers.o
 .text.prvInsertTimerInActiveList
                0x080065d4       0x84 ./Middlewares/Third_Party/FreeRTOS/Source/timers.o
 .text.prvProcessReceivedCommands
                0x08006658      0x1cc ./Middlewares/Third_Party/FreeRTOS/Source/timers.o
 .text.prvSwitchTimerLists
                0x08006824       0xcc ./Middlewares/Third_Party/FreeRTOS/Source/timers.o
 .text.prvCheckForValidListAndQueue
                0x080068f0       0x80 ./Middlewares/Third_Party/FreeRTOS/Source/timers.o
 .text.pxPortInitialiseStack
                0x08006970       0x58 ./Middlewares/Third_Party/FreeRTOS/Source/portable/GCC/ARM_CM3/port.o
                0x08006970                pxPortInitialiseStack
 .text.prvTaskExitError
                0x080069c8       0x58 ./Middlewares/Third_Party/FreeRTOS/Source/portable/GCC/ARM_CM3/port.o
 .text.SVC_Handler
                0x08006a20       0x28 ./Middlewares/Third_Party/FreeRTOS/Source/portable/GCC/ARM_CM3/port.o
                0x08006a20                SVC_Handler
 .text.prvPortStartFirstTask
                0x08006a48       0x20 ./Middlewares/Third_Party/FreeRTOS/Source/portable/GCC/ARM_CM3/port.o
 .text.xPortStartScheduler
                0x08006a68       0xe4 ./Middlewares/Third_Party/FreeRTOS/Source/portable/GCC/ARM_CM3/port.o
                0x08006a68                xPortStartScheduler
 .text.vPortEnterCritical
                0x08006b4c       0x60 ./Middlewares/Third_Party/FreeRTOS/Source/portable/GCC/ARM_CM3/port.o
                0x08006b4c                vPortEnterCritical
 .text.vPortExitCritical
                0x08006bac       0x54 ./Middlewares/Third_Party/FreeRTOS/Source/portable/GCC/ARM_CM3/port.o
                0x08006bac                vPortExitCritical
 .text.PendSV_Handler
                0x08006c00       0x48 ./Middlewares/Third_Party/FreeRTOS/Source/portable/GCC/ARM_CM3/port.o
                0x08006c00                PendSV_Handler
 .text.xPortSysTickHandler
                0x08006c48       0x44 ./Middlewares/Third_Party/FreeRTOS/Source/portable/GCC/ARM_CM3/port.o
                0x08006c48                xPortSysTickHandler
 .text.vPortSetupTimerInterrupt
                0x08006c8c       0x44 ./Middlewares/Third_Party/FreeRTOS/Source/portable/GCC/ARM_CM3/port.o
                0x08006c8c                vPortSetupTimerInterrupt
 .text.vPortValidateInterruptPriority
                0x08006cd0       0x80 ./Middlewares/Third_Party/FreeRTOS/Source/portable/GCC/ARM_CM3/port.o
                0x08006cd0                vPortValidateInterruptPriority
 .text.pvPortMalloc
                0x08006d50      0x19c ./Middlewares/Third_Party/FreeRTOS/Source/portable/MemMang/heap_4.o
                0x08006d50                pvPortMalloc
 .text.vPortFree
                0x08006eec       0xc8 ./Middlewares/Third_Party/FreeRTOS/Source/portable/MemMang/heap_4.o
                0x08006eec                vPortFree
 .text.prvHeapInit
                0x08006fb4       0xc4 ./Middlewares/Third_Party/FreeRTOS/Source/portable/MemMang/heap_4.o
 .text.prvInsertBlockIntoFreeList
                0x08007078       0xb0 ./Middlewares/Third_Party/FreeRTOS/Source/portable/MemMang/heap_4.o
 .text.memset   0x08007128       0x10 C:/ST/STM32CubeIDE_2.1.1/STM32CubeIDE/plugins/com.st.stm32cube.ide.mcu.externaltools.gnu-tools-for-stm32.14.3.rel1.win32_1.0.100.202602081740/tools/bin/../lib/gcc/arm-none-eabi/14.3.1/../../../../arm-none-eabi/lib/thumb/v7-m/nofp\libc_nano.a(libc_a-memset.o)
                0x08007128                memset
 .text.strncpy  0x08007138       0x26 C:/ST/STM32CubeIDE_2.1.1/STM32CubeIDE/plugins/com.st.stm32cube.ide.mcu.externaltools.gnu-tools-for-stm32.14.3.rel1.win32_1.0.100.202602081740/tools/bin/../lib/gcc/arm-none-eabi/14.3.1/../../../../arm-none-eabi/lib/thumb/v7-m/nofp\libc_nano.a(libc_a-strncpy.o)
                0x08007138                strncpy
 *fill*         0x0800715e        0x2 
 .text._reclaim_reent
                0x08007160       0xbc C:/ST/STM32CubeIDE_2.1.1/STM32CubeIDE/plugins/com.st.stm32cube.ide.mcu.externaltools.gnu-tools-for-stm32.14.3.rel1.win32_1.0.100.202602081740/tools/bin/../lib/gcc/arm-none-eabi/14.3.1/../../../../arm-none-eabi/lib/thumb/v7-m/nofp\libc_nano.a(libc_a-reent.o)
                0x08007160                _reclaim_reent
 .text.__libc_init_array
                0x0800721c       0x48 C:/ST/STM32CubeIDE_2.1.1/STM32CubeIDE/plugins/com.st.stm32cube.ide.mcu.externaltools.gnu-tools-for-stm32.14.3.rel1.win32_1.0.100.202602081740/tools/bin/../lib/gcc/arm-none-eabi/14.3.1/../../../../arm-none-eabi/lib/thumb/v7-m/nofp\libc_nano.a(libc_a-init.o)
                0x0800721c                __libc_init_array
 .text.__retarget_lock_acquire_recursive
                0x08007264        0x2 C:/ST/STM32CubeIDE_2.1.1/STM32CubeIDE/plugins/com.st.stm32cube.ide.mcu.externaltools.gnu-tools-for-stm32.14.3.rel1.win32_1.0.100.202602081740/tools/bin/../lib/gcc/arm-none-eabi/14.3.1/../../../../arm-none-eabi/lib/thumb/v7-m/nofp\libc_nano.a(libc_a-lock.o)
                0x08007264                __retarget_lock_acquire_recursive
 .text.__retarget_lock_release_recursive
                0x08007266        0x2 C:/ST/STM32CubeIDE_2.1.1/STM32CubeIDE/plugins/com.st.stm32cube.ide.mcu.externaltools.gnu-tools-for-stm32.14.3.rel1.win32_1.0.100.202602081740/tools/bin/../lib/gcc/arm-none-eabi/14.3.1/../../../../arm-none-eabi/lib/thumb/v7-m/nofp\libc_nano.a(libc_a-lock.o)
                0x08007266                __retarget_lock_release_recursive
 .text.memcpy   0x08007268       0x1c C:/ST/STM32CubeIDE_2.1.1/STM32CubeIDE/plugins/com.st.stm32cube.ide.mcu.externaltools.gnu-tools-for-stm32.14.3.rel1.win32_1.0.100.202602081740/tools/bin/../lib/gcc/arm-none-eabi/14.3.1/../../../../arm-none-eabi/lib/thumb/v7-m/nofp\libc_nano.a(libc_a-memcpy-stub.o)
                0x08007268                memcpy
 .text._free_r  0x08007284       0x90 C:/ST/STM32CubeIDE_2.1.1/STM32CubeIDE/plugins/com.st.stm32cube.ide.mcu.externaltools.gnu-tools-for-stm32.14.3.rel1.win32_1.0.100.202602081740/tools/bin/../lib/gcc/arm-none-eabi/14.3.1/../../../../arm-none-eabi/lib/thumb/v7-m/nofp\libc_nano.a(libc_a-freer.o)
                0x08007284                _free_r
 .text.__malloc_lock
                0x08007314        0xc C:/ST/STM32CubeIDE_2.1.1/STM32CubeIDE/plugins/com.st.stm32cube.ide.mcu.externaltools.gnu-tools-for-stm32.14.3.rel1.win32_1.0.100.202602081740/tools/bin/../lib/gcc/arm-none-eabi/14.3.1/../../../../arm-none-eabi/lib/thumb/v7-m/nofp\libc_nano.a(libc_a-mlock.o)
                0x08007314                __malloc_lock
 .text.__malloc_unlock
                0x08007320        0xc C:/ST/STM32CubeIDE_2.1.1/STM32CubeIDE/plugins/com.st.stm32cube.ide.mcu.externaltools.gnu-tools-for-stm32.14.3.rel1.win32_1.0.100.202602081740/tools/bin/../lib/gcc/arm-none-eabi/14.3.1/../../../../arm-none-eabi/lib/thumb/v7-m/nofp\libc_nano.a(libc_a-mlock.o)
                0x08007320                __malloc_unlock
 *(.glue_7)
 .glue_7        0x0800732c        0x0 linker stubs
 *(.glue_7t)
 .glue_7t       0x0800732c        0x0 linker stubs
 *(.eh_frame)
 .eh_frame      0x0800732c        0x0 C:/ST/STM32CubeIDE_2.1.1/STM32CubeIDE/plugins/com.st.stm32cube.ide.mcu.externaltools.gnu-tools-for-stm32.14.3.rel1.win32_1.0.100.202602081740/tools/bin/../lib/gcc/arm-none-eabi/14.3.1/thumb/v7-m/nofp/crtbegin.o
 *(.init)
 .init          0x0800732c        0x4 C:/ST/STM32CubeIDE_2.1.1/STM32CubeIDE/plugins/com.st.stm32cube.ide.mcu.externaltools.gnu-tools-for-stm32.14.3.rel1.win32_1.0.100.202602081740/tools/bin/../lib/gcc/arm-none-eabi/14.3.1/thumb/v7-m/nofp/crti.o
                0x0800732c                _init
 .init          0x08007330        0x8 C:/ST/STM32CubeIDE_2.1.1/STM32CubeIDE/plugins/com.st.stm32cube.ide.mcu.externaltools.gnu-tools-for-stm32.14.3.rel1.win32_1.0.100.202602081740/tools/bin/../lib/gcc/arm-none-eabi/14.3.1/thumb/v7-m/nofp/crtn.o
 *(.fini)
 .fini          0x08007338        0x4 C:/ST/STM32CubeIDE_2.1.1/STM32CubeIDE/plugins/com.st.stm32cube.ide.mcu.externaltools.gnu-tools-for-stm32.14.3.rel1.win32_1.0.100.202602081740/tools/bin/../lib/gcc/arm-none-eabi/14.3.1/thumb/v7-m/nofp/crti.o
                0x08007338                _fini
 .fini          0x0800733c        0x8 C:/ST/STM32CubeIDE_2.1.1/STM32CubeIDE/plugins/com.st.stm32cube.ide.mcu.externaltools.gnu-tools-for-stm32.14.3.rel1.win32_1.0.100.202602081740/tools/bin/../lib/gcc/arm-none-eabi/14.3.1/thumb/v7-m/nofp/crtn.o
                0x08007344                        . = ALIGN (0x4)
                0x08007344                        _etext = .

.vfp11_veneer   0x08007344        0x0
 .vfp11_veneer  0x08007344        0x0 linker stubs

.v4_bx          0x08007344        0x0
 .v4_bx         0x08007344        0x0 linker stubs

.iplt           0x08007344        0x0
 .iplt          0x08007344        0x0 C:/ST/STM32CubeIDE_2.1.1/STM32CubeIDE/plugins/com.st.stm32cube.ide.mcu.externaltools.gnu-tools-for-stm32.14.3.rel1.win32_1.0.100.202602081740/tools/bin/../lib/gcc/arm-none-eabi/14.3.1/thumb/v7-m/nofp/crtbegin.o

.rodata         0x08007344      0x198
                0x08007344                        . = ALIGN (0x4)
 *(.rodata)
 .rodata        0x08007344       0x7a ./Core/Src/main.o
 *fill*         0x080073be        0x2 
 .rodata        0x080073c0        0x5 ./Middlewares/Third_Party/FreeRTOS/Source/tasks.o
 *fill*         0x080073c5        0x3 
 .rodata        0x080073c8        0xd ./Middlewares/Third_Party/FreeRTOS/Source/timers.o
 *(.rodata*)
 *fill*         0x080073d5        0x3 
 .rodata.defaultTask_attributes
                0x080073d8       0x24 ./Core/Src/main.o
                0x080073d8                defaultTask_attributes
 .rodata.fn_checaBotao_attributes
                0x080073fc       0x24 ./Core/Src/main.o
                0x080073fc                fn_checaBotao_attributes
 .rodata.fn_mostraDispla_attributes
                0x08007420       0x24 ./Core/Src/main.o
                0x08007420                fn_mostraDispla_attributes
 .rodata.fn_UART_TX_attributes
                0x08007444       0x24 ./Core/Src/main.o
                0x08007444                fn_UART_TX_attributes
 .rodata.fn_UART_RX_attributes
                0x08007468       0x24 ./Core/Src/main.o
                0x08007468                fn_UART_RX_attributes
 .rodata.fn_stateMachine_attributes
                0x0800748c       0x24 ./Core/Src/main.o
                0x0800748c                fn_stateMachine_attributes
 .rodata.AHBPrescTable
                0x080074b0       0x10 ./Core/Src/system_stm32f1xx.o
                0x080074b0                AHBPrescTable
 .rodata.APBPrescTable
                0x080074c0        0x8 ./Core/Src/system_stm32f1xx.o
                0x080074c0                APBPrescTable
 .rodata.aPLLMULFactorTable.1
                0x080074c8       0x10 ./Drivers/STM32F1xx_HAL_Driver/Src/stm32f1xx_hal_rcc.o
 .rodata.aPredivFactorTable.0
                0x080074d8        0x2 ./Drivers/STM32F1xx_HAL_Driver/Src/stm32f1xx_hal_rcc.o
                0x080074dc                        . = ALIGN (0x4)
 *fill*         0x080074da        0x2 

.ARM.extab      0x080074dc        0x0
                0x080074dc                        . = ALIGN (0x4)
 *(.ARM.extab* .gnu.linkonce.armextab.*)
                0x080074dc                        . = ALIGN (0x4)

.ARM            0x080074dc        0x0
                0x080074dc                        . = ALIGN (0x4)
                0x080074dc                        __exidx_start = .
 *(.ARM.exidx*)
                0x080074dc                        __exidx_end = .
                0x080074dc                        . = ALIGN (0x4)

.preinit_array  0x080074dc        0x0
                0x080074dc                        . = ALIGN (0x4)
                0x080074dc                        PROVIDE (__preinit_array_start = .)
 *(.preinit_array*)
                0x080074dc                        PROVIDE (__preinit_array_end = .)
                0x080074dc                        . = ALIGN (0x4)

.init_array     0x080074dc        0x4
                0x080074dc                        . = ALIGN (0x4)
                0x080074dc                        PROVIDE (__init_array_start = .)
 *(SORT_BY_NAME(.init_array.*))
 *(.init_array*)
 .init_array    0x080074dc        0x4 C:/ST/STM32CubeIDE_2.1.1/STM32CubeIDE/plugins/com.st.stm32cube.ide.mcu.externaltools.gnu-tools-for-stm32.14.3.rel1.win32_1.0.100.202602081740/tools/bin/../lib/gcc/arm-none-eabi/14.3.1/thumb/v7-m/nofp/crtbegin.o
                0x080074e0                        PROVIDE (__init_array_end = .)
                0x080074e0                        . = ALIGN (0x4)

.fini_array     0x080074e0        0x4
                0x080074e0                        . = ALIGN (0x4)
                [!provide]                        PROVIDE (__fini_array_start = .)
 *(SORT_BY_NAME(.fini_array.*))
 *(.fini_array*)
 .fini_array    0x080074e0        0x4 C:/ST/STM32CubeIDE_2.1.1/STM32CubeIDE/plugins/com.st.stm32cube.ide.mcu.externaltools.gnu-tools-for-stm32.14.3.rel1.win32_1.0.100.202602081740/tools/bin/../lib/gcc/arm-none-eabi/14.3.1/thumb/v7-m/nofp/crtbegin.o
                [!provide]                        PROVIDE (__fini_array_end = .)
                0x080074e4                        . = ALIGN (0x4)
                0x080074e4                        _sidata = LOADADDR (.data)

.rel.dyn        0x080074e4        0x0
 .rel.iplt      0x080074e4        0x0 C:/ST/STM32CubeIDE_2.1.1/STM32CubeIDE/plugins/com.st.stm32cube.ide.mcu.externaltools.gnu-tools-for-stm32.14.3.rel1.win32_1.0.100.202602081740/tools/bin/../lib/gcc/arm-none-eabi/14.3.1/thumb/v7-m/nofp/crtbegin.o

.data           0x20000000       0x7c load address 0x080074e4
                0x20000000                        . = ALIGN (0x4)
                0x20000000                        _sdata = .
 *(.data)
 *(.data*)
 .data.sttVARRE.0
                0x20000000        0x1 ./Core/Src/funcoes_SPI_display.o
 *fill*         0x20000001        0x3 
 .data.BufOUT   0x20000004        0x5 ./Core/Src/main.o
                0x20000004                BufOUT
 *fill*         0x20000009        0x3 
 .data.BufIN    0x2000000c        0x5 ./Core/Src/main.o
                0x2000000c                BufIN
 *fill*         0x20000011        0x3 
 .data.sizeBuffs
                0x20000014        0x4 ./Core/Src/main.o
                0x20000014                sizeBuffs
 .data.testeDisplay
                0x20000018        0x4 ./Core/Src/main.o
                0x20000018                testeDisplay
 .data.SystemCoreClock
                0x2000001c        0x4 ./Core/Src/system_stm32f1xx.o
                0x2000001c                SystemCoreClock
 .data.uwTickPrio
                0x20000020        0x4 ./Drivers/STM32F1xx_HAL_Driver/Src/stm32f1xx_hal.o
                0x20000020                uwTickPrio
 .data.uwTickFreq
                0x20000024        0x1 ./Drivers/STM32F1xx_HAL_Driver/Src/stm32f1xx_hal.o
                0x20000024                uwTickFreq
 *fill*         0x20000025        0x3 
 .data.uxCriticalNesting
                0x20000028        0x4 ./Middlewares/Third_Party/FreeRTOS/Source/portable/GCC/ARM_CM3/port.o
 .data._impure_ptr
                0x2000002c        0x4 C:/ST/STM32CubeIDE_2.1.1/STM32CubeIDE/plugins/com.st.stm32cube.ide.mcu.externaltools.gnu-tools-for-stm32.14.3.rel1.win32_1.0.100.202602081740/tools/bin/../lib/gcc/arm-none-eabi/14.3.1/../../../../arm-none-eabi/lib/thumb/v7-m/nofp\libc_nano.a(libc_a-impure.o)
                0x2000002c                _impure_ptr
 .data._impure_data
                0x20000030       0x4c C:/ST/STM32CubeIDE_2.1.1/STM32CubeIDE/plugins/com.st.stm32cube.ide.mcu.externaltools.gnu-tools-for-stm32.14.3.rel1.win32_1.0.100.202602081740/tools/bin/../lib/gcc/arm-none-eabi/14.3.1/../../../../arm-none-eabi/lib/thumb/v7-m/nofp\libc_nano.a(libc_a-impure.o)
                0x20000030                _impure_data
 *(.RamFunc)
 *(.RamFunc*)
                0x2000007c                        . = ALIGN (0x4)
                0x2000007c                        _edata = .

.igot.plt       0x2000007c        0x0 load address 0x08007560
 .igot.plt      0x2000007c        0x0 C:/ST/STM32CubeIDE_2.1.1/STM32CubeIDE/plugins/com.st.stm32cube.ide.mcu.externaltools.gnu-tools-for-stm32.14.3.rel1.win32_1.0.100.202602081740/tools/bin/../lib/gcc/arm-none-eabi/14.3.1/thumb/v7-m/nofp/crtbegin.o
                0x2000007c                        . = ALIGN (0x4)

.bss            0x2000007c     0x19cc load address 0x08007560
                0x2000007c                        _sbss = .
                0x2000007c                        __bss_start__ = _sbss
 *(.bss)
 .bss           0x2000007c       0x1c C:/ST/STM32CubeIDE_2.1.1/STM32CubeIDE/plugins/com.st.stm32cube.ide.mcu.externaltools.gnu-tools-for-stm32.14.3.rel1.win32_1.0.100.202602081740/tools/bin/../lib/gcc/arm-none-eabi/14.3.1/thumb/v7-m/nofp/crtbegin.o
 *(.bss*)
 .bss.hadc1     0x20000098       0x30 ./Core/Src/main.o
                0x20000098                hadc1
 .bss.huart1    0x200000c8       0x48 ./Core/Src/main.o
                0x200000c8                huart1
 .bss.hdma_usart1_rx
                0x20000110       0x44 ./Core/Src/main.o
                0x20000110                hdma_usart1_rx
 .bss.hdma_usart1_tx
                0x20000154       0x44 ./Core/Src/main.o
                0x20000154                hdma_usart1_tx
 .bss.defaultTaskHandle
                0x20000198        0x4 ./Core/Src/main.o
                0x20000198                defaultTaskHandle
 .bss.fn_checaBotaoHandle
                0x2000019c        0x4 ./Core/Src/main.o
                0x2000019c                fn_checaBotaoHandle
 .bss.fn_mostraDisplaHandle
                0x200001a0        0x4 ./Core/Src/main.o
                0x200001a0                fn_mostraDisplaHandle
 .bss.fn_UART_TXHandle
                0x200001a4        0x4 ./Core/Src/main.o
                0x200001a4                fn_UART_TXHandle
 .bss.fn_UART_RXHandle
                0x200001a8        0x4 ./Core/Src/main.o
                0x200001a8                fn_UART_RXHandle
 .bss.fn_stateMachineHandle
                0x200001ac        0x4 ./Core/Src/main.o
                0x200001ac                fn_stateMachineHandle
 .bss.oQueEnv   0x200001b0        0x1 ./Core/Src/main.o
                0x200001b0                oQueEnv
 .bss.tempoPing
                0x200001b1        0x1 ./Core/Src/main.o
                0x200001b1                tempoPing
 *fill*         0x200001b2        0x2 
 .bss.timerBotao
                0x200001b4        0x4 ./Core/Src/main.o
                0x200001b4                timerBotao
 .bss.estado    0x200001b8        0x1 ./Core/Src/main.o
                0x200001b8                estado
 .bss.estaServ  0x200001b9        0x1 ./Core/Src/main.o
                0x200001b9                estaServ
 *fill*         0x200001ba        0x2 
 .bss.Crono     0x200001bc        0x4 ./Core/Src/main.o
                0x200001bc                Crono
 .bss.ValAdc    0x200001c0        0x4 ./Core/Src/main.o
                0x200001c0                ValAdc
 .bss.ExCrono   0x200001c4        0x4 ./Core/Src/main.o
                0x200001c4                ExCrono
 .bss.ExValAdc  0x200001c8        0x4 ./Core/Src/main.o
                0x200001c8                ExValAdc
 .bss.contaCRN.2
                0x200001cc        0x2 ./Core/Src/main.o
 .bss.contaADC.1
                0x200001ce        0x2 ./Core/Src/main.o
 .bss.contaModo.0
                0x200001d0        0x2 ./Core/Src/main.o
 *fill*         0x200001d2        0x2 
 .bss.htim4     0x200001d4       0x48 ./Core/Src/stm32f1xx_hal_timebase_tim.o
                0x200001d4                htim4
 .bss.uwTick    0x2000021c        0x4 ./Drivers/STM32F1xx_HAL_Driver/Src/stm32f1xx_hal.o
                0x2000021c                uwTick
 .bss.KernelState
                0x20000220        0x4 ./Middlewares/Third_Party/FreeRTOS/Source/CMSIS_RTOS_V2/cmsis_os2.o
 .bss.Idle_TCB.3
                0x20000224       0xa8 ./Middlewares/Third_Party/FreeRTOS/Source/CMSIS_RTOS_V2/cmsis_os2.o
 .bss.Idle_Stack.2
                0x200002cc      0x100 ./Middlewares/Third_Party/FreeRTOS/Source/CMSIS_RTOS_V2/cmsis_os2.o
 .bss.Timer_TCB.1
                0x200003cc       0xa8 ./Middlewares/Third_Party/FreeRTOS/Source/CMSIS_RTOS_V2/cmsis_os2.o
 .bss.Timer_Stack.0
                0x20000474      0x200 ./Middlewares/Third_Party/FreeRTOS/Source/CMSIS_RTOS_V2/cmsis_os2.o
 .bss.xQueueRegistry
                0x20000674       0x40 ./Middlewares/Third_Party/FreeRTOS/Source/queue.o
                0x20000674                xQueueRegistry
 .bss.pxCurrentTCB
                0x200006b4        0x4 ./Middlewares/Third_Party/FreeRTOS/Source/tasks.o
                0x200006b4                pxCurrentTCB
 .bss.pxReadyTasksLists
                0x200006b8      0x460 ./Middlewares/Third_Party/FreeRTOS/Source/tasks.o
 .bss.xDelayedTaskList1
                0x20000b18       0x14 ./Middlewares/Third_Party/FreeRTOS/Source/tasks.o
 .bss.xDelayedTaskList2
                0x20000b2c       0x14 ./Middlewares/Third_Party/FreeRTOS/Source/tasks.o
 .bss.pxDelayedTaskList
                0x20000b40        0x4 ./Middlewares/Third_Party/FreeRTOS/Source/tasks.o
 .bss.pxOverflowDelayedTaskList
                0x20000b44        0x4 ./Middlewares/Third_Party/FreeRTOS/Source/tasks.o
 .bss.xPendingReadyList
                0x20000b48       0x14 ./Middlewares/Third_Party/FreeRTOS/Source/tasks.o
 .bss.xTasksWaitingTermination
                0x20000b5c       0x14 ./Middlewares/Third_Party/FreeRTOS/Source/tasks.o
 .bss.uxDeletedTasksWaitingCleanUp
                0x20000b70        0x4 ./Middlewares/Third_Party/FreeRTOS/Source/tasks.o
 .bss.xSuspendedTaskList
                0x20000b74       0x14 ./Middlewares/Third_Party/FreeRTOS/Source/tasks.o
 .bss.uxCurrentNumberOfTasks
                0x20000b88        0x4 ./Middlewares/Third_Party/FreeRTOS/Source/tasks.o
 .bss.xTickCount
                0x20000b8c        0x4 ./Middlewares/Third_Party/FreeRTOS/Source/tasks.o
 .bss.uxTopReadyPriority
                0x20000b90        0x4 ./Middlewares/Third_Party/FreeRTOS/Source/tasks.o
 .bss.xSchedulerRunning
                0x20000b94        0x4 ./Middlewares/Third_Party/FreeRTOS/Source/tasks.o
 .bss.xPendedTicks
                0x20000b98        0x4 ./Middlewares/Third_Party/FreeRTOS/Source/tasks.o
 .bss.xYieldPending
                0x20000b9c        0x4 ./Middlewares/Third_Party/FreeRTOS/Source/tasks.o
 .bss.xNumOfOverflows
                0x20000ba0        0x4 ./Middlewares/Third_Party/FreeRTOS/Source/tasks.o
 .bss.uxTaskNumber
                0x20000ba4        0x4 ./Middlewares/Third_Party/FreeRTOS/Source/tasks.o
 .bss.xNextTaskUnblockTime
                0x20000ba8        0x4 ./Middlewares/Third_Party/FreeRTOS/Source/tasks.o
 .bss.xIdleTaskHandle
                0x20000bac        0x4 ./Middlewares/Third_Party/FreeRTOS/Source/tasks.o
 .bss.uxSchedulerSuspended
                0x20000bb0        0x4 ./Middlewares/Third_Party/FreeRTOS/Source/tasks.o
 .bss.xActiveTimerList1
                0x20000bb4       0x14 ./Middlewares/Third_Party/FreeRTOS/Source/timers.o
 .bss.xActiveTimerList2
                0x20000bc8       0x14 ./Middlewares/Third_Party/FreeRTOS/Source/timers.o
 .bss.pxCurrentTimerList
                0x20000bdc        0x4 ./Middlewares/Third_Party/FreeRTOS/Source/timers.o
 .bss.pxOverflowTimerList
                0x20000be0        0x4 ./Middlewares/Third_Party/FreeRTOS/Source/timers.o
 .bss.xTimerQueue
                0x20000be4        0x4 ./Middlewares/Third_Party/FreeRTOS/Source/timers.o
 .bss.xTimerTaskHandle
                0x20000be8        0x4 ./Middlewares/Third_Party/FreeRTOS/Source/timers.o
 .bss.xLastTime.2
                0x20000bec        0x4 ./Middlewares/Third_Party/FreeRTOS/Source/timers.o
 .bss.ucStaticTimerQueueStorage.1
                0x20000bf0       0xa0 ./Middlewares/Third_Party/FreeRTOS/Source/timers.o
 .bss.xStaticTimerQueue.0
                0x20000c90       0x50 ./Middlewares/Third_Party/FreeRTOS/Source/timers.o
 .bss.ucMaxSysCallPriority
                0x20000ce0        0x1 ./Middlewares/Third_Party/FreeRTOS/Source/portable/GCC/ARM_CM3/port.o
 *fill*         0x20000ce1        0x3 
 .bss.ulMaxPRIGROUPValue
                0x20000ce4        0x4 ./Middlewares/Third_Party/FreeRTOS/Source/portable/GCC/ARM_CM3/port.o
 .bss.ucHeap    0x20000ce8      0xc00 ./Middlewares/Third_Party/FreeRTOS/Source/portable/MemMang/heap_4.o
 .bss.xStart    0x200018e8        0x8 ./Middlewares/Third_Party/FreeRTOS/Source/portable/MemMang/heap_4.o
 .bss.pxEnd     0x200018f0        0x4 ./Middlewares/Third_Party/FreeRTOS/Source/portable/MemMang/heap_4.o
 .bss.xFreeBytesRemaining
                0x200018f4        0x4 ./Middlewares/Third_Party/FreeRTOS/Source/portable/MemMang/heap_4.o
 .bss.xMinimumEverFreeBytesRemaining
                0x200018f8        0x4 ./Middlewares/Third_Party/FreeRTOS/Source/portable/MemMang/heap_4.o
 .bss.xNumberOfSuccessfulAllocations
                0x200018fc        0x4 ./Middlewares/Third_Party/FreeRTOS/Source/portable/MemMang/heap_4.o
 .bss.xNumberOfSuccessfulFrees
                0x20001900        0x4 ./Middlewares/Third_Party/FreeRTOS/Source/portable/MemMang/heap_4.o
 .bss.xBlockAllocatedBit
                0x20001904        0x4 ./Middlewares/Third_Party/FreeRTOS/Source/portable/MemMang/heap_4.o
 .bss.__sf      0x20001908      0x138 C:/ST/STM32CubeIDE_2.1.1/STM32CubeIDE/plugins/com.st.stm32cube.ide.mcu.externaltools.gnu-tools-for-stm32.14.3.rel1.win32_1.0.100.202602081740/tools/bin/../lib/gcc/arm-none-eabi/14.3.1/../../../../arm-none-eabi/lib/thumb/v7-m/nofp\libc_nano.a(libc_a-findfp.o)
                0x20001908                __sf
 .bss.__lock___malloc_recursive_mutex
                0x20001a40        0x1 C:/ST/STM32CubeIDE_2.1.1/STM32CubeIDE/plugins/com.st.stm32cube.ide.mcu.externaltools.gnu-tools-for-stm32.14.3.rel1.win32_1.0.100.202602081740/tools/bin/../lib/gcc/arm-none-eabi/14.3.1/../../../../arm-none-eabi/lib/thumb/v7-m/nofp\libc_nano.a(libc_a-lock.o)
                0x20001a40                __lock___malloc_recursive_mutex
 *fill*         0x20001a41        0x3 
 .bss.__malloc_free_list
                0x20001a44        0x4 C:/ST/STM32CubeIDE_2.1.1/STM32CubeIDE/plugins/com.st.stm32cube.ide.mcu.externaltools.gnu-tools-for-stm32.14.3.rel1.win32_1.0.100.202602081740/tools/bin/../lib/gcc/arm-none-eabi/14.3.1/../../../../arm-none-eabi/lib/thumb/v7-m/nofp\libc_nano.a(libc_a-mallocr.o)
                0x20001a44                __malloc_free_list
 *(COMMON)
                0x20001a48                        . = ALIGN (0x4)
                0x20001a48                        _ebss = .
                0x20001a48                        __bss_end__ = _ebss

._user_heap_stack
                0x20001a48      0x600 load address 0x08007560
                0x20001a48                        . = ALIGN (0x8)
                [!provide]                        PROVIDE (end = .)
                0x20001a48                        PROVIDE (_end = .)
                0x20001c48                        . = (. + _Min_Heap_Size)
 *fill*         0x20001a48      0x200 
                0x20002048                        . = (. + _Min_Stack_Size)
 *fill*         0x20001c48      0x400 
                0x20002048                        . = ALIGN (0x8)

/DISCARD/
 libc.a(*)
 libm.a(*)
 libgcc.a(*)

.ARM.attributes
                0x00000000       0x29
 *(.ARM.attributes)
 .ARM.attributes
                0x00000000       0x1d C:/ST/STM32CubeIDE_2.1.1/STM32CubeIDE/plugins/com.st.stm32cube.ide.mcu.externaltools.gnu-tools-for-stm32.14.3.rel1.win32_1.0.100.202602081740/tools/bin/../lib/gcc/arm-none-eabi/14.3.1/thumb/v7-m/nofp/crti.o
 .ARM.attributes
                0x0000001d       0x2d C:/ST/STM32CubeIDE_2.1.1/STM32CubeIDE/plugins/com.st.stm32cube.ide.mcu.externaltools.gnu-tools-for-stm32.14.3.rel1.win32_1.0.100.202602081740/tools/bin/../lib/gcc/arm-none-eabi/14.3.1/thumb/v7-m/nofp/crtbegin.o
 .ARM.attributes
                0x0000004a       0x2d ./Core/Src/freertos.o
 .ARM.attributes
                0x00000077       0x2d ./Core/Src/funcoes_SPI_display.o
 .ARM.attributes
                0x000000a4       0x2d ./Core/Src/main.o
 .ARM.attributes
                0x000000d1       0x2d ./Core/Src/stm32f1xx_hal_msp.o
 .ARM.attributes
                0x000000fe       0x2d ./Core/Src/stm32f1xx_hal_timebase_tim.o
 .ARM.attributes
                0x0000012b       0x2d ./Core/Src/stm32f1xx_it.o
 .ARM.attributes
                0x00000158       0x2d ./Core/Src/system_stm32f1xx.o
 .ARM.attributes
                0x00000185       0x21 ./Core/Startup/startup_stm32f103c8tx.o
 .ARM.attributes
                0x000001a6       0x2d ./Drivers/STM32F1xx_HAL_Driver/Src/stm32f1xx_hal.o
 .ARM.attributes
                0x000001d3       0x2d ./Drivers/STM32F1xx_HAL_Driver/Src/stm32f1xx_hal_adc.o
 .ARM.attributes
                0x00000200       0x2d ./Drivers/STM32F1xx_HAL_Driver/Src/stm32f1xx_hal_adc_ex.o
 .ARM.attributes
                0x0000022d       0x2d ./Drivers/STM32F1xx_HAL_Driver/Src/stm32f1xx_hal_cortex.o
 .ARM.attributes
                0x0000025a       0x2d ./Drivers/STM32F1xx_HAL_Driver/Src/stm32f1xx_hal_dma.o
 .ARM.attributes
                0x00000287       0x2d ./Drivers/STM32F1xx_HAL_Driver/Src/stm32f1xx_hal_gpio.o
 .ARM.attributes
                0x000002b4       0x2d ./Drivers/STM32F1xx_HAL_Driver/Src/stm32f1xx_hal_rcc.o
 .ARM.attributes
                0x000002e1       0x2d ./Drivers/STM32F1xx_HAL_Driver/Src/stm32f1xx_hal_rcc_ex.o
 .ARM.attributes
                0x0000030e       0x2d ./Drivers/STM32F1xx_HAL_Driver/Src/stm32f1xx_hal_tim.o
 .ARM.attributes
                0x0000033b       0x2d ./Drivers/STM32F1xx_HAL_Driver/Src/stm32f1xx_hal_tim_ex.o
 .ARM.attributes
                0x00000368       0x2d ./Drivers/STM32F1xx_HAL_Driver/Src/stm32f1xx_hal_uart.o
 .ARM.attributes
                0x00000395       0x2d ./Middlewares/Third_Party/FreeRTOS/Source/CMSIS_RTOS_V2/cmsis_os2.o
 .ARM.attributes
                0x000003c2       0x2d ./Middlewares/Third_Party/FreeRTOS/Source/list.o
 .ARM.attributes
                0x000003ef       0x2d ./Middlewares/Third_Party/FreeRTOS/Source/queue.o
 .ARM.attributes
                0x0000041c       0x2d ./Middlewares/Third_Party/FreeRTOS/Source/tasks.o
 .ARM.attributes
                0x00000449       0x2d ./Middlewares/Third_Party/FreeRTOS/Source/timers.o
 .ARM.attributes
                0x00000476       0x2d ./Middlewares/Third_Party/FreeRTOS/Source/portable/GCC/ARM_CM3/port.o
 .ARM.attributes
                0x000004a3       0x2d ./Middlewares/Third_Party/FreeRTOS/Source/portable/MemMang/heap_4.o
 .ARM.attributes
                0x000004d0       0x2d C:/ST/STM32CubeIDE_2.1.1/STM32CubeIDE/plugins/com.st.stm32cube.ide.mcu.externaltools.gnu-tools-for-stm32.14.3.rel1.win32_1.0.100.202602081740/tools/bin/../lib/gcc/arm-none-eabi/14.3.1/../../../../arm-none-eabi/lib/thumb/v7-m/nofp\libc_nano.a(libc_a-findfp.o)
 .ARM.attributes
                0x000004fd       0x2d C:/ST/STM32CubeIDE_2.1.1/STM32CubeIDE/plugins/com.st.stm32cube.ide.mcu.externaltools.gnu-tools-for-stm32.14.3.rel1.win32_1.0.100.202602081740/tools/bin/../lib/gcc/arm-none-eabi/14.3.1/../../../../arm-none-eabi/lib/thumb/v7-m/nofp\libc_nano.a(libc_a-memset.o)
 .ARM.attributes
                0x0000052a       0x2d C:/ST/STM32CubeIDE_2.1.1/STM32CubeIDE/plugins/com.st.stm32cube.ide.mcu.externaltools.gnu-tools-for-stm32.14.3.rel1.win32_1.0.100.202602081740/tools/bin/../lib/gcc/arm-none-eabi/14.3.1/../../../../arm-none-eabi/lib/thumb/v7-m/nofp\libc_nano.a(libc_a-strncpy.o)
 .ARM.attributes
                0x00000557       0x2d C:/ST/STM32CubeIDE_2.1.1/STM32CubeIDE/plugins/com.st.stm32cube.ide.mcu.externaltools.gnu-tools-for-stm32.14.3.rel1.win32_1.0.100.202602081740/tools/bin/../lib/gcc/arm-none-eabi/14.3.1/../../../../arm-none-eabi/lib/thumb/v7-m/nofp\libc_nano.a(libc_a-reent.o)
 .ARM.attributes
                0x00000584       0x2d C:/ST/STM32CubeIDE_2.1.1/STM32CubeIDE/plugins/com.st.stm32cube.ide.mcu.externaltools.gnu-tools-for-stm32.14.3.rel1.win32_1.0.100.202602081740/tools/bin/../lib/gcc/arm-none-eabi/14.3.1/../../../../arm-none-eabi/lib/thumb/v7-m/nofp\libc_nano.a(libc_a-impure.o)
 .ARM.attributes
                0x000005b1       0x2d C:/ST/STM32CubeIDE_2.1.1/STM32CubeIDE/plugins/com.st.stm32cube.ide.mcu.externaltools.gnu-tools-for-stm32.14.3.rel1.win32_1.0.100.202602081740/tools/bin/../lib/gcc/arm-none-eabi/14.3.1/../../../../arm-none-eabi/lib/thumb/v7-m/nofp\libc_nano.a(libc_a-init.o)
 .ARM.attributes
                0x000005de       0x2d C:/ST/STM32CubeIDE_2.1.1/STM32CubeIDE/plugins/com.st.stm32cube.ide.mcu.externaltools.gnu-tools-for-stm32.14.3.rel1.win32_1.0.100.202602081740/tools/bin/../lib/gcc/arm-none-eabi/14.3.1/../../../../arm-none-eabi/lib/thumb/v7-m/nofp\libc_nano.a(libc_a-lock.o)
 .ARM.attributes
                0x0000060b       0x2d C:/ST/STM32CubeIDE_2.1.1/STM32CubeIDE/plugins/com.st.stm32cube.ide.mcu.externaltools.gnu-tools-for-stm32.14.3.rel1.win32_1.0.100.202602081740/tools/bin/../lib/gcc/arm-none-eabi/14.3.1/../../../../arm-none-eabi/lib/thumb/v7-m/nofp\libc_nano.a(libc_a-memcpy-stub.o)
 .ARM.attributes
                0x00000638       0x2d C:/ST/STM32CubeIDE_2.1.1/STM32CubeIDE/plugins/com.st.stm32cube.ide.mcu.externaltools.gnu-tools-for-stm32.14.3.rel1.win32_1.0.100.202602081740/tools/bin/../lib/gcc/arm-none-eabi/14.3.1/../../../../arm-none-eabi/lib/thumb/v7-m/nofp\libc_nano.a(libc_a-freer.o)
 .ARM.attributes
                0x00000665       0x2d C:/ST/STM32CubeIDE_2.1.1/STM32CubeIDE/plugins/com.st.stm32cube.ide.mcu.externaltools.gnu-tools-for-stm32.14.3.rel1.win32_1.0.100.202602081740/tools/bin/../lib/gcc/arm-none-eabi/14.3.1/../../../../arm-none-eabi/lib/thumb/v7-m/nofp\libc_nano.a(libc_a-mallocr.o)
 .ARM.attributes
                0x00000692       0x2d C:/ST/STM32CubeIDE_2.1.1/STM32CubeIDE/plugins/com.st.stm32cube.ide.mcu.externaltools.gnu-tools-for-stm32.14.3.rel1.win32_1.0.100.202602081740/tools/bin/../lib/gcc/arm-none-eabi/14.3.1/../../../../arm-none-eabi/lib/thumb/v7-m/nofp\libc_nano.a(libc_a-mlock.o)
 .ARM.attributes
                0x000006bf       0x1d C:/ST/STM32CubeIDE_2.1.1/STM32CubeIDE/plugins/com.st.stm32cube.ide.mcu.externaltools.gnu-tools-for-stm32.14.3.rel1.win32_1.0.100.202602081740/tools/bin/../lib/gcc/arm-none-eabi/14.3.1/thumb/v7-m/nofp/crtn.o
OUTPUT(proj_final.elf elf32-littlearm)
LOAD linker stubs
LOAD C:/ST/STM32CubeIDE_2.1.1/STM32CubeIDE/plugins/com.st.stm32cube.ide.mcu.externaltools.gnu-tools-for-stm32.14.3.rel1.win32_1.0.100.202602081740/tools/bin/../lib/gcc/arm-none-eabi/14.3.1/../../../../arm-none-eabi/lib/thumb/v7-m/nofp\libc.a
LOAD C:/ST/STM32CubeIDE_2.1.1/STM32CubeIDE/plugins/com.st.stm32cube.ide.mcu.externaltools.gnu-tools-for-stm32.14.3.rel1.win32_1.0.100.202602081740/tools/bin/../lib/gcc/arm-none-eabi/14.3.1/../../../../arm-none-eabi/lib/thumb/v7-m/nofp\libm.a
LOAD C:/ST/STM32CubeIDE_2.1.1/STM32CubeIDE/plugins/com.st.stm32cube.ide.mcu.externaltools.gnu-tools-for-stm32.14.3.rel1.win32_1.0.100.202602081740/tools/bin/../lib/gcc/arm-none-eabi/14.3.1/thumb/v7-m/nofp\libgcc.a

.debug_info     0x00000000    0x19bb0
 .debug_info    0x00000000       0x91 ./Core/Src/freertos.o
 .debug_info    0x00000091      0x2e2 ./Core/Src/funcoes_SPI_display.o
 .debug_info    0x00000373     0x1af8 ./Core/Src/main.o
 .debug_info    0x00001e6b      0xc9b ./Core/Src/stm32f1xx_hal_msp.o
 .debug_info    0x00002b06      0x9a8 ./Core/Src/stm32f1xx_hal_timebase_tim.o
 .debug_info    0x000034ae      0xbe8 ./Core/Src/stm32f1xx_it.o
 .debug_info    0x00004096      0x222 ./Core/Src/system_stm32f1xx.o
 .debug_info    0x000042b8       0x30 ./Core/Startup/startup_stm32f103c8tx.o
 .debug_info    0x000042e8      0x704 ./Drivers/STM32F1xx_HAL_Driver/Src/stm32f1xx_hal.o
 .debug_info    0x000049ec      0xc50 ./Drivers/STM32F1xx_HAL_Driver/Src/stm32f1xx_hal_adc.o
 .debug_info    0x0000563c      0xa10 ./Drivers/STM32F1xx_HAL_Driver/Src/stm32f1xx_hal_adc_ex.o
 .debug_info    0x0000604c      0xa87 ./Drivers/STM32F1xx_HAL_Driver/Src/stm32f1xx_hal_cortex.o
 .debug_info    0x00006ad3      0x6d2 ./Drivers/STM32F1xx_HAL_Driver/Src/stm32f1xx_hal_dma.o
 .debug_info    0x000071a5      0x5ab ./Drivers/STM32F1xx_HAL_Driver/Src/stm32f1xx_hal_gpio.o
 .debug_info    0x00007750      0x7d5 ./Drivers/STM32F1xx_HAL_Driver/Src/stm32f1xx_hal_rcc.o
 .debug_info    0x00007f25      0x3c0 ./Drivers/STM32F1xx_HAL_Driver/Src/stm32f1xx_hal_rcc_ex.o
 .debug_info    0x000082e5     0x2959 ./Drivers/STM32F1xx_HAL_Driver/Src/stm32f1xx_hal_tim.o
 .debug_info    0x0000ac3e     0x149b ./Drivers/STM32F1xx_HAL_Driver/Src/stm32f1xx_hal_tim_ex.o
 .debug_info    0x0000c0d9     0x2eed ./Drivers/STM32F1xx_HAL_Driver/Src/stm32f1xx_hal_uart.o
 .debug_info    0x0000efc6     0x403f ./Middlewares/Third_Party/FreeRTOS/Source/CMSIS_RTOS_V2/cmsis_os2.o
 .debug_info    0x00013005      0x2af ./Middlewares/Third_Party/FreeRTOS/Source/list.o
 .debug_info    0x000132b4     0x1b79 ./Middlewares/Third_Party/FreeRTOS/Source/queue.o
 .debug_info    0x00014e2d     0x28ca ./Middlewares/Third_Party/FreeRTOS/Source/tasks.o
 .debug_info    0x000176f7     0x1b50 ./Middlewares/Third_Party/FreeRTOS/Source/timers.o
 .debug_info    0x00019247      0x494 ./Middlewares/Third_Party/FreeRTOS/Source/portable/GCC/ARM_CM3/port.o
 .debug_info    0x000196db      0x4d5 ./Middlewares/Third_Party/FreeRTOS/Source/portable/MemMang/heap_4.o

.debug_abbrev   0x00000000     0x3b49
 .debug_abbrev  0x00000000       0x45 ./Core/Src/freertos.o
 .debug_abbrev  0x00000045      0x188 ./Core/Src/funcoes_SPI_display.o
 .debug_abbrev  0x000001cd      0x2f1 ./Core/Src/main.o
 .debug_abbrev  0x000004be      0x20b ./Core/Src/stm32f1xx_hal_msp.o
 .debug_abbrev  0x000006c9      0x1f3 ./Core/Src/stm32f1xx_hal_timebase_tim.o
 .debug_abbrev  0x000008bc      0x1c8 ./Core/Src/stm32f1xx_it.o
 .debug_abbrev  0x00000a84      0x13f ./Core/Src/system_stm32f1xx.o
 .debug_abbrev  0x00000bc3       0x24 ./Core/Startup/startup_stm32f103c8tx.o
 .debug_abbrev  0x00000be7      0x201 ./Drivers/STM32F1xx_HAL_Driver/Src/stm32f1xx_hal.o
 .debug_abbrev  0x00000de8      0x225 ./Drivers/STM32F1xx_HAL_Driver/Src/stm32f1xx_hal_adc.o
 .debug_abbrev  0x0000100d      0x249 ./Drivers/STM32F1xx_HAL_Driver/Src/stm32f1xx_hal_adc_ex.o
 .debug_abbrev  0x00001256      0x2f8 ./Drivers/STM32F1xx_HAL_Driver/Src/stm32f1xx_hal_cortex.o
 .debug_abbrev  0x0000154e      0x20b ./Drivers/STM32F1xx_HAL_Driver/Src/stm32f1xx_hal_dma.o
 .debug_abbrev  0x00001759      0x1ca ./Drivers/STM32F1xx_HAL_Driver/Src/stm32f1xx_hal_gpio.o
 .debug_abbrev  0x00001923      0x2b3 ./Drivers/STM32F1xx_HAL_Driver/Src/stm32f1xx_hal_rcc.o
 .debug_abbrev  0x00001bd6      0x188 ./Drivers/STM32F1xx_HAL_Driver/Src/stm32f1xx_hal_rcc_ex.o
 .debug_abbrev  0x00001d5e      0x277 ./Drivers/STM32F1xx_HAL_Driver/Src/stm32f1xx_hal_tim.o
 .debug_abbrev  0x00001fd5      0x282 ./Drivers/STM32F1xx_HAL_Driver/Src/stm32f1xx_hal_tim_ex.o
 .debug_abbrev  0x00002257      0x2f8 ./Drivers/STM32F1xx_HAL_Driver/Src/stm32f1xx_hal_uart.o
 .debug_abbrev  0x0000254f      0x561 ./Middlewares/Third_Party/FreeRTOS/Source/CMSIS_RTOS_V2/cmsis_os2.o
 .debug_abbrev  0x00002ab0       0xf5 ./Middlewares/Third_Party/FreeRTOS/Source/list.o
 .debug_abbrev  0x00002ba5      0x3b6 ./Middlewares/Third_Party/FreeRTOS/Source/queue.o
 .debug_abbrev  0x00002f5b      0x411 ./Middlewares/Third_Party/FreeRTOS/Source/tasks.o
 .debug_abbrev  0x0000336c      0x368 ./Middlewares/Third_Party/FreeRTOS/Source/timers.o
 .debug_abbrev  0x000036d4      0x258 ./Middlewares/Third_Party/FreeRTOS/Source/portable/GCC/ARM_CM3/port.o
 .debug_abbrev  0x0000392c      0x21d ./Middlewares/Third_Party/FreeRTOS/Source/portable/MemMang/heap_4.o

.debug_aranges  0x00000000     0x1690
 .debug_aranges
                0x00000000       0x20 ./Core/Src/freertos.o
 .debug_aranges
                0x00000020       0x48 ./Core/Src/funcoes_SPI_display.o
 .debug_aranges
                0x00000068       0xa0 ./Core/Src/main.o
 .debug_aranges
                0x00000108       0x40 ./Core/Src/stm32f1xx_hal_msp.o
 .debug_aranges
                0x00000148       0x30 ./Core/Src/stm32f1xx_hal_timebase_tim.o
 .debug_aranges
                0x00000178       0x88 ./Core/Src/stm32f1xx_it.o
 .debug_aranges
                0x00000200       0x28 ./Core/Src/system_stm32f1xx.o
 .debug_aranges
                0x00000228       0x28 ./Core/Startup/startup_stm32f103c8tx.o
 .debug_aranges
                0x00000250       0xe0 ./Drivers/STM32F1xx_HAL_Driver/Src/stm32f1xx_hal.o
 .debug_aranges
                0x00000330       0xf0 ./Drivers/STM32F1xx_HAL_Driver/Src/stm32f1xx_hal_adc.o
 .debug_aranges
                0x00000420       0x80 ./Drivers/STM32F1xx_HAL_Driver/Src/stm32f1xx_hal_adc_ex.o
 .debug_aranges
                0x000004a0      0x100 ./Drivers/STM32F1xx_HAL_Driver/Src/stm32f1xx_hal_cortex.o
 .debug_aranges
                0x000005a0       0x80 ./Drivers/STM32F1xx_HAL_Driver/Src/stm32f1xx_hal_dma.o
 .debug_aranges
                0x00000620       0x58 ./Drivers/STM32F1xx_HAL_Driver/Src/stm32f1xx_hal_gpio.o
 .debug_aranges
                0x00000678       0x90 ./Drivers/STM32F1xx_HAL_Driver/Src/stm32f1xx_hal_rcc.o
 .debug_aranges
                0x00000708       0x30 ./Drivers/STM32F1xx_HAL_Driver/Src/stm32f1xx_hal_rcc_ex.o
 .debug_aranges
                0x00000738      0x3d0 ./Drivers/STM32F1xx_HAL_Driver/Src/stm32f1xx_hal_tim.o
 .debug_aranges
                0x00000b08      0x168 ./Drivers/STM32F1xx_HAL_Driver/Src/stm32f1xx_hal_tim_ex.o
 .debug_aranges
                0x00000c70      0x208 ./Drivers/STM32F1xx_HAL_Driver/Src/stm32f1xx_hal_uart.o
 .debug_aranges
                0x00000e78      0x2b8 ./Middlewares/Third_Party/FreeRTOS/Source/CMSIS_RTOS_V2/cmsis_os2.o
 .debug_aranges
                0x00001130       0x40 ./Middlewares/Third_Party/FreeRTOS/Source/list.o
 .debug_aranges
                0x00001170      0x158 ./Middlewares/Third_Party/FreeRTOS/Source/queue.o
 .debug_aranges
                0x000012c8      0x208 ./Middlewares/Third_Party/FreeRTOS/Source/tasks.o
 .debug_aranges
                0x000014d0       0xf0 ./Middlewares/Third_Party/FreeRTOS/Source/timers.o
 .debug_aranges
                0x000015c0       0x78 ./Middlewares/Third_Party/FreeRTOS/Source/portable/GCC/ARM_CM3/port.o
 .debug_aranges
                0x00001638       0x58 ./Middlewares/Third_Party/FreeRTOS/Source/portable/MemMang/heap_4.o

.debug_rnglists
                0x00000000     0x118a
 .debug_rnglists
                0x00000000       0x13 ./Core/Src/freertos.o
 .debug_rnglists
                0x00000013       0x34 ./Core/Src/funcoes_SPI_display.o
 .debug_rnglists
                0x00000047       0x7c ./Core/Src/main.o
 .debug_rnglists
                0x000000c3       0x2c ./Core/Src/stm32f1xx_hal_msp.o
 .debug_rnglists
                0x000000ef       0x20 ./Core/Src/stm32f1xx_hal_timebase_tim.o
 .debug_rnglists
                0x0000010f       0x61 ./Core/Src/stm32f1xx_it.o
 .debug_rnglists
                0x00000170       0x1a ./Core/Src/system_stm32f1xx.o
 .debug_rnglists
                0x0000018a       0x19 ./Core/Startup/startup_stm32f103c8tx.o
 .debug_rnglists
                0x000001a3       0xa3 ./Drivers/STM32F1xx_HAL_Driver/Src/stm32f1xx_hal.o
 .debug_rnglists
                0x00000246       0xbc ./Drivers/STM32F1xx_HAL_Driver/Src/stm32f1xx_hal_adc.o
 .debug_rnglists
                0x00000302       0x65 ./Drivers/STM32F1xx_HAL_Driver/Src/stm32f1xx_hal_adc_ex.o
 .debug_rnglists
                0x00000367       0xbb ./Drivers/STM32F1xx_HAL_Driver/Src/stm32f1xx_hal_cortex.o
 .debug_rnglists
                0x00000422       0x64 ./Drivers/STM32F1xx_HAL_Driver/Src/stm32f1xx_hal_dma.o
 .debug_rnglists
                0x00000486       0x3f ./Drivers/STM32F1xx_HAL_Driver/Src/stm32f1xx_hal_gpio.o
 .debug_rnglists
                0x000004c5       0x6c ./Drivers/STM32F1xx_HAL_Driver/Src/stm32f1xx_hal_rcc.o
 .debug_rnglists
                0x00000531       0x21 ./Drivers/STM32F1xx_HAL_Driver/Src/stm32f1xx_hal_rcc_ex.o
 .debug_rnglists
                0x00000552      0x31a ./Drivers/STM32F1xx_HAL_Driver/Src/stm32f1xx_hal_tim.o
 .debug_rnglists
                0x0000086c      0x125 ./Drivers/STM32F1xx_HAL_Driver/Src/stm32f1xx_hal_tim_ex.o
 .debug_rnglists
                0x00000991      0x1bc ./Drivers/STM32F1xx_HAL_Driver/Src/stm32f1xx_hal_uart.o
 .debug_rnglists
                0x00000b4d      0x218 ./Middlewares/Third_Party/FreeRTOS/Source/CMSIS_RTOS_V2/cmsis_os2.o
 .debug_rnglists
                0x00000d65       0x2b ./Middlewares/Third_Party/FreeRTOS/Source/list.o
 .debug_rnglists
                0x00000d90      0x109 ./Middlewares/Third_Party/FreeRTOS/Source/queue.o
 .debug_rnglists
                0x00000e99      0x1a0 ./Middlewares/Third_Party/FreeRTOS/Source/tasks.o
 .debug_rnglists
                0x00001039       0xb8 ./Middlewares/Third_Party/FreeRTOS/Source/timers.o
 .debug_rnglists
                0x000010f1       0x57 ./Middlewares/Third_Party/FreeRTOS/Source/portable/GCC/ARM_CM3/port.o
 .debug_rnglists
                0x00001148       0x42 ./Middlewares/Third_Party/FreeRTOS/Source/portable/MemMang/heap_4.o

.debug_macro    0x00000000    0x1b413
 .debug_macro   0x00000000      0x3ac ./Core/Src/freertos.o
 .debug_macro   0x000003ac      0xacc ./Core/Src/freertos.o
 .debug_macro   0x00000e78      0x190 ./Core/Src/freertos.o
 .debug_macro   0x00001008       0x22 ./Core/Src/freertos.o
 .debug_macro   0x0000102a       0x8e ./Core/Src/freertos.o
 .debug_macro   0x000010b8       0x51 ./Core/Src/freertos.o
 .debug_macro   0x00001109      0x103 ./Core/Src/freertos.o
 .debug_macro   0x0000120c       0x6a ./Core/Src/freertos.o
 .debug_macro   0x00001276      0x1df ./Core/Src/freertos.o
 .debug_macro   0x00001455      0x137 ./Core/Src/freertos.o
 .debug_macro   0x0000158c      0x15a ./Core/Src/freertos.o
 .debug_macro   0x000016e6       0xc9 ./Core/Src/freertos.o
 .debug_macro   0x000017af       0x1c ./Core/Src/freertos.o
 .debug_macro   0x000017cb       0x26 ./Core/Src/freertos.o
 .debug_macro   0x000017f1       0x61 ./Core/Src/freertos.o
 .debug_macro   0x00001852       0x24 ./Core/Src/freertos.o
 .debug_macro   0x00001876       0x43 ./Core/Src/freertos.o
 .debug_macro   0x000018b9       0x34 ./Core/Src/freertos.o
 .debug_macro   0x000018ed      0x364 ./Core/Src/freertos.o
 .debug_macro   0x00001c51       0x16 ./Core/Src/freertos.o
 .debug_macro   0x00001c67       0x4a ./Core/Src/freertos.o
 .debug_macro   0x00001cb1       0x34 ./Core/Src/freertos.o
 .debug_macro   0x00001ce5       0x10 ./Core/Src/freertos.o
 .debug_macro   0x00001cf5       0x58 ./Core/Src/freertos.o
 .debug_macro   0x00001d4d       0x8e ./Core/Src/freertos.o
 .debug_macro   0x00001ddb       0x1c ./Core/Src/freertos.o
 .debug_macro   0x00001df7      0x17e ./Core/Src/freertos.o
 .debug_macro   0x00001f75       0x10 ./Core/Src/freertos.o
 .debug_macro   0x00001f85       0x3c ./Core/Src/freertos.o
 .debug_macro   0x00001fc1      0x4d4 ./Core/Src/freertos.o
 .debug_macro   0x00002495       0xb5 ./Core/Src/freertos.o
 .debug_macro   0x0000254a       0xaa ./Core/Src/freertos.o
 .debug_macro   0x000025f4      0x227 ./Core/Src/freertos.o
 .debug_macro   0x0000281b       0x2e ./Core/Src/freertos.o
 .debug_macro   0x00002849       0x22 ./Core/Src/freertos.o
 .debug_macro   0x0000286b       0x1c ./Core/Src/freertos.o
 .debug_macro   0x00002887       0x22 ./Core/Src/freertos.o
 .debug_macro   0x000028a9       0xbd ./Core/Src/freertos.o
 .debug_macro   0x00002966      0xd23 ./Core/Src/freertos.o
 .debug_macro   0x00003689     0xe09e ./Core/Src/freertos.o
 .debug_macro   0x00011727       0x6d ./Core/Src/freertos.o
 .debug_macro   0x00011794     0x34a2 ./Core/Src/freertos.o
 .debug_macro   0x00014c36       0x56 ./Core/Src/freertos.o
 .debug_macro   0x00014c8c      0x5bc ./Core/Src/freertos.o
 .debug_macro   0x00015248      0x289 ./Core/Src/freertos.o
 .debug_macro   0x000154d1      0x1cb ./Core/Src/freertos.o
 .debug_macro   0x0001569c      0x114 ./Core/Src/freertos.o
 .debug_macro   0x000157b0      0x1b2 ./Core/Src/freertos.o
 .debug_macro   0x00015962       0x27 ./Core/Src/freertos.o
 .debug_macro   0x00015989      0x136 ./Core/Src/freertos.o
 .debug_macro   0x00015abf      0x1bc ./Core/Src/freertos.o
 .debug_macro   0x00015c7b       0x34 ./Core/Src/freertos.o
 .debug_macro   0x00015caf       0x3c ./Core/Src/freertos.o
 .debug_macro   0x00015ceb       0x57 ./Core/Src/freertos.o
 .debug_macro   0x00015d42      0x46a ./Core/Src/freertos.o
 .debug_macro   0x000161ac      0x1b5 ./Core/Src/freertos.o
 .debug_macro   0x00016361       0x87 ./Core/Src/freertos.o
 .debug_macro   0x000163e8      0x240 ./Core/Src/freertos.o
 .debug_macro   0x00016628      0x140 ./Core/Src/freertos.o
 .debug_macro   0x00016768      0x8ed ./Core/Src/freertos.o
 .debug_macro   0x00017055      0x28e ./Core/Src/freertos.o
 .debug_macro   0x000172e3       0x83 ./Core/Src/freertos.o
 .debug_macro   0x00017366       0x16 ./Core/Src/freertos.o
 .debug_macro   0x0001737c       0x20 ./Core/Src/freertos.o
 .debug_macro   0x0001739c       0x16 ./Core/Src/freertos.o
 .debug_macro   0x000173b2       0x16 ./Core/Src/freertos.o
 .debug_macro   0x000173c8       0x29 ./Core/Src/freertos.o
 .debug_macro   0x000173f1       0x1c ./Core/Src/freertos.o
 .debug_macro   0x0001740d       0x10 ./Core/Src/freertos.o
 .debug_macro   0x0001741d       0x1c ./Core/Src/freertos.o
 .debug_macro   0x00017439       0x16 ./Core/Src/freertos.o
 .debug_macro   0x0001744f      0x146 ./Core/Src/freertos.o
 .debug_macro   0x00017595       0x6c ./Core/Src/freertos.o
 .debug_macro   0x00017601       0x74 ./Core/Src/freertos.o
 .debug_macro   0x00017675       0xdd ./Core/Src/freertos.o
 .debug_macro   0x00017752       0xcb ./Core/Src/freertos.o
 .debug_macro   0x0001781d      0x3bc ./Core/Src/funcoes_SPI_display.o
 .debug_macro   0x00017bd9       0x5c ./Core/Src/funcoes_SPI_display.o
 .debug_macro   0x00017c35       0x10 ./Core/Src/funcoes_SPI_display.o
 .debug_macro   0x00017c45      0x137 ./Core/Src/funcoes_SPI_display.o
 .debug_macro   0x00017d7c       0x16 ./Core/Src/funcoes_SPI_display.o
 .debug_macro   0x00017d92       0x66 ./Core/Src/funcoes_SPI_display.o
 .debug_macro   0x00017df8      0x3b2 ./Core/Src/main.o
 .debug_macro   0x000181aa      0x3b2 ./Core/Src/stm32f1xx_hal_msp.o
 .debug_macro   0x0001855c      0x1b7 ./Core/Src/stm32f1xx_hal_timebase_tim.o
 .debug_macro   0x00018713      0x3bc ./Core/Src/stm32f1xx_it.o
 .debug_macro   0x00018acf      0x1b7 ./Core/Src/system_stm32f1xx.o
 .debug_macro   0x00018c86      0x1db ./Drivers/STM32F1xx_HAL_Driver/Src/stm32f1xx_hal.o
 .debug_macro   0x00018e61      0x1d4 ./Drivers/STM32F1xx_HAL_Driver/Src/stm32f1xx_hal_adc.o
 .debug_macro   0x00019035      0x1c9 ./Drivers/STM32F1xx_HAL_Driver/Src/stm32f1xx_hal_adc_ex.o
 .debug_macro   0x000191fe      0x1b7 ./Drivers/STM32F1xx_HAL_Driver/Src/stm32f1xx_hal_cortex.o
 .debug_macro   0x000193b5      0x1b7 ./Drivers/STM32F1xx_HAL_Driver/Src/stm32f1xx_hal_dma.o
 .debug_macro   0x0001956c      0x222 ./Drivers/STM32F1xx_HAL_Driver/Src/stm32f1xx_hal_gpio.o
 .debug_macro   0x0001978e      0x1c9 ./Drivers/STM32F1xx_HAL_Driver/Src/stm32f1xx_hal_rcc.o
 .debug_macro   0x00019957      0x1b7 ./Drivers/STM32F1xx_HAL_Driver/Src/stm32f1xx_hal_rcc_ex.o
 .debug_macro   0x00019b0e      0x1b8 ./Drivers/STM32F1xx_HAL_Driver/Src/stm32f1xx_hal_tim.o
 .debug_macro   0x00019cc6      0x1b7 ./Drivers/STM32F1xx_HAL_Driver/Src/stm32f1xx_hal_tim_ex.o
 .debug_macro   0x00019e7d      0x1b8 ./Drivers/STM32F1xx_HAL_Driver/Src/stm32f1xx_hal_uart.o
 .debug_macro   0x0001a035      0x3c5 ./Middlewares/Third_Party/FreeRTOS/Source/CMSIS_RTOS_V2/cmsis_os2.o
 .debug_macro   0x0001a3fa       0x10 ./Middlewares/Third_Party/FreeRTOS/Source/CMSIS_RTOS_V2/cmsis_os2.o
 .debug_macro   0x0001a40a       0xb7 ./Middlewares/Third_Party/FreeRTOS/Source/CMSIS_RTOS_V2/cmsis_os2.o
 .debug_macro   0x0001a4c1       0x91 ./Middlewares/Third_Party/FreeRTOS/Source/CMSIS_RTOS_V2/cmsis_os2.o
 .debug_macro   0x0001a552       0x8d ./Middlewares/Third_Party/FreeRTOS/Source/CMSIS_RTOS_V2/cmsis_os2.o
 .debug_macro   0x0001a5df       0x9a ./Middlewares/Third_Party/FreeRTOS/Source/CMSIS_RTOS_V2/cmsis_os2.o
 .debug_macro   0x0001a679       0x22 ./Middlewares/Third_Party/FreeRTOS/Source/CMSIS_RTOS_V2/cmsis_os2.o
 .debug_macro   0x0001a69b       0x28 ./Middlewares/Third_Party/FreeRTOS/Source/CMSIS_RTOS_V2/cmsis_os2.o
 .debug_macro   0x0001a6c3      0x199 ./Middlewares/Third_Party/FreeRTOS/Source/list.o
 .debug_macro   0x0001a85c      0x228 ./Middlewares/Third_Party/FreeRTOS/Source/queue.o
 .debug_macro   0x0001aa84       0x87 ./Middlewares/Third_Party/FreeRTOS/Source/queue.o
 .debug_macro   0x0001ab0b      0x291 ./Middlewares/Third_Party/FreeRTOS/Source/tasks.o
 .debug_macro   0x0001ad9c       0x10 ./Middlewares/Third_Party/FreeRTOS/Source/tasks.o
 .debug_macro   0x0001adac      0x1ee ./Middlewares/Third_Party/FreeRTOS/Source/timers.o
 .debug_macro   0x0001af9a       0x97 ./Middlewares/Third_Party/FreeRTOS/Source/timers.o
 .debug_macro   0x0001b031      0x222 ./Middlewares/Third_Party/FreeRTOS/Source/portable/GCC/ARM_CM3/port.o
 .debug_macro   0x0001b253      0x1c0 ./Middlewares/Third_Party/FreeRTOS/Source/portable/MemMang/heap_4.o

.debug_line     0x00000000    0x1a456
 .debug_line    0x00000000      0xa46 ./Core/Src/freertos.o
 .debug_line    0x00000a46      0xc9f ./Core/Src/funcoes_SPI_display.o
 .debug_line    0x000016e5      0xfb2 ./Core/Src/main.o
 .debug_line    0x00002697      0xb41 ./Core/Src/stm32f1xx_hal_msp.o
 .debug_line    0x000031d8      0x7b0 ./Core/Src/stm32f1xx_hal_timebase_tim.o
 .debug_line    0x00003988      0xb86 ./Core/Src/stm32f1xx_it.o
 .debug_line    0x0000450e      0x7b0 ./Core/Src/system_stm32f1xx.o
 .debug_line    0x00004cbe       0x78 ./Core/Startup/startup_stm32f103c8tx.o
 .debug_line    0x00004d36      0x9e4 ./Drivers/STM32F1xx_HAL_Driver/Src/stm32f1xx_hal.o
 .debug_line    0x0000571a     0x1006 ./Drivers/STM32F1xx_HAL_Driver/Src/stm32f1xx_hal_adc.o
 .debug_line    0x00006720      0xd28 ./Drivers/STM32F1xx_HAL_Driver/Src/stm32f1xx_hal_adc_ex.o
 .debug_line    0x00007448      0xbab ./Drivers/STM32F1xx_HAL_Driver/Src/stm32f1xx_hal_cortex.o
 .debug_line    0x00007ff3      0xdeb ./Drivers/STM32F1xx_HAL_Driver/Src/stm32f1xx_hal_dma.o
 .debug_line    0x00008dde      0xa3b ./Drivers/STM32F1xx_HAL_Driver/Src/stm32f1xx_hal_gpio.o
 .debug_line    0x00009819      0xe9a ./Drivers/STM32F1xx_HAL_Driver/Src/stm32f1xx_hal_rcc.o
 .debug_line    0x0000a6b3      0x94b ./Drivers/STM32F1xx_HAL_Driver/Src/stm32f1xx_hal_rcc_ex.o
 .debug_line    0x0000affe     0x34d5 ./Drivers/STM32F1xx_HAL_Driver/Src/stm32f1xx_hal_tim.o
 .debug_line    0x0000e4d3     0x18a5 ./Drivers/STM32F1xx_HAL_Driver/Src/stm32f1xx_hal_tim_ex.o
 .debug_line    0x0000fd78     0x24fd ./Drivers/STM32F1xx_HAL_Driver/Src/stm32f1xx_hal_uart.o
 .debug_line    0x00012275     0x2528 ./Middlewares/Third_Party/FreeRTOS/Source/CMSIS_RTOS_V2/cmsis_os2.o
 .debug_line    0x0001479d      0x79b ./Middlewares/Third_Party/FreeRTOS/Source/list.o
 .debug_line    0x00014f38     0x172f ./Middlewares/Third_Party/FreeRTOS/Source/queue.o
 .debug_line    0x00016667     0x1d3f ./Middlewares/Third_Party/FreeRTOS/Source/tasks.o
 .debug_line    0x000183a6      0xe09 ./Middlewares/Third_Party/FreeRTOS/Source/timers.o
 .debug_line    0x000191af      0x8f6 ./Middlewares/Third_Party/FreeRTOS/Source/portable/GCC/ARM_CM3/port.o
 .debug_line    0x00019aa5      0x9b1 ./Middlewares/Third_Party/FreeRTOS/Source/portable/MemMang/heap_4.o

.debug_str      0x00000000    0x9a590
 .debug_str     0x00000000    0x9a590 ./Core/Src/freertos.o
                              0x90494 (size before relaxing)
 .debug_str     0x0009a590    0x905a2 ./Core/Src/funcoes_SPI_display.o
 .debug_str     0x0009a590    0x91c48 ./Core/Src/main.o
 .debug_str     0x0009a590    0x90e8c ./Core/Src/stm32f1xx_hal_msp.o
 .debug_str     0x0009a590    0x88a9c ./Core/Src/stm32f1xx_hal_timebase_tim.o
 .debug_str     0x0009a590    0x90e51 ./Core/Src/stm32f1xx_it.o
 .debug_str     0x0009a590    0x881d4 ./Core/Src/system_stm32f1xx.o
 .debug_str     0x0009a590       0xb6 ./Core/Startup/startup_stm32f103c8tx.o
 .debug_str     0x0009a590    0x88907 ./Drivers/STM32F1xx_HAL_Driver/Src/stm32f1xx_hal.o
 .debug_str     0x0009a590    0x888b8 ./Drivers/STM32F1xx_HAL_Driver/Src/stm32f1xx_hal_adc.o
 .debug_str     0x0009a590    0x88888 ./Drivers/STM32F1xx_HAL_Driver/Src/stm32f1xx_hal_adc_ex.o
 .debug_str     0x0009a590    0x88853 ./Drivers/STM32F1xx_HAL_Driver/Src/stm32f1xx_hal_cortex.o
 .debug_str     0x0009a590    0x8857d ./Drivers/STM32F1xx_HAL_Driver/Src/stm32f1xx_hal_dma.o
 .debug_str     0x0009a590    0x8855a ./Drivers/STM32F1xx_HAL_Driver/Src/stm32f1xx_hal_gpio.o