../Core/Src/main.c:116:5:main	8	static
../Core/Src/main.c:208:6:SystemClock_Config	88	static
../Core/Src/main.c:254:13:MX_NVIC_Init	8	static
../Core/Src/main.c:278:13:MX_ADC1_Init	24	static
../Core/Src/main.c:325:13:MX_USART1_UART_Init	8	static
../Core/Src/main.c:358:13:MX_GPIO_Init	40	static
../Core/Src/main.c:397:6:HAL_ADC_ConvCpltCallback	40	static
../Core/Src/main.c:418:6:HAL_UART_RxCpltCallback	24	static
../Core/Src/main.c:455:6:StartDefaultTask	16	static
../Core/Src/main.c:498:6:checaBotao	16	static
../Core/Src/main.c:526:6:mostraDisplay	16	static
../Core/Src/main.c:550:6:HAL_TIM_PeriodElapsedCallback	16	static
../Core/Src/main.c:610:6:Error_Handler	4	static,ignoring_inline_asm
