../Core/Src/main.c:174:5:main	1
../Core/Src/main.c:282:6:SystemClock_Config	4
../Core/Src/main.c:328:13:MX_NVIC_Init	1
../Core/Src/main.c:352:13:MX_ADC1_Init	3
../Core/Src/main.c:399:13:MX_USART1_UART_Init	2
../Core/Src/main.c:430:13:MX_DMA_Init	1
../Core/Src/main.c:451:13:MX_GPIO_Init	1
../Core/Src/main.c:495:6:HAL_ADC_ConvCpltCallback	2
../Core/Src/main.c:513:6:HAL_UART_RxCpltCallback	2
../Core/Src/main.c:533:6:StartDefaultTask	1
../Core/Src/main.c:552:6:checaBotao	12
../Core/Src/main.c:618:6:mostraDisplay	51
../Core/Src/main.c:773:6:UART_TX	13
../Core/Src/main.c:826:6:UART_RX	41
../Core/Src/main.c:917:6:HAL_TIM_PeriodElapsedCallback	29
../Core/Src/main.c:1060:6:Error_Handler	1
