../Core/Src/main.c:170:5:main	8	static
../Core/Src/main.c:278:6:SystemClock_Config	88	static
../Core/Src/main.c:324:13:MX_NVIC_Init	8	static
../Core/Src/main.c:348:13:MX_ADC1_Init	24	static
../Core/Src/main.c:395:13:MX_USART1_UART_Init	8	static
../Core/Src/main.c:426:13:MX_DMA_Init	16	static
../Core/Src/main.c:447:13:MX_GPIO_Init	40	static
../Core/Src/main.c:491:6:HAL_ADC_ConvCpltCallback	40	static
../Core/Src/main.c:511:6:HAL_UART_RxCpltCallback	24	static
../Core/Src/main.c:531:6:StartDefaultTask	16	static
../Core/Src/main.c:550:6:checaBotao	32	static
../Core/Src/main.c:621:6:mostraDisplay	40	static
../Core/Src/main.c:737:6:UART_TX	48	static
../Core/Src/main.c:790:6:UART_RX	32	static
../Core/Src/main.c:881:6:HAL_TIM_PeriodElapsedCallback	24	static
../Core/Src/main.c:1030:6:Error_Handler	4	static,ignoring_inline_asm
